   1              		.cpu cortex-m0
   2              		.fpu softvfp
   3              		.eabi_attribute 20, 1
   4              		.eabi_attribute 21, 1
   5              		.eabi_attribute 23, 3
   6              		.eabi_attribute 24, 1
   7              		.eabi_attribute 25, 1
   8              		.eabi_attribute 26, 1
   9              		.eabi_attribute 30, 6
  10              		.eabi_attribute 34, 0
  11              		.eabi_attribute 18, 4
  12              		.code	16
  13              		.file	"ProcessorExpert.c"
  14              		.text
  15              	.Ltext0:
  16              		.cfi_sections	.debug_frame
  17              		.comm	DataReceivedFlg,1,1
  18              		.comm	DataTransmittedFlg,1,1
  19              		.comm	OutData,2,4
  20              		.comm	InData,6,4
  21              		.comm	mma845_tmp,2,2
  22              		.comm	MyI2CPtr,4,4
  23              		.comm	MyTimerPtr,4,4
  24              		.section	.rodata
  25              		.align	2
  26              	.LC4:
  27 0000 74696C74 		.ascii	"tilt =  %d  ang_pos =  %d\000"
  27      203D2020 
  27      25642020 
  27      616E675F 
  27      706F7320 
  28 001a 0000     		.section	.text.main,"ax",%progbits
  29              		.align	2
  30              		.global	main
  31              		.code	16
  32              		.thumb_func
  34              	main:
  35              	.LFB0:
  36              		.file 1 "../Sources/ProcessorExpert.c"
   1:../Sources/ProcessorExpert.c **** /** ###################################################################
   2:../Sources/ProcessorExpert.c **** **     Filename    : ProcessorExpert.c
   3:../Sources/ProcessorExpert.c **** **     Project     : ProcessorExpert
   4:../Sources/ProcessorExpert.c **** **     Processor   : MKL25Z128VLK4
   5:../Sources/ProcessorExpert.c **** **     Version     : Driver 01.01
   6:../Sources/ProcessorExpert.c **** **     Compiler    : IAR ARM C Compiler
   7:../Sources/ProcessorExpert.c **** **     Date/Time   : 2012-08-27, 15:21, # CodeGen: 0
   8:../Sources/ProcessorExpert.c **** **     Abstract    :
   9:../Sources/ProcessorExpert.c **** **         Main module.
  10:../Sources/ProcessorExpert.c **** **         This module contains user's application code.
  11:../Sources/ProcessorExpert.c **** **     Settings    :
  12:../Sources/ProcessorExpert.c **** **     Contents    :
  13:../Sources/ProcessorExpert.c **** **         No public methods
  14:../Sources/ProcessorExpert.c **** **
  15:../Sources/ProcessorExpert.c **** ** ###################################################################*/
  16:../Sources/ProcessorExpert.c **** /* MODULE ProcessorExpert */
  17:../Sources/ProcessorExpert.c **** 
  18:../Sources/ProcessorExpert.c **** 
  19:../Sources/ProcessorExpert.c **** /* Including needed modules to compile this module/procedure */
  20:../Sources/ProcessorExpert.c **** #include "Cpu.h"
  21:../Sources/ProcessorExpert.c **** #include "Events.h"
  22:../Sources/ProcessorExpert.c **** #include "I2C2.h"
  23:../Sources/ProcessorExpert.c **** #include "IO1.h"
  24:../Sources/ProcessorExpert.c **** #include "WAIT1.h"
  25:../Sources/ProcessorExpert.c **** #include "LED1.h"
  26:../Sources/ProcessorExpert.c **** #include "LEDpin1.h"
  27:../Sources/ProcessorExpert.c **** #include "BitIoLdd1.h"
  28:../Sources/ProcessorExpert.c **** #include "TU1.h"
  29:../Sources/ProcessorExpert.c **** #include "CsIO1.h"
  30:../Sources/ProcessorExpert.c **** /* Including shared modules, which are used for whole project */
  31:../Sources/ProcessorExpert.c **** #include "PE_Types.h"
  32:../Sources/ProcessorExpert.c **** #include "PE_Error.h"
  33:../Sources/ProcessorExpert.c **** #include "PE_Const.h"
  34:../Sources/ProcessorExpert.c **** #include "IO_Map.h"
  35:../Sources/ProcessorExpert.c **** 
  36:../Sources/ProcessorExpert.c **** /* User includes (#include below this line is not maintained by Processor Expert) */
  37:../Sources/ProcessorExpert.c **** #include "stdio.h"
  38:../Sources/ProcessorExpert.c **** #include "AS5040.h"
  39:../Sources/ProcessorExpert.c **** #include "mma8453.h"
  40:../Sources/ProcessorExpert.c **** 
  41:../Sources/ProcessorExpert.c **** /* User includes (#include below this line is not maintained by Processor Expert) */
  42:../Sources/ProcessorExpert.c **** extern AS5040data as5040data;
  43:../Sources/ProcessorExpert.c **** extern MMA845X mma845x;
  44:../Sources/ProcessorExpert.c **** 
  45:../Sources/ProcessorExpert.c **** 
  46:../Sources/ProcessorExpert.c **** LDD_TDeviceData *MyI2CPtr;
  47:../Sources/ProcessorExpert.c **** LDD_TDeviceData *MyTimerPtr;
  48:../Sources/ProcessorExpert.c **** 
  49:../Sources/ProcessorExpert.c **** 
  50:../Sources/ProcessorExpert.c **** int main(void)
  51:../Sources/ProcessorExpert.c **** {
  37              		.loc 1 51 0
  38              		.cfi_startproc
  39 0000 80B5     		push	{r7, lr}
  40              	.LCFI0:
  41              		.cfi_def_cfa_offset 8
  42              		.cfi_offset 7, -8
  43              		.cfi_offset 14, -4
  44 0002 00AF     		add	r7, sp, #0
  45              	.LCFI1:
  46              		.cfi_def_cfa_register 7
  52:../Sources/ProcessorExpert.c **** 
  53:../Sources/ProcessorExpert.c ****   /*** Processor Expert internal initialization. DON'T REMOVE THIS CODE!!! ***/
  54:../Sources/ProcessorExpert.c ****   PE_low_level_init();
  47              		.loc 1 54 0
  48 0004 FFF7FEFF 		bl	PE_low_level_init
  55:../Sources/ProcessorExpert.c ****   /*** End of Processor Expert internal initialization.                    ***/
  56:../Sources/ProcessorExpert.c **** 
  57:../Sources/ProcessorExpert.c ****   // Inicjacja I2C
  58:../Sources/ProcessorExpert.c ****   MyI2CPtr = I2C2_Init(NULL);
  49              		.loc 1 58 0
  50 0008 0020     		mov	r0, #0
  51 000a FFF7FEFF 		bl	I2C2_Init
  52 000e 021C     		mov	r2, r0
  53 0010 0F4B     		ldr	r3, .L3
  54 0012 1A60     		str	r2, [r3]
  59:../Sources/ProcessorExpert.c ****  
  60:../Sources/ProcessorExpert.c ****   // Inicjacja Timera
  61:../Sources/ProcessorExpert.c ****   MyTimerPtr = TU1_Init(NULL);
  55              		.loc 1 61 0
  56 0014 0020     		mov	r0, #0
  57 0016 FFF7FEFF 		bl	TU1_Init
  58 001a 021C     		mov	r2, r0
  59 001c 0D4B     		ldr	r3, .L3+4
  60 001e 1A60     		str	r2, [r3]
  62:../Sources/ProcessorExpert.c **** 
  63:../Sources/ProcessorExpert.c ****   
  64:../Sources/ProcessorExpert.c ****     // Inicjacja Akcelerometru MMA855X
  65:../Sources/ProcessorExpert.c ****   MMA845X_Init();
  61              		.loc 1 65 0
  62 0020 FFF7FEFF 		bl	MMA845X_Init
  66:../Sources/ProcessorExpert.c ****   AS5040_Init();
  63              		.loc 1 66 0
  64 0024 FFF7FEFF 		bl	AS5040_Init
  65              	.L2:
  67:../Sources/ProcessorExpert.c ****   
  68:../Sources/ProcessorExpert.c ****   for(;;)
  69:../Sources/ProcessorExpert.c ****   {
  70:../Sources/ProcessorExpert.c **** //	  i++;
  71:../Sources/ProcessorExpert.c **** //	 WAIT1_WaitOSms(1);
  72:../Sources/ProcessorExpert.c **** //	 if(i%25==0)
  73:../Sources/ProcessorExpert.c **** //	 LED1_Neg();
  74:../Sources/ProcessorExpert.c **** 	 AS5040_data_parser();
  66              		.loc 1 74 0
  67 0028 FFF7FEFF 		bl	AS5040_data_parser
  75:../Sources/ProcessorExpert.c **** 	 MMA845X_Poll();
  68              		.loc 1 75 0
  69 002c FFF7FEFF 		bl	MMA845X_Poll
  76:../Sources/ProcessorExpert.c **** 
  77:../Sources/ProcessorExpert.c **** 
  78:../Sources/ProcessorExpert.c **** 
  79:../Sources/ProcessorExpert.c **** 	printf("tilt =  %d  ang_pos =  %d", mma845x.y, as5040data.ang_position);
  70              		.loc 1 79 0
  71 0030 094B     		ldr	r3, .L3+8
  72 0032 5B88     		ldrh	r3, [r3, #2]
  73 0034 1AB2     		sxth	r2, r3
  74 0036 094B     		ldr	r3, .L3+12
  75 0038 1B88     		ldrh	r3, [r3]
  76 003a 1BB2     		sxth	r3, r3
  77 003c 0849     		ldr	r1, .L3+16
  78 003e 081C     		mov	r0, r1
  79 0040 111C     		mov	r1, r2
  80 0042 1A1C     		mov	r2, r3
  81 0044 FFF7FEFF 		bl	printf
  80:../Sources/ProcessorExpert.c **** 	printf("\n");
  82              		.loc 1 80 0
  83 0048 0A20     		mov	r0, #10
  84 004a FFF7FEFF 		bl	putchar
  81:../Sources/ProcessorExpert.c **** 
  82:../Sources/ProcessorExpert.c ****   }
  85              		.loc 1 82 0
  86 004e EBE7     		b	.L2
  87              	.L4:
  88              		.align	2
  89              	.L3:
  90 0050 00000000 		.word	MyI2CPtr
  91 0054 00000000 		.word	MyTimerPtr
  92 0058 00000000 		.word	mma845x
  93 005c 00000000 		.word	as5040data
  94 0060 00000000 		.word	.LC4
  95              		.cfi_endproc
  96              	.LFE0:
  98              		.text
  99              	.Letext0:
 100              		.file 2 "D:/CodeWarrior/CW MCU v10.6/MCU/ARM_GCC_Support/ewl/EWL_C/include/cstdint"
 101              		.file 3 "D:/PlikiI/Synergia/Jacht/workspace_yacht/I2C_1/Generated_Code/PE_Types.h"
 102              		.file 4 "../Sources/AS5040.h"
 103              		.file 5 "../Sources/mma8453.h"
DEFINED SYMBOLS
                            *ABS*:00000000 ProcessorExpert.c
                            *COM*:00000001 DataReceivedFlg
                            *COM*:00000001 DataTransmittedFlg
                            *COM*:00000002 OutData
                            *COM*:00000006 InData
                            *COM*:00000002 mma845_tmp
                            *COM*:00000004 MyI2CPtr
                            *COM*:00000004 MyTimerPtr
C:\Users\SKRA~1\AppData\Local\Temp\ccSn8QqH.s:25     .rodata:00000000 $d
C:\Users\SKRA~1\AppData\Local\Temp\ccSn8QqH.s:29     .text.main:00000000 $t
C:\Users\SKRA~1\AppData\Local\Temp\ccSn8QqH.s:34     .text.main:00000000 main
C:\Users\SKRA~1\AppData\Local\Temp\ccSn8QqH.s:90     .text.main:00000050 $d
                     .debug_frame:00000010 $d

UNDEFINED SYMBOLS
PE_low_level_init
I2C2_Init
TU1_Init
MMA845X_Init
AS5040_Init
AS5040_data_parser
MMA845X_Poll
printf
putchar
mma845x
as5040data
