Archive member included because of file (symbol)

D:/CodeWarrior/CW MCU v10.6/MCU/ARM_GCC_Support/ewl/lib/armv6-m\libc.a(printf.o)
                              ./Sources/ProcessorExpert.o (printf)
D:/CodeWarrior/CW MCU v10.6/MCU/ARM_GCC_Support/ewl/lib/armv6-m\libc.a(exit.o)
                              ./Project_Settings/Startup_Code/__arm_start.o (exit)
D:/CodeWarrior/CW MCU v10.6/MCU/ARM_GCC_Support/ewl/lib/armv6-m\libc.a(memset.o)
                              ./Project_Settings/Startup_Code/__arm_start.o (memset)
D:/CodeWarrior/CW MCU v10.6/MCU/ARM_GCC_Support/ewl/lib/armv6-m\libc.a(printformat_.o)
                              (__pformatter_)
D:/CodeWarrior/CW MCU v10.6/MCU/ARM_GCC_Support/ewl/lib/armv6-m\libc.a(ansi_files.o)
                              D:/CodeWarrior/CW MCU v10.6/MCU/ARM_GCC_Support/ewl/lib/armv6-m\libc.a(printf.o) (__files)
D:/CodeWarrior/CW MCU v10.6/MCU/ARM_GCC_Support/ewl/lib/armv6-m\libc.a(fflush.o)
                              D:/CodeWarrior/CW MCU v10.6/MCU/ARM_GCC_Support/ewl/lib/armv6-m\libc.a(ansi_files.o) (fflush)
D:/CodeWarrior/CW MCU v10.6/MCU/ARM_GCC_Support/ewl/lib/armv6-m\libc.a(fwrite.o)
                              D:/CodeWarrior/CW MCU v10.6/MCU/ARM_GCC_Support/ewl/lib/armv6-m\libc.a(printf.o) (__FileWrite)
D:/CodeWarrior/CW MCU v10.6/MCU/ARM_GCC_Support/ewl/lib/armv6-m\libc.a(__filll_mem.o)
                              D:/CodeWarrior/CW MCU v10.6/MCU/ARM_GCC_Support/ewl/lib/armv6-m\libc.a(memset.o) (__fill_mem)
D:/CodeWarrior/CW MCU v10.6/MCU/ARM_GCC_Support/ewl/lib/armv6-m\libc.a(__memrchr.o)
                              D:/CodeWarrior/CW MCU v10.6/MCU/ARM_GCC_Support/ewl/lib/armv6-m\libc.a(fwrite.o) (__memrchr)
D:/CodeWarrior/CW MCU v10.6/MCU/ARM_GCC_Support/ewl/lib/armv6-m\libc.a(memchr.o)
                              D:/CodeWarrior/CW MCU v10.6/MCU/ARM_GCC_Support/ewl/lib/armv6-m\libc.a(printformat_.o) (memchr)
D:/CodeWarrior/CW MCU v10.6/MCU/ARM_GCC_Support/ewl/lib/armv6-m\libc.a(memcpy.o)
                              D:/CodeWarrior/CW MCU v10.6/MCU/ARM_GCC_Support/ewl/lib/armv6-m\libc.a(fwrite.o) (memcpy)
D:/CodeWarrior/CW MCU v10.6/MCU/ARM_GCC_Support/ewl/lib/armv6-m\libc.a(strchr.o)
                              D:/CodeWarrior/CW MCU v10.6/MCU/ARM_GCC_Support/ewl/lib/armv6-m\libc.a(printformat_.o) (strchr)
D:/CodeWarrior/CW MCU v10.6/MCU/ARM_GCC_Support/ewl/lib/armv6-m\libc.a(strlen.o)
                              D:/CodeWarrior/CW MCU v10.6/MCU/ARM_GCC_Support/ewl/lib/armv6-m\libc.a(printformat_.o) (strlen)
D:/CodeWarrior/CW MCU v10.6/MCU/ARM_GCC_Support/ewl/lib/armv6-m\libc.a(__buffer_io.o)
                              D:/CodeWarrior/CW MCU v10.6/MCU/ARM_GCC_Support/ewl/lib/armv6-m\libc.a(fwrite.o) (__prep_buffer)
d:/codewarrior/cw mcu v10.6/cross_tools/arm-none-eabi-gcc-4_7_3/bin/../lib/gcc/arm-none-eabi/4.7.3/armv6-m\libgcc.a(_udivsi3.o)
                              D:/CodeWarrior/CW MCU v10.6/MCU/ARM_GCC_Support/ewl/lib/armv6-m\libc.a(printformat_.o) (__aeabi_uidiv)
d:/codewarrior/cw mcu v10.6/cross_tools/arm-none-eabi-gcc-4_7_3/bin/../lib/gcc/arm-none-eabi/4.7.3/armv6-m\libgcc.a(_divsi3.o)
                              ./Sources/mma8453.o (__aeabi_idiv)
d:/codewarrior/cw mcu v10.6/cross_tools/arm-none-eabi-gcc-4_7_3/bin/../lib/gcc/arm-none-eabi/4.7.3/armv6-m\libgcc.a(_dvmd_tls.o)
                              d:/codewarrior/cw mcu v10.6/cross_tools/arm-none-eabi-gcc-4_7_3/bin/../lib/gcc/arm-none-eabi/4.7.3/armv6-m\libgcc.a(_udivsi3.o) (__aeabi_idiv0)
d:/codewarrior/cw mcu v10.6/cross_tools/arm-none-eabi-gcc-4_7_3/bin/../lib/gcc/arm-none-eabi/4.7.3/armv6-m\libgcc.a(mulsf3.o)
                              ./Sources/ProcessorExpert.o (__aeabi_fmul)
d:/codewarrior/cw mcu v10.6/cross_tools/arm-none-eabi-gcc-4_7_3/bin/../lib/gcc/arm-none-eabi/4.7.3/armv6-m\libgcc.a(fixsfsi.o)
                              ./Sources/ProcessorExpert.o (__aeabi_f2iz)
d:/codewarrior/cw mcu v10.6/cross_tools/arm-none-eabi-gcc-4_7_3/bin/../lib/gcc/arm-none-eabi/4.7.3/armv6-m\libgcc.a(floatsisf.o)
                              ./Sources/adc_data.o (__aeabi_i2f)
d:/codewarrior/cw mcu v10.6/cross_tools/arm-none-eabi-gcc-4_7_3/bin/../lib/gcc/arm-none-eabi/4.7.3/armv6-m\libgcc.a(divdf3.o)
                              ./Sources/adc_data.o (__aeabi_ddiv)
d:/codewarrior/cw mcu v10.6/cross_tools/arm-none-eabi-gcc-4_7_3/bin/../lib/gcc/arm-none-eabi/4.7.3/armv6-m\libgcc.a(muldf3.o)
                              ./Sources/adc_data.o (__aeabi_dmul)
d:/codewarrior/cw mcu v10.6/cross_tools/arm-none-eabi-gcc-4_7_3/bin/../lib/gcc/arm-none-eabi/4.7.3/armv6-m\libgcc.a(floatsidf.o)
                              ./Sources/adc_data.o (__aeabi_i2d)
d:/codewarrior/cw mcu v10.6/cross_tools/arm-none-eabi-gcc-4_7_3/bin/../lib/gcc/arm-none-eabi/4.7.3/armv6-m\libgcc.a(truncdfsf2.o)
                              ./Sources/adc_data.o (__aeabi_d2f)
d:/codewarrior/cw mcu v10.6/cross_tools/arm-none-eabi-gcc-4_7_3/bin/../lib/gcc/arm-none-eabi/4.7.3/armv6-m\libgcc.a(_clzsi2.o)
                              d:/codewarrior/cw mcu v10.6/cross_tools/arm-none-eabi-gcc-4_7_3/bin/../lib/gcc/arm-none-eabi/4.7.3/armv6-m\libgcc.a(mulsf3.o) (__clzsi2)
D:/CodeWarrior/CW MCU v10.6/MCU/ARM_GCC_Support/ewl/lib/armv6-m\librt.a(gcc_ctor_dtor.o)
                              ./Project_Settings/Startup_Code/__arm_start.o (__init_cpp)
D:/CodeWarrior/CW MCU v10.6/MCU/ARM_GCC_Support/ewl/lib/armv6-m\librt.a(ROMCopy.o)
                              ./Project_Settings/Startup_Code/__arm_start.o (__copy_rom_sections_to_ram)
D:/CodeWarrior/CW MCU v10.6/MCU/ARM_GCC_Support/ewl/lib/armv6-m\librt.a(__arm_eabi_init.o)
                              D:/CodeWarrior/CW MCU v10.6/MCU/ARM_GCC_Support/ewl/lib/armv6-m\libc.a(exit.o) (__destroy_global_chain)

Allocating common symbols
Common symbol       size              file

ADC_koniec          0x1               ./Sources/ProcessorExpert.o
mma845x             0x8               ./Sources/mma8453.o
LtcInData           0x7               ./Sources/ProcessorExpert.o
Voltage             0x4               ./Sources/ProcessorExpert.o
AD1_OutV            0x4               ./Generated_Code/AD1.o
Myout_I2CPtr        0x4               ./Sources/ProcessorExpert.o
curr                0x4               ./Sources/ProcessorExpert.o
as5040data          0xa               ./Sources/AS5040.o
stdout_buff         0x40              D:/CodeWarrior/CW MCU v10.6/MCU/ARM_GCC_Support/ewl/lib/armv6-m\libc.a(ansi_files.o)
mma845_tmp          0x2               ./Sources/mma8453.o
AdcLdd1_DeviceDataPtr
                    0x4               ./Generated_Code/AD1.o
ltc2945             0xc               ./Sources/LTC2945.o
InData              0x6               ./Sources/mma8453.o
powe                0x4               ./Sources/ProcessorExpert.o
Current             0x4               ./Sources/ProcessorExpert.o
MyI2CPtr            0x4               ./Sources/mma8453.o
SR_reg              0x1               ./Generated_Code/Cpu.o
MyTimerPtr          0x4               ./Sources/mma8453.o
Power               0x4               ./Sources/ProcessorExpert.o
Error               0x2               ./Sources/mma8453.o
volt                0x4               ./Sources/ProcessorExpert.o
stdin_buff          0x40              D:/CodeWarrior/CW MCU v10.6/MCU/ARM_GCC_Support/ewl/lib/armv6-m\libc.a(ansi_files.o)
stderr_buff         0x40              D:/CodeWarrior/CW MCU v10.6/MCU/ARM_GCC_Support/ewl/lib/armv6-m\libc.a(ansi_files.o)

Discarded input sections

 .text          0x00000000        0x0 ./Generated_Code/out_I2C.o
 .data          0x00000000        0x0 ./Generated_Code/out_I2C.o
 .bss           0x00000000        0x0 ./Generated_Code/out_I2C.o
 .text.out_I2C_MasterSendBlock
                0x00000000      0x13c ./Generated_Code/out_I2C.o
 .text.out_I2C_MasterReceiveBlock
                0x00000000      0x148 ./Generated_Code/out_I2C.o
 .text          0x00000000        0x0 ./Generated_Code/WAIT1.o
 .data          0x00000000        0x0 ./Generated_Code/WAIT1.o
 .bss           0x00000000        0x0 ./Generated_Code/WAIT1.o
 .text.WAIT1_Wait10Cycles
                0x00000000       0x1c ./Generated_Code/WAIT1.o
 .text.WAIT1_Waitms
                0x00000000       0x30 ./Generated_Code/WAIT1.o
 .text          0x00000000        0x0 ./Generated_Code/Vectors.o
 .data          0x00000000        0x0 ./Generated_Code/Vectors.o
 .bss           0x00000000        0x0 ./Generated_Code/Vectors.o
 .text          0x00000000        0x0 ./Generated_Code/TU1.o
 .data          0x00000000        0x0 ./Generated_Code/TU1.o
 .bss           0x00000000        0x0 ./Generated_Code/TU1.o
 .text.TU1_Deinit
                0x00000000       0x2c ./Generated_Code/TU1.o
 .text          0x00000000        0x0 ./Generated_Code/PE_LDD.o
 .data          0x00000000        0x0 ./Generated_Code/PE_LDD.o
 .bss           0x00000000        0x0 ./Generated_Code/PE_LDD.o
 .rodata.PE_CpuClockConfigurations
                0x00000000       0x28 ./Generated_Code/PE_LDD.o
 .text.PE_FillMemory
                0x00000000       0x28 ./Generated_Code/PE_LDD.o
 .text.PE_PeripheralUsed
                0x00000000       0x70 ./Generated_Code/PE_LDD.o
 .text.LDD_SetClockConfiguration
                0x00000000       0x14 ./Generated_Code/PE_LDD.o
 .text          0x00000000        0x0 ./Generated_Code/LEDred.o
 .data          0x00000000        0x0 ./Generated_Code/LEDred.o
 .bss           0x00000000        0x0 ./Generated_Code/LEDred.o
 .text.LEDred_Deinit
                0x00000000        0x8 ./Generated_Code/LEDred.o
 .text.LEDred_SetRatio16
                0x00000000       0x3c ./Generated_Code/LEDred.o
 .debug_info    0x00000000       0xe3 ./Generated_Code/LEDred.o
 .debug_abbrev  0x00000000       0xa3 ./Generated_Code/LEDred.o
 .debug_loc     0x00000000       0x64 ./Generated_Code/LEDred.o
 .debug_aranges
                0x00000000       0x28 ./Generated_Code/LEDred.o
 .debug_macinfo
                0x00000000    0x2efd7 ./Generated_Code/LEDred.o
 .debug_line    0x00000000      0x28f ./Generated_Code/LEDred.o
 .debug_str     0x00000000      0x17e ./Generated_Code/LEDred.o
 .comment       0x00000000       0x7a ./Generated_Code/LEDred.o
 .ARM.attributes
                0x00000000       0x31 ./Generated_Code/LEDred.o
 .debug_frame   0x00000000       0x4c ./Generated_Code/LEDred.o
 .text          0x00000000        0x0 ./Generated_Code/LEDpin2.o
 .data          0x00000000        0x0 ./Generated_Code/LEDpin2.o
 .bss           0x00000000        0x0 ./Generated_Code/LEDpin2.o
 .debug_info    0x00000000       0x76 ./Generated_Code/LEDpin2.o
 .debug_abbrev  0x00000000       0x28 ./Generated_Code/LEDpin2.o
 .debug_aranges
                0x00000000       0x18 ./Generated_Code/LEDpin2.o
 .debug_macinfo
                0x00000000    0x2ee35 ./Generated_Code/LEDpin2.o
 .debug_line    0x00000000      0x25f ./Generated_Code/LEDpin2.o
 .debug_str     0x00000000      0x12e ./Generated_Code/LEDpin2.o
 .comment       0x00000000       0x7a ./Generated_Code/LEDpin2.o
 .ARM.attributes
                0x00000000       0x31 ./Generated_Code/LEDpin2.o
 .text          0x00000000        0x0 ./Generated_Code/LEDpin1.o
 .data          0x00000000        0x0 ./Generated_Code/LEDpin1.o
 .bss           0x00000000        0x0 ./Generated_Code/LEDpin1.o
 .debug_info    0x00000000       0x76 ./Generated_Code/LEDpin1.o
 .debug_abbrev  0x00000000       0x28 ./Generated_Code/LEDpin1.o
 .debug_aranges
                0x00000000       0x18 ./Generated_Code/LEDpin1.o
 .debug_macinfo
                0x00000000    0x2ee35 ./Generated_Code/LEDpin1.o
 .debug_line    0x00000000      0x25f ./Generated_Code/LEDpin1.o
 .debug_str     0x00000000      0x12e ./Generated_Code/LEDpin1.o
 .comment       0x00000000       0x7a ./Generated_Code/LEDpin1.o
 .ARM.attributes
                0x00000000       0x31 ./Generated_Code/LEDpin1.o
 .text          0x00000000        0x0 ./Generated_Code/LEDgreen.o
 .data          0x00000000        0x0 ./Generated_Code/LEDgreen.o
 .bss           0x00000000        0x0 ./Generated_Code/LEDgreen.o
 .text.LEDgreen_Deinit
                0x00000000        0x8 ./Generated_Code/LEDgreen.o
 .text.LEDgreen_SetRatio16
                0x00000000       0x3c ./Generated_Code/LEDgreen.o
 .debug_info    0x00000000       0xe3 ./Generated_Code/LEDgreen.o
 .debug_abbrev  0x00000000       0xa3 ./Generated_Code/LEDgreen.o
 .debug_loc     0x00000000       0x64 ./Generated_Code/LEDgreen.o
 .debug_aranges
                0x00000000       0x28 ./Generated_Code/LEDgreen.o
 .debug_macinfo
                0x00000000    0x2eff5 ./Generated_Code/LEDgreen.o
 .debug_line    0x00000000      0x293 ./Generated_Code/LEDgreen.o
 .debug_str     0x00000000      0x184 ./Generated_Code/LEDgreen.o
 .comment       0x00000000       0x7a ./Generated_Code/LEDgreen.o
 .ARM.attributes
                0x00000000       0x31 ./Generated_Code/LEDgreen.o
 .debug_frame   0x00000000       0x4c ./Generated_Code/LEDgreen.o
 .text          0x00000000        0x0 ./Generated_Code/IO1.o
 .data          0x00000000        0x0 ./Generated_Code/IO1.o
 .bss           0x00000000        0x0 ./Generated_Code/IO1.o
 .text.InterruptRx
                0x00000000       0x50 ./Generated_Code/IO1.o
 .text.InterruptTx
                0x00000000       0x5c ./Generated_Code/IO1.o
 .text.IO1_Main
                0x00000000       0x68 ./Generated_Code/IO1.o
 .text          0x00000000        0x0 ./Generated_Code/I2C2.o
 .data          0x00000000        0x0 ./Generated_Code/I2C2.o
 .bss           0x00000000        0x0 ./Generated_Code/I2C2.o
 .text.I2C2_Deinit
                0x00000000       0x40 ./Generated_Code/I2C2.o
 .text.I2C2_SelectSlaveDevice
                0x00000000      0x100 ./Generated_Code/I2C2.o
 .text.I2C2_GetError
                0x00000000       0x74 ./Generated_Code/I2C2.o
 .text          0x00000000        0x0 ./Generated_Code/CsIO1.o
 .data          0x00000000        0x0 ./Generated_Code/CsIO1.o
 .bss           0x00000000        0x0 ./Generated_Code/CsIO1.o
 .text          0x00000000        0x0 ./Generated_Code/Cpu.o
 .data          0x00000000        0x0 ./Generated_Code/Cpu.o
 .bss           0x00000000        0x0 ./Generated_Code/Cpu.o
 .text.Cpu_EnableInt
                0x00000000        0xc ./Generated_Code/Cpu.o
 .text          0x00000000        0x0 ./Generated_Code/BitIoLdd2.o
 .data          0x00000000        0x0 ./Generated_Code/BitIoLdd2.o
 .bss           0x00000000        0x0 ./Generated_Code/BitIoLdd2.o
 .text.BitIoLdd2_GetVal
                0x00000000       0x28 ./Generated_Code/BitIoLdd2.o
 .text.BitIoLdd2_ClrVal
                0x00000000       0x1c ./Generated_Code/BitIoLdd2.o
 .text.BitIoLdd2_NegVal
                0x00000000       0x1c ./Generated_Code/BitIoLdd2.o
 .text          0x00000000        0x0 ./Generated_Code/BitIoLdd1.o
 .data          0x00000000        0x0 ./Generated_Code/BitIoLdd1.o
 .bss           0x00000000        0x0 ./Generated_Code/BitIoLdd1.o
 .text.BitIoLdd1_GetVal
                0x00000000       0x28 ./Generated_Code/BitIoLdd1.o
 .text.BitIoLdd1_ClrVal
                0x00000000       0x1c ./Generated_Code/BitIoLdd1.o
 .text.BitIoLdd1_NegVal
                0x00000000       0x1c ./Generated_Code/BitIoLdd1.o
 .text          0x00000000        0x0 ./Generated_Code/AdcLdd1.o
 .data          0x00000000        0x0 ./Generated_Code/AdcLdd1.o
 .bss           0x00000000        0x0 ./Generated_Code/AdcLdd1.o
 .text.AdcLdd1_CancelMeasurement
                0x00000000       0x28 ./Generated_Code/AdcLdd1.o
 .text.AdcLdd1_GetMeasurementCompleteStatus
                0x00000000       0x84 ./Generated_Code/AdcLdd1.o
 .text.AdcLdd1_StartCalibration
                0x00000000       0x44 ./Generated_Code/AdcLdd1.o
 .text          0x00000000        0x0 ./Generated_Code/AD1.o
 .data          0x00000000        0x0 ./Generated_Code/AD1.o
 .bss           0x00000000        0x0 ./Generated_Code/AD1.o
 .text.AD1_Calibrate
                0x00000000       0x80 ./Generated_Code/AD1.o
 .text          0x00000000        0x0 ./Project_Settings/Startup_Code/__arm_start.o
 .data          0x00000000        0x0 ./Project_Settings/Startup_Code/__arm_start.o
 .bss           0x00000000        0x0 ./Project_Settings/Startup_Code/__arm_start.o
 .text.__iar_program_start
                0x00000000        0x4 ./Project_Settings/Startup_Code/__arm_start.o
 .text          0x00000000        0x0 ./Project_Settings/Startup_Code/__arm_end.o
 .data          0x00000000        0x0 ./Project_Settings/Startup_Code/__arm_end.o
 .bss           0x00000000        0x0 ./Project_Settings/Startup_Code/__arm_end.o
 .text          0x00000000        0x0 ./Sources/mma8453.o
 .data          0x00000000        0x0 ./Sources/mma8453.o
 .bss           0x00000000        0x0 ./Sources/mma8453.o
 .text          0x00000000        0x0 ./Sources/adc_data.o
 .data          0x00000000        0x0 ./Sources/adc_data.o
 .bss           0x00000000        0x0 ./Sources/adc_data.o
 .text.copm_power
                0x00000000       0x24 ./Sources/adc_data.o
 .text          0x00000000        0x0 ./Sources/ProcessorExpert.o
 .data          0x00000000        0x0 ./Sources/ProcessorExpert.o
 .bss           0x00000000        0x0 ./Sources/ProcessorExpert.o
 .text          0x00000000        0x0 ./Sources/LTC2945.o
 .data          0x00000000        0x0 ./Sources/LTC2945.o
 .bss           0x00000000        0x0 ./Sources/LTC2945.o
 .data.LtcOutData
                0x00000000        0x4 ./Sources/LTC2945.o
 .text.LTC2945_Init
                0x00000000       0xac ./Sources/LTC2945.o
 .text.LTC2945_Poll
                0x00000000       0xfc ./Sources/LTC2945.o
 COMMON         0x00000000        0xc ./Sources/LTC2945.o
 .text          0x00000000        0x0 ./Sources/Events.o
 .data          0x00000000        0x0 ./Sources/Events.o
 .bss           0x00000000        0x0 ./Sources/Events.o
 .text.IO1_OnBlockReceived
                0x00000000       0x10 ./Sources/Events.o
 .text.IO1_OnBlockSent
                0x00000000       0x10 ./Sources/Events.o
 .text.uart_putchar
                0x00000000       0x78 ./Sources/Events.o
 .text.uart_getchar
                0x00000000       0x70 ./Sources/Events.o
 .text          0x00000000        0x0 ./Sources/AS5040.o
 .data          0x00000000        0x0 ./Sources/AS5040.o
 .bss           0x00000000        0x0 ./Sources/AS5040.o
 .text          0x00000000        0x0 D:/CodeWarrior/CW MCU v10.6/MCU/ARM_GCC_Support/ewl/lib/armv6-m\libc.a(printf.o)
 .data          0x00000000        0x0 D:/CodeWarrior/CW MCU v10.6/MCU/ARM_GCC_Support/ewl/lib/armv6-m\libc.a(printf.o)
 .bss           0x00000000        0x0 D:/CodeWarrior/CW MCU v10.6/MCU/ARM_GCC_Support/ewl/lib/armv6-m\libc.a(printf.o)
 .text          0x00000000        0x0 D:/CodeWarrior/CW MCU v10.6/MCU/ARM_GCC_Support/ewl/lib/armv6-m\libc.a(exit.o)
 .data          0x00000000        0x0 D:/CodeWarrior/CW MCU v10.6/MCU/ARM_GCC_Support/ewl/lib/armv6-m\libc.a(exit.o)
 .bss           0x00000000        0x0 D:/CodeWarrior/CW MCU v10.6/MCU/ARM_GCC_Support/ewl/lib/armv6-m\libc.a(exit.o)
 .text          0x00000000        0x0 D:/CodeWarrior/CW MCU v10.6/MCU/ARM_GCC_Support/ewl/lib/armv6-m\libc.a(memset.o)
 .data          0x00000000        0x0 D:/CodeWarrior/CW MCU v10.6/MCU/ARM_GCC_Support/ewl/lib/armv6-m\libc.a(memset.o)
 .bss           0x00000000        0x0 D:/CodeWarrior/CW MCU v10.6/MCU/ARM_GCC_Support/ewl/lib/armv6-m\libc.a(memset.o)
 .text          0x00000000        0x0 D:/CodeWarrior/CW MCU v10.6/MCU/ARM_GCC_Support/ewl/lib/armv6-m\libc.a(printformat_.o)
 .data          0x00000000        0x0 D:/CodeWarrior/CW MCU v10.6/MCU/ARM_GCC_Support/ewl/lib/armv6-m\libc.a(printformat_.o)
 .bss           0x00000000        0x0 D:/CodeWarrior/CW MCU v10.6/MCU/ARM_GCC_Support/ewl/lib/armv6-m\libc.a(printformat_.o)
 .text          0x00000000        0x0 D:/CodeWarrior/CW MCU v10.6/MCU/ARM_GCC_Support/ewl/lib/armv6-m\libc.a(ansi_files.o)
 .data          0x00000000        0x0 D:/CodeWarrior/CW MCU v10.6/MCU/ARM_GCC_Support/ewl/lib/armv6-m\libc.a(ansi_files.o)
 .bss           0x00000000        0x0 D:/CodeWarrior/CW MCU v10.6/MCU/ARM_GCC_Support/ewl/lib/armv6-m\libc.a(ansi_files.o)
 .text.__flush_line_buffered_output_files
                0x00000000       0x40 D:/CodeWarrior/CW MCU v10.6/MCU/ARM_GCC_Support/ewl/lib/armv6-m\libc.a(ansi_files.o)
 .text.__flush_all
                0x00000000       0x34 D:/CodeWarrior/CW MCU v10.6/MCU/ARM_GCC_Support/ewl/lib/armv6-m\libc.a(ansi_files.o)
 .text          0x00000000        0x0 D:/CodeWarrior/CW MCU v10.6/MCU/ARM_GCC_Support/ewl/lib/armv6-m\libc.a(fflush.o)
 .data          0x00000000        0x0 D:/CodeWarrior/CW MCU v10.6/MCU/ARM_GCC_Support/ewl/lib/armv6-m\libc.a(fflush.o)
 .bss           0x00000000        0x0 D:/CodeWarrior/CW MCU v10.6/MCU/ARM_GCC_Support/ewl/lib/armv6-m\libc.a(fflush.o)
 .text.fflush   0x00000000       0x5e D:/CodeWarrior/CW MCU v10.6/MCU/ARM_GCC_Support/ewl/lib/armv6-m\libc.a(fflush.o)
 .debug_info    0x00000000      0x3e9 D:/CodeWarrior/CW MCU v10.6/MCU/ARM_GCC_Support/ewl/lib/armv6-m\libc.a(fflush.o)
 .debug_abbrev  0x00000000       0xf6 D:/CodeWarrior/CW MCU v10.6/MCU/ARM_GCC_Support/ewl/lib/armv6-m\libc.a(fflush.o)
 .debug_loc     0x00000000       0x54 D:/CodeWarrior/CW MCU v10.6/MCU/ARM_GCC_Support/ewl/lib/armv6-m\libc.a(fflush.o)
 .debug_aranges
                0x00000000       0x20 D:/CodeWarrior/CW MCU v10.6/MCU/ARM_GCC_Support/ewl/lib/armv6-m\libc.a(fflush.o)
 .debug_line    0x00000000       0xb6 D:/CodeWarrior/CW MCU v10.6/MCU/ARM_GCC_Support/ewl/lib/armv6-m\libc.a(fflush.o)
 .debug_str     0x00000000      0x39a D:/CodeWarrior/CW MCU v10.6/MCU/ARM_GCC_Support/ewl/lib/armv6-m\libc.a(fflush.o)
 .comment       0x00000000       0x7a D:/CodeWarrior/CW MCU v10.6/MCU/ARM_GCC_Support/ewl/lib/armv6-m\libc.a(fflush.o)
 .ARM.attributes
                0x00000000       0x31 D:/CodeWarrior/CW MCU v10.6/MCU/ARM_GCC_Support/ewl/lib/armv6-m\libc.a(fflush.o)
 .debug_frame   0x00000000       0x2c D:/CodeWarrior/CW MCU v10.6/MCU/ARM_GCC_Support/ewl/lib/armv6-m\libc.a(fflush.o)
 .text          0x00000000        0x0 D:/CodeWarrior/CW MCU v10.6/MCU/ARM_GCC_Support/ewl/lib/armv6-m\libc.a(fwrite.o)
 .data          0x00000000        0x0 D:/CodeWarrior/CW MCU v10.6/MCU/ARM_GCC_Support/ewl/lib/armv6-m\libc.a(fwrite.o)
 .bss           0x00000000        0x0 D:/CodeWarrior/CW MCU v10.6/MCU/ARM_GCC_Support/ewl/lib/armv6-m\libc.a(fwrite.o)
 .text.fwrite   0x00000000        0x8 D:/CodeWarrior/CW MCU v10.6/MCU/ARM_GCC_Support/ewl/lib/armv6-m\libc.a(fwrite.o)
 .text          0x00000000        0x0 D:/CodeWarrior/CW MCU v10.6/MCU/ARM_GCC_Support/ewl/lib/armv6-m\libc.a(__filll_mem.o)
 .data          0x00000000        0x0 D:/CodeWarrior/CW MCU v10.6/MCU/ARM_GCC_Support/ewl/lib/armv6-m\libc.a(__filll_mem.o)
 .bss           0x00000000        0x0 D:/CodeWarrior/CW MCU v10.6/MCU/ARM_GCC_Support/ewl/lib/armv6-m\libc.a(__filll_mem.o)
 .text          0x00000000        0x0 D:/CodeWarrior/CW MCU v10.6/MCU/ARM_GCC_Support/ewl/lib/armv6-m\libc.a(__memrchr.o)
 .data          0x00000000        0x0 D:/CodeWarrior/CW MCU v10.6/MCU/ARM_GCC_Support/ewl/lib/armv6-m\libc.a(__memrchr.o)
 .bss           0x00000000        0x0 D:/CodeWarrior/CW MCU v10.6/MCU/ARM_GCC_Support/ewl/lib/armv6-m\libc.a(__memrchr.o)
 .text          0x00000000        0x0 D:/CodeWarrior/CW MCU v10.6/MCU/ARM_GCC_Support/ewl/lib/armv6-m\libc.a(memchr.o)
 .data          0x00000000        0x0 D:/CodeWarrior/CW MCU v10.6/MCU/ARM_GCC_Support/ewl/lib/armv6-m\libc.a(memchr.o)
 .bss           0x00000000        0x0 D:/CodeWarrior/CW MCU v10.6/MCU/ARM_GCC_Support/ewl/lib/armv6-m\libc.a(memchr.o)
 .text          0x00000000        0x0 D:/CodeWarrior/CW MCU v10.6/MCU/ARM_GCC_Support/ewl/lib/armv6-m\libc.a(memcpy.o)
 .data          0x00000000        0x0 D:/CodeWarrior/CW MCU v10.6/MCU/ARM_GCC_Support/ewl/lib/armv6-m\libc.a(memcpy.o)
 .bss           0x00000000        0x0 D:/CodeWarrior/CW MCU v10.6/MCU/ARM_GCC_Support/ewl/lib/armv6-m\libc.a(memcpy.o)
 .text          0x00000000        0x0 D:/CodeWarrior/CW MCU v10.6/MCU/ARM_GCC_Support/ewl/lib/armv6-m\libc.a(strchr.o)
 .data          0x00000000        0x0 D:/CodeWarrior/CW MCU v10.6/MCU/ARM_GCC_Support/ewl/lib/armv6-m\libc.a(strchr.o)
 .bss           0x00000000        0x0 D:/CodeWarrior/CW MCU v10.6/MCU/ARM_GCC_Support/ewl/lib/armv6-m\libc.a(strchr.o)
 .text          0x00000000        0x0 D:/CodeWarrior/CW MCU v10.6/MCU/ARM_GCC_Support/ewl/lib/armv6-m\libc.a(strlen.o)
 .data          0x00000000        0x0 D:/CodeWarrior/CW MCU v10.6/MCU/ARM_GCC_Support/ewl/lib/armv6-m\libc.a(strlen.o)
 .bss           0x00000000        0x0 D:/CodeWarrior/CW MCU v10.6/MCU/ARM_GCC_Support/ewl/lib/armv6-m\libc.a(strlen.o)
 .text          0x00000000        0x0 D:/CodeWarrior/CW MCU v10.6/MCU/ARM_GCC_Support/ewl/lib/armv6-m\libc.a(__buffer_io.o)
 .data          0x00000000        0x0 D:/CodeWarrior/CW MCU v10.6/MCU/ARM_GCC_Support/ewl/lib/armv6-m\libc.a(__buffer_io.o)
 .bss           0x00000000        0x0 D:/CodeWarrior/CW MCU v10.6/MCU/ARM_GCC_Support/ewl/lib/armv6-m\libc.a(__buffer_io.o)
 .text.__load_buffer
                0x00000000       0x44 D:/CodeWarrior/CW MCU v10.6/MCU/ARM_GCC_Support/ewl/lib/armv6-m\libc.a(__buffer_io.o)
 .data          0x00000000        0x0 d:/codewarrior/cw mcu v10.6/cross_tools/arm-none-eabi-gcc-4_7_3/bin/../lib/gcc/arm-none-eabi/4.7.3/armv6-m\libgcc.a(_udivsi3.o)
 .bss           0x00000000        0x0 d:/codewarrior/cw mcu v10.6/cross_tools/arm-none-eabi-gcc-4_7_3/bin/../lib/gcc/arm-none-eabi/4.7.3/armv6-m\libgcc.a(_udivsi3.o)
 .data          0x00000000        0x0 d:/codewarrior/cw mcu v10.6/cross_tools/arm-none-eabi-gcc-4_7_3/bin/../lib/gcc/arm-none-eabi/4.7.3/armv6-m\libgcc.a(_divsi3.o)
 .bss           0x00000000        0x0 d:/codewarrior/cw mcu v10.6/cross_tools/arm-none-eabi-gcc-4_7_3/bin/../lib/gcc/arm-none-eabi/4.7.3/armv6-m\libgcc.a(_divsi3.o)
 .data          0x00000000        0x0 d:/codewarrior/cw mcu v10.6/cross_tools/arm-none-eabi-gcc-4_7_3/bin/../lib/gcc/arm-none-eabi/4.7.3/armv6-m\libgcc.a(_dvmd_tls.o)
 .bss           0x00000000        0x0 d:/codewarrior/cw mcu v10.6/cross_tools/arm-none-eabi-gcc-4_7_3/bin/../lib/gcc/arm-none-eabi/4.7.3/armv6-m\libgcc.a(_dvmd_tls.o)
 .data          0x00000000        0x0 d:/codewarrior/cw mcu v10.6/cross_tools/arm-none-eabi-gcc-4_7_3/bin/../lib/gcc/arm-none-eabi/4.7.3/armv6-m\libgcc.a(mulsf3.o)
 .bss           0x00000000        0x0 d:/codewarrior/cw mcu v10.6/cross_tools/arm-none-eabi-gcc-4_7_3/bin/../lib/gcc/arm-none-eabi/4.7.3/armv6-m\libgcc.a(mulsf3.o)
 .data          0x00000000        0x0 d:/codewarrior/cw mcu v10.6/cross_tools/arm-none-eabi-gcc-4_7_3/bin/../lib/gcc/arm-none-eabi/4.7.3/armv6-m\libgcc.a(fixsfsi.o)
 .bss           0x00000000        0x0 d:/codewarrior/cw mcu v10.6/cross_tools/arm-none-eabi-gcc-4_7_3/bin/../lib/gcc/arm-none-eabi/4.7.3/armv6-m\libgcc.a(fixsfsi.o)
 .text          0x00000000       0xa8 d:/codewarrior/cw mcu v10.6/cross_tools/arm-none-eabi-gcc-4_7_3/bin/../lib/gcc/arm-none-eabi/4.7.3/armv6-m\libgcc.a(floatsisf.o)
 .data          0x00000000        0x0 d:/codewarrior/cw mcu v10.6/cross_tools/arm-none-eabi-gcc-4_7_3/bin/../lib/gcc/arm-none-eabi/4.7.3/armv6-m\libgcc.a(floatsisf.o)
 .bss           0x00000000        0x0 d:/codewarrior/cw mcu v10.6/cross_tools/arm-none-eabi-gcc-4_7_3/bin/../lib/gcc/arm-none-eabi/4.7.3/armv6-m\libgcc.a(floatsisf.o)
 .ARM.attributes
                0x00000000       0x2c d:/codewarrior/cw mcu v10.6/cross_tools/arm-none-eabi-gcc-4_7_3/bin/../lib/gcc/arm-none-eabi/4.7.3/armv6-m\libgcc.a(floatsisf.o)
 .debug_frame   0x00000000       0x2c d:/codewarrior/cw mcu v10.6/cross_tools/arm-none-eabi-gcc-4_7_3/bin/../lib/gcc/arm-none-eabi/4.7.3/armv6-m\libgcc.a(floatsisf.o)
 .data          0x00000000        0x0 d:/codewarrior/cw mcu v10.6/cross_tools/arm-none-eabi-gcc-4_7_3/bin/../lib/gcc/arm-none-eabi/4.7.3/armv6-m\libgcc.a(divdf3.o)
 .bss           0x00000000        0x0 d:/codewarrior/cw mcu v10.6/cross_tools/arm-none-eabi-gcc-4_7_3/bin/../lib/gcc/arm-none-eabi/4.7.3/armv6-m\libgcc.a(divdf3.o)
 .data          0x00000000        0x0 d:/codewarrior/cw mcu v10.6/cross_tools/arm-none-eabi-gcc-4_7_3/bin/../lib/gcc/arm-none-eabi/4.7.3/armv6-m\libgcc.a(muldf3.o)
 .bss           0x00000000        0x0 d:/codewarrior/cw mcu v10.6/cross_tools/arm-none-eabi-gcc-4_7_3/bin/../lib/gcc/arm-none-eabi/4.7.3/armv6-m\libgcc.a(muldf3.o)
 .data          0x00000000        0x0 d:/codewarrior/cw mcu v10.6/cross_tools/arm-none-eabi-gcc-4_7_3/bin/../lib/gcc/arm-none-eabi/4.7.3/armv6-m\libgcc.a(floatsidf.o)
 .bss           0x00000000        0x0 d:/codewarrior/cw mcu v10.6/cross_tools/arm-none-eabi-gcc-4_7_3/bin/../lib/gcc/arm-none-eabi/4.7.3/armv6-m\libgcc.a(floatsidf.o)
 .data          0x00000000        0x0 d:/codewarrior/cw mcu v10.6/cross_tools/arm-none-eabi-gcc-4_7_3/bin/../lib/gcc/arm-none-eabi/4.7.3/armv6-m\libgcc.a(truncdfsf2.o)
 .bss           0x00000000        0x0 d:/codewarrior/cw mcu v10.6/cross_tools/arm-none-eabi-gcc-4_7_3/bin/../lib/gcc/arm-none-eabi/4.7.3/armv6-m\libgcc.a(truncdfsf2.o)
 .data          0x00000000        0x0 d:/codewarrior/cw mcu v10.6/cross_tools/arm-none-eabi-gcc-4_7_3/bin/../lib/gcc/arm-none-eabi/4.7.3/armv6-m\libgcc.a(_clzsi2.o)
 .bss           0x00000000        0x0 d:/codewarrior/cw mcu v10.6/cross_tools/arm-none-eabi-gcc-4_7_3/bin/../lib/gcc/arm-none-eabi/4.7.3/armv6-m\libgcc.a(_clzsi2.o)
 .text          0x00000000        0x0 D:/CodeWarrior/CW MCU v10.6/MCU/ARM_GCC_Support/ewl/lib/armv6-m\librt.a(gcc_ctor_dtor.o)
 .data          0x00000000        0x0 D:/CodeWarrior/CW MCU v10.6/MCU/ARM_GCC_Support/ewl/lib/armv6-m\librt.a(gcc_ctor_dtor.o)
 .bss           0x00000000        0x0 D:/CodeWarrior/CW MCU v10.6/MCU/ARM_GCC_Support/ewl/lib/armv6-m\librt.a(gcc_ctor_dtor.o)
 .bss.__dso_handle
                0x00000000        0x4 D:/CodeWarrior/CW MCU v10.6/MCU/ARM_GCC_Support/ewl/lib/armv6-m\librt.a(gcc_ctor_dtor.o)
 .text          0x00000000        0x0 D:/CodeWarrior/CW MCU v10.6/MCU/ARM_GCC_Support/ewl/lib/armv6-m\librt.a(ROMCopy.o)
 .data          0x00000000        0x0 D:/CodeWarrior/CW MCU v10.6/MCU/ARM_GCC_Support/ewl/lib/armv6-m\librt.a(ROMCopy.o)
 .bss           0x00000000        0x0 D:/CodeWarrior/CW MCU v10.6/MCU/ARM_GCC_Support/ewl/lib/armv6-m\librt.a(ROMCopy.o)
 .text.__flush_cache
                0x00000000        0x2 D:/CodeWarrior/CW MCU v10.6/MCU/ARM_GCC_Support/ewl/lib/armv6-m\librt.a(ROMCopy.o)
 .text          0x00000000        0x0 D:/CodeWarrior/CW MCU v10.6/MCU/ARM_GCC_Support/ewl/lib/armv6-m\librt.a(__arm_eabi_init.o)
 .data          0x00000000        0x0 D:/CodeWarrior/CW MCU v10.6/MCU/ARM_GCC_Support/ewl/lib/armv6-m\librt.a(__arm_eabi_init.o)
 .bss           0x00000000        0x0 D:/CodeWarrior/CW MCU v10.6/MCU/ARM_GCC_Support/ewl/lib/armv6-m\librt.a(__arm_eabi_init.o)
 .text.__register_global_object
                0x00000000       0x14 D:/CodeWarrior/CW MCU v10.6/MCU/ARM_GCC_Support/ewl/lib/armv6-m\librt.a(__arm_eabi_init.o)
 .text.__cxa_atexit
                0x00000000       0x38 D:/CodeWarrior/CW MCU v10.6/MCU/ARM_GCC_Support/ewl/lib/armv6-m\librt.a(__arm_eabi_init.o)
 .text.__aeabi_atexit
                0x00000000        0xe D:/CodeWarrior/CW MCU v10.6/MCU/ARM_GCC_Support/ewl/lib/armv6-m\librt.a(__arm_eabi_init.o)
 .text.__register_atexit
                0x00000000        0xc D:/CodeWarrior/CW MCU v10.6/MCU/ARM_GCC_Support/ewl/lib/armv6-m\librt.a(__arm_eabi_init.o)
 .text.__init_hardware
                0x00000000        0x4 D:/CodeWarrior/CW MCU v10.6/MCU/ARM_GCC_Support/ewl/lib/armv6-m\librt.a(__arm_eabi_init.o)
 .bss.atexit_curr_func
                0x00000000        0x4 D:/CodeWarrior/CW MCU v10.6/MCU/ARM_GCC_Support/ewl/lib/armv6-m\librt.a(__arm_eabi_init.o)
 .bss.atexit_funcs
                0x00000000      0x300 D:/CodeWarrior/CW MCU v10.6/MCU/ARM_GCC_Support/ewl/lib/armv6-m\librt.a(__arm_eabi_init.o)

Memory Configuration

Name             Origin             Length             Attributes
m_interrupts     0x00000000         0x000000c0         xr
m_text           0x00000410         0x0001fbf0         xr
m_data_1FFFF000  0x1ffff000         0x00001000         rw
m_data           0x20000000         0x00003000         rw
m_cfmprotrom     0x00000400         0x00000010         xr
*default*        0x00000000         0xffffffff

Linker script and memory map

LOAD ./Generated_Code/out_I2C.o
LOAD ./Generated_Code/WAIT1.o
LOAD ./Generated_Code/Vectors.o
LOAD ./Generated_Code/TU1.o
LOAD ./Generated_Code/PE_LDD.o
LOAD ./Generated_Code/LEDred.o
LOAD ./Generated_Code/LEDpin2.o
LOAD ./Generated_Code/LEDpin1.o
LOAD ./Generated_Code/LEDgreen.o
LOAD ./Generated_Code/IO1.o
LOAD ./Generated_Code/I2C2.o
LOAD ./Generated_Code/CsIO1.o
LOAD ./Generated_Code/Cpu.o
LOAD ./Generated_Code/BitIoLdd2.o
LOAD ./Generated_Code/BitIoLdd1.o
LOAD ./Generated_Code/AdcLdd1.o
LOAD ./Generated_Code/AD1.o
LOAD ./Project_Settings/Startup_Code/__arm_start.o
LOAD ./Project_Settings/Startup_Code/__arm_end.o
LOAD ./Sources/mma8453.o
LOAD ./Sources/adc_data.o
LOAD ./Sources/ProcessorExpert.o
LOAD ./Sources/LTC2945.o
LOAD ./Sources/Events.o
LOAD ./Sources/AS5040.o
                0x00003420                __pformatter = __pformatter_
START GROUP
LOAD D:/CodeWarrior/CW MCU v10.6/MCU/ARM_GCC_Support/ewl/lib/armv6-m\libc.a
LOAD D:/CodeWarrior/CW MCU v10.6/MCU/ARM_GCC_Support/ewl/lib/armv6-m\libm.a
LOAD d:/codewarrior/cw mcu v10.6/cross_tools/arm-none-eabi-gcc-4_7_3/bin/../lib/gcc/arm-none-eabi/4.7.3/armv6-m\libgcc.a
LOAD D:/CodeWarrior/CW MCU v10.6/MCU/ARM_GCC_Support/ewl/lib/armv6-m\libuart.a
LOAD D:/CodeWarrior/CW MCU v10.6/MCU/ARM_GCC_Support/ewl/lib/armv6-m\librt.a
END GROUP
                0x20003000                _estack = 0x20003000
                0x20003000                __SP_INIT = _estack
                0x00000000                __heap_size = 0x0
                0x00000400                __stack_size = 0x400

.interrupts     0x00000000       0xc0
                0x00000000                __vector_table = .
                0x00000000                . = ALIGN (0x4)
 *(.vectortable)
 .vectortable   0x00000000       0xc0 ./Generated_Code/Vectors.o
                0x00000000                __vect_table
                0x000000c0                . = ALIGN (0x4)

.cfmprotect     0x00000400        0x0
                0x00000400                . = ALIGN (0x4)
 *(.cfmconfig)
                0x00000400                . = ALIGN (0x4)

.text           0x00000410     0x3904
                0x00000410                . = ALIGN (0x4)
 *(.text)
 .text          0x00000410       0x9c d:/codewarrior/cw mcu v10.6/cross_tools/arm-none-eabi-gcc-4_7_3/bin/../lib/gcc/arm-none-eabi/4.7.3/armv6-m\libgcc.a(_udivsi3.o)
                0x00000410                __aeabi_uidiv
                0x00000410                __udivsi3
                0x00000498                __aeabi_uidivmod
 .text          0x000004ac       0xc0 d:/codewarrior/cw mcu v10.6/cross_tools/arm-none-eabi-gcc-4_7_3/bin/../lib/gcc/arm-none-eabi/4.7.3/armv6-m\libgcc.a(_divsi3.o)
                0x000004ac                __divsi3
                0x000004ac                __aeabi_idiv
                0x00000558                __aeabi_idivmod
 .text          0x0000056c        0x4 d:/codewarrior/cw mcu v10.6/cross_tools/arm-none-eabi-gcc-4_7_3/bin/../lib/gcc/arm-none-eabi/4.7.3/armv6-m\libgcc.a(_dvmd_tls.o)
                0x0000056c                __aeabi_idiv0
                0x0000056c                __aeabi_ldiv0
 .text          0x00000570      0x260 d:/codewarrior/cw mcu v10.6/cross_tools/arm-none-eabi-gcc-4_7_3/bin/../lib/gcc/arm-none-eabi/4.7.3/armv6-m\libgcc.a(mulsf3.o)
                0x00000570                __aeabi_fmul
 .text          0x000007d0       0x40 d:/codewarrior/cw mcu v10.6/cross_tools/arm-none-eabi-gcc-4_7_3/bin/../lib/gcc/arm-none-eabi/4.7.3/armv6-m\libgcc.a(fixsfsi.o)
                0x000007d0                __aeabi_f2iz
 .text          0x00000810      0x5b8 d:/codewarrior/cw mcu v10.6/cross_tools/arm-none-eabi-gcc-4_7_3/bin/../lib/gcc/arm-none-eabi/4.7.3/armv6-m\libgcc.a(divdf3.o)
                0x00000810                __aeabi_ddiv
 .text          0x00000dc8      0x4e4 d:/codewarrior/cw mcu v10.6/cross_tools/arm-none-eabi-gcc-4_7_3/bin/../lib/gcc/arm-none-eabi/4.7.3/armv6-m\libgcc.a(muldf3.o)
                0x00000dc8                __aeabi_dmul
 .text          0x000012ac       0x74 d:/codewarrior/cw mcu v10.6/cross_tools/arm-none-eabi-gcc-4_7_3/bin/../lib/gcc/arm-none-eabi/4.7.3/armv6-m\libgcc.a(floatsidf.o)
                0x000012ac                __aeabi_i2d
 .text          0x00001320      0x134 d:/codewarrior/cw mcu v10.6/cross_tools/arm-none-eabi-gcc-4_7_3/bin/../lib/gcc/arm-none-eabi/4.7.3/armv6-m\libgcc.a(truncdfsf2.o)
                0x00001320                __aeabi_d2f
 .text          0x00001454       0x3c d:/codewarrior/cw mcu v10.6/cross_tools/arm-none-eabi-gcc-4_7_3/bin/../lib/gcc/arm-none-eabi/4.7.3/armv6-m\libgcc.a(_clzsi2.o)
                0x00001454                __clzsi2
 *(.text*)
 .text.out_I2C_Interrupt
                0x00001490      0x208 ./Generated_Code/out_I2C.o
                0x00001490                out_I2C_Interrupt
 .text.out_I2C_Init
                0x00001698      0x114 ./Generated_Code/out_I2C.o
                0x00001698                out_I2C_Init
 .text.WAIT1_Wait100Cycles
                0x000017ac       0x30 ./Generated_Code/WAIT1.o
                0x000017ac                WAIT1_Wait100Cycles
 .text.WAIT1_WaitCycles
                0x000017dc       0x2c ./Generated_Code/WAIT1.o
                0x000017dc                WAIT1_WaitCycles
 .text.TU1_Init
                0x00001808       0xcc ./Generated_Code/TU1.o
                0x00001808                TU1_Init
 .text.TU1_Interrupt
                0x000018d4       0x5c ./Generated_Code/TU1.o
                0x000018d4                TU1_Interrupt
 .text.IO1_Init
                0x00001930      0x160 ./Generated_Code/IO1.o
                0x00001930                IO1_Init
 .text.I2C2_Interrupt
                0x00001a90      0x2b8 ./Generated_Code/I2C2.o
                0x00001a90                I2C2_Interrupt
 .text.I2C2_Init
                0x00001d48      0x11c ./Generated_Code/I2C2.o
                0x00001d48                I2C2_Init
 .text.I2C2_MasterSendBlock
                0x00001e64      0x19c ./Generated_Code/I2C2.o
                0x00001e64                I2C2_MasterSendBlock
 .text.I2C2_MasterReceiveBlock
                0x00002000      0x19c ./Generated_Code/I2C2.o
                0x00002000                I2C2_MasterReceiveBlock
 .text.__read_console
                0x0000219c       0x8c ./Generated_Code/CsIO1.o
                0x0000219c                __read_console
 .text.__write_console
                0x00002228       0x7c ./Generated_Code/CsIO1.o
                0x00002228                __write_console
 .text.__close_console
                0x000022a4       0x14 ./Generated_Code/CsIO1.o
                0x000022a4                __close_console
 .text.Cpu_INT_NMIInterrupt
                0x000022b8        0xc ./Generated_Code/Cpu.o
                0x000022b8                Cpu_INT_NMIInterrupt
 .text.Cpu_Interrupt
                0x000022c4        0xc ./Generated_Code/Cpu.o
                0x000022c4                Cpu_Interrupt
 .text.__init_hardware
                0x000022d0      0x174 ./Generated_Code/Cpu.o
                0x000022d0                __init_hardware
 .text.PE_low_level_init
                0x00002444       0xf8 ./Generated_Code/Cpu.o
                0x00002444                PE_low_level_init
 .text.BitIoLdd2_Init
                0x0000253c       0x68 ./Generated_Code/BitIoLdd2.o
                0x0000253c                BitIoLdd2_Init
 .text.BitIoLdd2_SetVal
                0x000025a4       0x1c ./Generated_Code/BitIoLdd2.o
                0x000025a4                BitIoLdd2_SetVal
 .text.BitIoLdd1_Init
                0x000025c0       0x68 ./Generated_Code/BitIoLdd1.o
                0x000025c0                BitIoLdd1_Init
 .text.BitIoLdd1_SetVal
                0x00002628       0x1c ./Generated_Code/BitIoLdd1.o
                0x00002628                BitIoLdd1_SetVal
 .text.AdcLdd1_Init
                0x00002644       0xd4 ./Generated_Code/AdcLdd1.o
                0x00002644                AdcLdd1_Init
 .text.AdcLdd1_StartSingleMeasurement
                0x00002718       0x44 ./Generated_Code/AdcLdd1.o
                0x00002718                AdcLdd1_StartSingleMeasurement
 .text.AdcLdd1_CreateSampleGroup
                0x0000275c       0x6c ./Generated_Code/AdcLdd1.o
                0x0000275c                AdcLdd1_CreateSampleGroup
 .text.AdcLdd1_GetMeasuredValues
                0x000027c8       0x60 ./Generated_Code/AdcLdd1.o
                0x000027c8                AdcLdd1_GetMeasuredValues
 .text.AdcLdd1_GetCalibrationResultStatus
                0x00002828       0xb8 ./Generated_Code/AdcLdd1.o
                0x00002828                AdcLdd1_GetCalibrationResultStatus
 .text.AdcLdd1_MeasurementCompleteInterrupt
                0x000028e0       0x30 ./Generated_Code/AdcLdd1.o
                0x000028e0                AdcLdd1_MeasurementCompleteInterrupt
 .text.ClrSumV  0x00002910       0x18 ./Generated_Code/AD1.o
 .text.AD1_HWEnDi
                0x00002928       0x58 ./Generated_Code/AD1.o
                0x00002928                AD1_HWEnDi
 .text.AD1_Measure
                0x00002980       0x48 ./Generated_Code/AD1.o
                0x00002980                AD1_Measure
 .text.AD1_GetValue16
                0x000029c8       0x40 ./Generated_Code/AD1.o
                0x000029c8                AD1_GetValue16
 .text.AdcLdd1_OnMeasurementComplete
                0x00002a08       0xb4 ./Generated_Code/AD1.o
                0x00002a08                AdcLdd1_OnMeasurementComplete
 .text.AD1_Init
                0x00002abc       0x2c ./Generated_Code/AD1.o
                0x00002abc                AD1_Init
 .text.zero_fill_bss
                0x00002ae8       0x24 ./Project_Settings/Startup_Code/__arm_start.o
 .text.__thumb_startup
                0x00002b0c       0x30 ./Project_Settings/Startup_Code/__arm_start.o
                0x00002b0c                __thumb_startup
 .text._ExitProcess
                0x00002b3c        0xc ./Project_Settings/Startup_Code/__arm_end.o
                0x00002b3c                _ExitProcess
 .text.Timer_Interrupt_CB
                0x00002b48       0x38 ./Sources/mma8453.o
                0x00002b48                Timer_Interrupt_CB
 .text.MMA845X_Init
                0x00002b80       0xac ./Sources/mma8453.o
                0x00002b80                MMA845X_Init
 .text.MMA845X_Poll
                0x00002c2c      0x144 ./Sources/mma8453.o
                0x00002c2c                MMA845X_Poll
 .text.MMA845X_filtering
                0x00002d70       0x50 ./Sources/mma8453.o
                0x00002d70                MMA845X_filtering
 .text.vlotage_scaling
                0x00002dc0       0x58 ./Sources/adc_data.o
                0x00002dc0                vlotage_scaling
 .text.copm_current
                0x00002e18       0x48 ./Sources/adc_data.o
                0x00002e18                copm_current
 .text.main     0x00002e60      0x168 ./Sources/ProcessorExpert.o
                0x00002e60                main
 .text.TU1_OnCounterRestart
                0x00002fc8       0x14 ./Sources/Events.o
                0x00002fc8                TU1_OnCounterRestart
 .text.I2C2_OnMasterBlockSent
                0x00002fdc       0x18 ./Sources/Events.o
                0x00002fdc                I2C2_OnMasterBlockSent
 .text.I2C2_OnMasterBlockReceived
                0x00002ff4       0x18 ./Sources/Events.o
                0x00002ff4                I2C2_OnMasterBlockReceived
 .text.I2C2_OnError
                0x0000300c       0x10 ./Sources/Events.o
                0x0000300c                I2C2_OnError
 .text.Cpu_OnNMIINT
                0x0000301c        0x8 ./Sources/Events.o
                0x0000301c                Cpu_OnNMIINT
 .text.out_I2C_OnMasterBlockSent
                0x00003024       0x18 ./Sources/Events.o
                0x00003024                out_I2C_OnMasterBlockSent
 .text.out_I2C_OnMasterBlockReceived
                0x0000303c       0x18 ./Sources/Events.o
                0x0000303c                out_I2C_OnMasterBlockReceived
 .text.AD1_OnEnd
                0x00003054       0x14 ./Sources/Events.o
                0x00003054                AD1_OnEnd
 .text.AD1_OnCalibrationEnd
                0x00003068        0x8 ./Sources/Events.o
                0x00003068                AD1_OnCalibrationEnd
 .text.AS5040_Init
                0x00003070       0x64 ./Sources/AS5040.o
                0x00003070                AS5040_Init
 .text.AS5040_Data_read
                0x000030d4       0x8c ./Sources/AS5040.o
                0x000030d4                AS5040_Data_read
 .text.AS5040_data_parser
                0x00003160       0xb8 ./Sources/AS5040.o
                0x00003160                AS5040_data_parser
 .text.printf   0x00003218       0x28 D:/CodeWarrior/CW MCU v10.6/MCU/ARM_GCC_Support/ewl/lib/armv6-m\libc.a(printf.o)
                0x00003218                printf
 .text.exit     0x00003240       0x38 D:/CodeWarrior/CW MCU v10.6/MCU/ARM_GCC_Support/ewl/lib/armv6-m\libc.a(exit.o)
                0x00003240                exit
 .text.memset   0x00003278        0xc D:/CodeWarrior/CW MCU v10.6/MCU/ARM_GCC_Support/ewl/lib/armv6-m\libc.a(memset.o)
                0x00003278                memset
 .text.long2str.isra.0
                0x00003284      0x19c D:/CodeWarrior/CW MCU v10.6/MCU/ARM_GCC_Support/ewl/lib/armv6-m\libc.a(printformat_.o)
 .text.__pformatter_
                0x00003420      0x428 D:/CodeWarrior/CW MCU v10.6/MCU/ARM_GCC_Support/ewl/lib/armv6-m\libc.a(printformat_.o)
                0x00003420                __pformatter_
 .text.__fwrite
                0x00003848      0x160 D:/CodeWarrior/CW MCU v10.6/MCU/ARM_GCC_Support/ewl/lib/armv6-m\libc.a(fwrite.o)
                0x00003848                __fwrite
 .text.__FileWrite
                0x000039a8       0x1c D:/CodeWarrior/CW MCU v10.6/MCU/ARM_GCC_Support/ewl/lib/armv6-m\libc.a(fwrite.o)
                0x000039a8                __FileWrite
 .text.__fill_mem
                0x000039c4       0x7e D:/CodeWarrior/CW MCU v10.6/MCU/ARM_GCC_Support/ewl/lib/armv6-m\libc.a(__filll_mem.o)
                0x000039c4                __fill_mem
 .text.__memrchr
                0x00003a42       0x1e D:/CodeWarrior/CW MCU v10.6/MCU/ARM_GCC_Support/ewl/lib/armv6-m\libc.a(__memrchr.o)
                0x00003a42                __memrchr
 .text.memchr   0x00003a60       0x1a D:/CodeWarrior/CW MCU v10.6/MCU/ARM_GCC_Support/ewl/lib/armv6-m\libc.a(memchr.o)
                0x00003a60                memchr
 .text.memcpy   0x00003a7a       0x12 D:/CodeWarrior/CW MCU v10.6/MCU/ARM_GCC_Support/ewl/lib/armv6-m\libc.a(memcpy.o)
                0x00003a7a                memcpy
 .text.strchr   0x00003a8c       0x1e D:/CodeWarrior/CW MCU v10.6/MCU/ARM_GCC_Support/ewl/lib/armv6-m\libc.a(strchr.o)
                0x00003a8c                strchr
 .text.strlen   0x00003aaa       0x10 D:/CodeWarrior/CW MCU v10.6/MCU/ARM_GCC_Support/ewl/lib/armv6-m\libc.a(strlen.o)
                0x00003aaa                strlen
 .text.__prep_buffer
                0x00003aba       0x14 D:/CodeWarrior/CW MCU v10.6/MCU/ARM_GCC_Support/ewl/lib/armv6-m\libc.a(__buffer_io.o)
                0x00003aba                __prep_buffer
 .text.__flush_buffer
                0x00003ace       0x38 D:/CodeWarrior/CW MCU v10.6/MCU/ARM_GCC_Support/ewl/lib/armv6-m\libc.a(__buffer_io.o)
                0x00003ace                __flush_buffer
 *fill*         0x00003b06        0x2 00
 .text.__init_cpp
                0x00003b08       0x48 D:/CodeWarrior/CW MCU v10.6/MCU/ARM_GCC_Support/ewl/lib/armv6-m\librt.a(gcc_ctor_dtor.o)
                0x00003b08                __init_cpp
 .text.__fini_cpp
                0x00003b50       0x34 D:/CodeWarrior/CW MCU v10.6/MCU/ARM_GCC_Support/ewl/lib/armv6-m\librt.a(gcc_ctor_dtor.o)
                0x00003b50                __fini_cpp
 .text.__copy_rom_section
                0x00003b84       0x48 D:/CodeWarrior/CW MCU v10.6/MCU/ARM_GCC_Support/ewl/lib/armv6-m\librt.a(ROMCopy.o)
                0x00003b84                __copy_rom_section
 .text.__copy_rom_sections_to_ram
                0x00003bcc       0x34 D:/CodeWarrior/CW MCU v10.6/MCU/ARM_GCC_Support/ewl/lib/armv6-m\librt.a(ROMCopy.o)
                0x00003bcc                __copy_rom_sections_to_ram
 .text.__destroy_global_chain
                0x00003c00       0x1c D:/CodeWarrior/CW MCU v10.6/MCU/ARM_GCC_Support/ewl/lib/armv6-m\librt.a(__arm_eabi_init.o)
                0x00003c00                __destroy_global_chain
 .text.__init_registers
                0x00003c1c       0x1c D:/CodeWarrior/CW MCU v10.6/MCU/ARM_GCC_Support/ewl/lib/armv6-m\librt.a(__arm_eabi_init.o)
                0x00003c1c                __init_registers
 .text.__init_user
                0x00003c38        0x4 D:/CodeWarrior/CW MCU v10.6/MCU/ARM_GCC_Support/ewl/lib/armv6-m\librt.a(__arm_eabi_init.o)
                0x00003c38                __init_user
 *(.rodata)
 .rodata        0x00003c3c        0x8 ./Sources/ProcessorExpert.o
 .rodata        0x00003c44       0x40 d:/codewarrior/cw mcu v10.6/cross_tools/arm-none-eabi-gcc-4_7_3/bin/../lib/gcc/arm-none-eabi/4.7.3/armv6-m\libgcc.a(mulsf3.o)
 .rodata        0x00003c84       0x40 d:/codewarrior/cw mcu v10.6/cross_tools/arm-none-eabi-gcc-4_7_3/bin/../lib/gcc/arm-none-eabi/4.7.3/armv6-m\libgcc.a(divdf3.o)
 .rodata        0x00003cc4       0x40 d:/codewarrior/cw mcu v10.6/cross_tools/arm-none-eabi-gcc-4_7_3/bin/../lib/gcc/arm-none-eabi/4.7.3/armv6-m\libgcc.a(muldf3.o)
 *(.rodata*)
 .rodata.ChannelToPin
                0x00003d04        0x4 ./Generated_Code/AdcLdd1.o
 .rodata.str1.1
                0x00003d08        0x1 D:/CodeWarrior/CW MCU v10.6/MCU/ARM_GCC_Support/ewl/lib/armv6-m\libc.a(printformat_.o)
 .rodata.CSWTCH.20
                0x00003d09        0x5 D:/CodeWarrior/CW MCU v10.6/MCU/ARM_GCC_Support/ewl/lib/armv6-m\libc.a(printformat_.o)
 .rodata.CSWTCH.21
                0x00003d0e        0x5 D:/CodeWarrior/CW MCU v10.6/MCU/ARM_GCC_Support/ewl/lib/armv6-m\libc.a(printformat_.o)
 *(.glue_7)
 .glue_7        0x00000000        0x0 linker stubs
 *(.glue_7t)
 .glue_7t       0x00000000        0x0 linker stubs
 *(.eh_frame)
 *(.init)
 *(.fini)
                0x00003d14                . = ALIGN (0x4)
 *fill*         0x00003d13        0x1 00
                0x00003d14                _etext = .

.vfp11_veneer   0x00003d14        0x0
 .vfp11_veneer  0x00000000        0x0 linker stubs

.v4_bx          0x00003d14        0x0
 .v4_bx         0x00000000        0x0 linker stubs

.iplt           0x00003d14        0x0
 .iplt          0x00000000        0x0 ./Generated_Code/out_I2C.o

.rel.dyn        0x00003d14        0x0
 .rel.iplt      0x00000000        0x0 ./Generated_Code/out_I2C.o

.ARM.extab
 *(.ARM.extab* .gnu.linkonce.armextab.*)

.ARM            0x00003d14        0x0
                0x00003d14                __exidx_start = .
 *(.ARM.exidx*)
                0x00003d14                __exidx_end = .

.ctors          0x00003d14        0x0
                0x00003d14                __CTOR_LIST__ = .
 *crtbegin.o(.ctors)
 *(EXCLUDE_FILE(*crtend.o) .ctors)
 *(SORT(.ctors.*))
 *(.ctors)
                0x00003d14                __CTOR_END__ = .

.dtors          0x00003d14        0x0
                0x00003d14                __DTOR_LIST__ = .
 *crtbegin.o(.dtors)
 *(EXCLUDE_FILE(*crtend.o) .dtors)
 *(SORT(.dtors.*))
 *(.dtors)
                0x00003d14                __DTOR_END__ = .

.preinit_array  0x00003d14        0x0
                0x00003d14                PROVIDE (__preinit_array_start, .)
 *(.preinit_array*)
                0x00003d14                PROVIDE (__preinit_array_end, .)

.init_array     0x00003d14        0x0
                0x00003d14                PROVIDE (__init_array_start, .)
 *(SORT(.init_array.*))
 *(.init_array*)
                0x00003d14                PROVIDE (__init_array_end, .)

.fini_array     0x00003d14        0x0
                0x00003d14                PROVIDE (__fini_array_start, .)
 *(SORT(.fini_array.*))
 *(.fini_array*)
                0x00003d14                PROVIDE (__fini_array_end, .)
                0x00003d14                ___ROM_AT = .

.mtb            0x20000000        0x0
                0x20000000                . = ALIGN (0x8)
                0x20000000                _mtb_start = .
 *(.mtb_buf)
                0x20000000                . = ALIGN (0x8)
                0x20000000                _mtb_end = .

.data           0x20000000       0xd4 load address 0x00003d14
                0x20000000                . = ALIGN (0x4)
                0x20000000                _sdata = .
 *(.data)
 *(.data*)
 .data.OutData  0x20000000        0x4 ./Sources/mma8453.o
                0x20000000                OutData
 .data.measuring_last
                0x20000004        0x1 ./Sources/mma8453.o
 *fill*         0x20000005        0x3 00
 .data.__files  0x20000008       0xcc D:/CodeWarrior/CW MCU v10.6/MCU/ARM_GCC_Support/ewl/lib/armv6-m\libc.a(ansi_files.o)
                0x20000008                __files
                0x200000d4                . = ALIGN (0x4)
                0x200000d4                _edata = .
                0x000000d4                ___data_size = (_edata - _sdata)
                0x00003de8                ___m_data_1FFFF000_ROMStart = (___ROM_AT + SIZEOF (.data))

.igot.plt       0x200000d4        0x0 load address 0x00003de8
 .igot.plt      0x00000000        0x0 ./Generated_Code/out_I2C.o

.m_data_1FFFF000
                0x1ffff000        0x0 load address 0x00003de8
                0x1ffff000                . = ALIGN (0x4)
                0x1ffff000                ___m_data_1FFFF000_RAMStart = .
 *(.m_data_1FFFF000)
                0x1ffff000                ___m_data_1FFFF000_RAMEnd = .
                0x1ffff000                . = ALIGN (0x4)
                0x00000000                ___m_data_1FFFF000_ROMSize = (___m_data_1FFFF000_RAMEnd - ___m_data_1FFFF000_RAMStart)
                0x1ffff000                . = ALIGN (0x4)

.bss            0x200000d4      0x1e4 load address 0x00003de8
                0x200000d4                __START_BSS = .
                0x200000d4                PROVIDE (__bss_start__, __START_BSS)
 *(.bss)
 *(.bss*)
 .bss.DeviceDataPrv__DEFAULT_RTOS_ALLOC
                0x200000d4       0x14 ./Generated_Code/out_I2C.o
 .bss.INT_I2C1__DEFAULT_RTOS_ISRPARAM
                0x200000e8        0x4 ./Generated_Code/out_I2C.o
 .bss.DeviceDataPrv__DEFAULT_RTOS_ALLOC
                0x200000ec        0x8 ./Generated_Code/TU1.o
 .bss.INT_TPM0__DEFAULT_RTOS_ISRPARAM
                0x200000f4        0x4 ./Generated_Code/TU1.o
 .bss.PE_LDD_DeviceDataList
                0x200000f8       0x1c ./Generated_Code/PE_LDD.o
                0x200000f8                PE_LDD_DeviceDataList
 .bss.DeviceDataPrv__DEFAULT_RTOS_ALLOC
                0x20000114       0x18 ./Generated_Code/IO1.o
 .bss.DeviceDataPrv__DEFAULT_RTOS_ALLOC
                0x2000012c       0x18 ./Generated_Code/I2C2.o
 .bss.INT_I2C0__DEFAULT_RTOS_ISRPARAM
                0x20000144        0x4 ./Generated_Code/I2C2.o
 .bss.SR_lock   0x20000148        0x1 ./Generated_Code/Cpu.o
                0x20000148                SR_lock
 *fill*         0x20000149        0x3 00
 .bss.DeviceDataPrv__DEFAULT_RTOS_ALLOC
                0x2000014c        0x4 ./Generated_Code/BitIoLdd2.o
 .bss.DeviceDataPrv__DEFAULT_RTOS_ALLOC
                0x20000150        0x4 ./Generated_Code/BitIoLdd1.o
 .bss.DeviceDataPrv__DEFAULT_RTOS_ALLOC
                0x20000154        0x8 ./Generated_Code/AdcLdd1.o
 .bss.INT_ADC0__DEFAULT_RTOS_ISRPARAM
                0x2000015c        0x4 ./Generated_Code/AdcLdd1.o
 .bss.SumChan   0x20000160        0x1 ./Generated_Code/AD1.o
 .bss.ModeFlg   0x20000161        0x1 ./Generated_Code/AD1.o
 *fill*         0x20000162        0x2 00
 .bss.SampleGroup
                0x20000164        0x4 ./Generated_Code/AD1.o
 .bss.OutFlg    0x20000168        0x1 ./Generated_Code/AD1.o
 *fill*         0x20000169        0x3 00
 .bss.argv      0x2000016c        0x4 ./Project_Settings/Startup_Code/__arm_start.o
 .bss.DataReceivedFlg
                0x20000170        0x1 ./Sources/mma8453.o
                0x20000170                DataReceivedFlg
 .bss.DataTransmittedFlg
                0x20000171        0x1 ./Sources/mma8453.o
                0x20000171                DataTransmittedFlg
 .bss.measuring
                0x20000172        0x1 ./Sources/mma8453.o
 *fill*         0x20000173        0x1 00
 .bss.avarage.5619
                0x20000174        0x4 ./Sources/mma8453.o
 .bss.ADC_value
                0x20000178        0x4 ./Sources/ProcessorExpert.o
 .bss.LTCDataReceivedFlg
                0x2000017c        0x1 ./Sources/LTC2945.o
                0x2000017c                LTCDataReceivedFlg
 .bss.LTCDataTransmittedFlg
                0x2000017d        0x1 ./Sources/LTC2945.o
                0x2000017d                LTCDataTransmittedFlg
 *fill*         0x2000017e        0x2 00
 .bss.__stdio_exit
                0x20000180        0x4 D:/CodeWarrior/CW MCU v10.6/MCU/ARM_GCC_Support/ewl/lib/armv6-m\libc.a(exit.o)
                0x20000180                __stdio_exit
 .bss.__console_exit
                0x20000184        0x4 D:/CodeWarrior/CW MCU v10.6/MCU/ARM_GCC_Support/ewl/lib/armv6-m\libc.a(exit.o)
                0x20000184                __console_exit
 .bss.__S_romp  0x20000188        0xc D:/CodeWarrior/CW MCU v10.6/MCU/ARM_GCC_Support/ewl/lib/armv6-m\librt.a(ROMCopy.o)
 .bss.__global_destructor_chain
                0x20000194        0x4 D:/CodeWarrior/CW MCU v10.6/MCU/ARM_GCC_Support/ewl/lib/armv6-m\librt.a(__arm_eabi_init.o)
                0x20000194                __global_destructor_chain
 *(COMMON)
 COMMON         0x20000198        0x1 ./Generated_Code/Cpu.o
                0x20000198                SR_reg
 *fill*         0x20000199        0x3 00
 COMMON         0x2000019c        0x8 ./Generated_Code/AD1.o
                0x2000019c                AD1_OutV
                0x200001a0                AdcLdd1_DeviceDataPtr
 COMMON         0x200001a4       0x1e ./Sources/mma8453.o
                0x200001a4                mma845x
                0x200001ac                mma845_tmp
                0x200001b0                InData
                0x200001b8                MyI2CPtr
                0x200001bc                MyTimerPtr
                0x200001c0                Error
 *fill*         0x200001c2        0x2 00
 COMMON         0x200001c4       0x28 ./Sources/ProcessorExpert.o
                0x200001c4                ADC_koniec
                0x200001c8                LtcInData
                0x200001d0                Voltage
                0x200001d4                Myout_I2CPtr
                0x200001d8                curr
                0x200001dc                powe
                0x200001e0                Current
                0x200001e4                Power
                0x200001e8                volt
 COMMON         0x200001ec        0xa ./Sources/AS5040.o
                0x200001ec                as5040data
 COMMON         0x200001f6       0xc0 D:/CodeWarrior/CW MCU v10.6/MCU/ARM_GCC_Support/ewl/lib/armv6-m\libc.a(ansi_files.o)
                0x200001f6                stdout_buff
                0x20000236                stdin_buff
                0x20000276                stderr_buff
                0x200002b8                . = ALIGN (0x4)
 *fill*         0x200002b6        0x2 00
                0x200002b8                __END_BSS = .
                0x200002b8                PROVIDE (__bss_end__, __END_BSS)
                0x00003de8                _romp_at = ((___ROM_AT + SIZEOF (.data)) + SIZEOF (.m_data_1FFFF000))

.romp           0x200002b8       0x24 load address 0x00003de8
                0x00003de8                __S_romp = _romp_at
                0x200002b8        0x4 LONG 0x3d14 ___ROM_AT
                0x200002bc        0x4 LONG 0x20000000 _sdata
                0x200002c0        0x4 LONG 0xd4 ___data_size
                0x200002c4        0x4 LONG 0x3de8 ___m_data_1FFFF000_ROMStart
                0x200002c8        0x4 LONG 0x1ffff000 ___m_data_1FFFF000_RAMStart
                0x200002cc        0x4 LONG 0x0 ___m_data_1FFFF000_ROMSize
                0x200002d0        0x4 LONG 0x0
                0x200002d4        0x4 LONG 0x0
                0x200002d8        0x4 LONG 0x0

._user_heap_stack
                0x200002dc      0x400 load address 0x00003e0c
                0x200002dc                . = ALIGN (0x4)
                0x200002dc                PROVIDE (end, .)
                0x200002dc                PROVIDE (_end, .)
                0x200002dc                __heap_addr = .
                0x200002dc                . = (. + __heap_size)
                0x200006dc                . = (. + __stack_size)
 *fill*         0x200002dc      0x400 00
                0x200006dc                . = ALIGN (0x4)

.ARM.attributes
                0x00000000       0x31
 *(.ARM.attributes)
 .ARM.attributes
                0x00000000       0x31 ./Generated_Code/out_I2C.o
 .ARM.attributes
                0x00000031       0x31 ./Generated_Code/WAIT1.o
 .ARM.attributes
                0x00000062       0x31 ./Generated_Code/Vectors.o
 .ARM.attributes
                0x00000093       0x31 ./Generated_Code/TU1.o
 .ARM.attributes
                0x000000c4       0x31 ./Generated_Code/PE_LDD.o
 .ARM.attributes
                0x000000f5       0x31 ./Generated_Code/IO1.o
 .ARM.attributes
                0x00000126       0x31 ./Generated_Code/I2C2.o
 .ARM.attributes
                0x00000157       0x31 ./Generated_Code/CsIO1.o
 .ARM.attributes
                0x00000188       0x31 ./Generated_Code/Cpu.o
 .ARM.attributes
                0x000001b9       0x31 ./Generated_Code/BitIoLdd2.o
 .ARM.attributes
                0x000001ea       0x31 ./Generated_Code/BitIoLdd1.o
 .ARM.attributes
                0x0000021b       0x31 ./Generated_Code/AdcLdd1.o
 .ARM.attributes
                0x0000024c       0x31 ./Generated_Code/AD1.o
 .ARM.attributes
                0x0000027d       0x31 ./Project_Settings/Startup_Code/__arm_start.o
 .ARM.attributes
                0x000002ae       0x31 ./Project_Settings/Startup_Code/__arm_end.o
 .ARM.attributes
                0x000002df       0x31 ./Sources/mma8453.o
 .ARM.attributes
                0x00000310       0x31 ./Sources/adc_data.o
 .ARM.attributes
                0x00000341       0x31 ./Sources/ProcessorExpert.o
 .ARM.attributes
                0x00000372       0x31 ./Sources/LTC2945.o
 .ARM.attributes
                0x000003a3       0x31 ./Sources/Events.o
 .ARM.attributes
                0x000003d4       0x31 ./Sources/AS5040.o
 .ARM.attributes
                0x00000405       0x31 D:/CodeWarrior/CW MCU v10.6/MCU/ARM_GCC_Support/ewl/lib/armv6-m\libc.a(printf.o)
 .ARM.attributes
                0x00000436       0x31 D:/CodeWarrior/CW MCU v10.6/MCU/ARM_GCC_Support/ewl/lib/armv6-m\libc.a(exit.o)
 .ARM.attributes
                0x00000467       0x31 D:/CodeWarrior/CW MCU v10.6/MCU/ARM_GCC_Support/ewl/lib/armv6-m\libc.a(memset.o)
 .ARM.attributes
                0x00000498       0x31 D:/CodeWarrior/CW MCU v10.6/MCU/ARM_GCC_Support/ewl/lib/armv6-m\libc.a(printformat_.o)
 .ARM.attributes
                0x000004c9       0x31 D:/CodeWarrior/CW MCU v10.6/MCU/ARM_GCC_Support/ewl/lib/armv6-m\libc.a(ansi_files.o)
 .ARM.attributes
                0x000004fa       0x31 D:/CodeWarrior/CW MCU v10.6/MCU/ARM_GCC_Support/ewl/lib/armv6-m\libc.a(fwrite.o)
 .ARM.attributes
                0x0000052b       0x31 D:/CodeWarrior/CW MCU v10.6/MCU/ARM_GCC_Support/ewl/lib/armv6-m\libc.a(__filll_mem.o)
 .ARM.attributes
                0x0000055c       0x31 D:/CodeWarrior/CW MCU v10.6/MCU/ARM_GCC_Support/ewl/lib/armv6-m\libc.a(__memrchr.o)
 .ARM.attributes
                0x0000058d       0x31 D:/CodeWarrior/CW MCU v10.6/MCU/ARM_GCC_Support/ewl/lib/armv6-m\libc.a(memchr.o)
 .ARM.attributes
                0x000005be       0x31 D:/CodeWarrior/CW MCU v10.6/MCU/ARM_GCC_Support/ewl/lib/armv6-m\libc.a(memcpy.o)
 .ARM.attributes
                0x000005ef       0x31 D:/CodeWarrior/CW MCU v10.6/MCU/ARM_GCC_Support/ewl/lib/armv6-m\libc.a(strchr.o)
 .ARM.attributes
                0x00000620       0x31 D:/CodeWarrior/CW MCU v10.6/MCU/ARM_GCC_Support/ewl/lib/armv6-m\libc.a(strlen.o)
 .ARM.attributes
                0x00000651       0x31 D:/CodeWarrior/CW MCU v10.6/MCU/ARM_GCC_Support/ewl/lib/armv6-m\libc.a(__buffer_io.o)
 .ARM.attributes
                0x00000682       0x1e d:/codewarrior/cw mcu v10.6/cross_tools/arm-none-eabi-gcc-4_7_3/bin/../lib/gcc/arm-none-eabi/4.7.3/armv6-m\libgcc.a(_udivsi3.o)
 .ARM.attributes
                0x000006a0       0x1e d:/codewarrior/cw mcu v10.6/cross_tools/arm-none-eabi-gcc-4_7_3/bin/../lib/gcc/arm-none-eabi/4.7.3/armv6-m\libgcc.a(_divsi3.o)
 .ARM.attributes
                0x000006be       0x1e d:/codewarrior/cw mcu v10.6/cross_tools/arm-none-eabi-gcc-4_7_3/bin/../lib/gcc/arm-none-eabi/4.7.3/armv6-m\libgcc.a(_dvmd_tls.o)
 .ARM.attributes
                0x000006dc       0x2c d:/codewarrior/cw mcu v10.6/cross_tools/arm-none-eabi-gcc-4_7_3/bin/../lib/gcc/arm-none-eabi/4.7.3/armv6-m\libgcc.a(mulsf3.o)
 .ARM.attributes
                0x00000708       0x2c d:/codewarrior/cw mcu v10.6/cross_tools/arm-none-eabi-gcc-4_7_3/bin/../lib/gcc/arm-none-eabi/4.7.3/armv6-m\libgcc.a(fixsfsi.o)
 .ARM.attributes
                0x00000734       0x2c d:/codewarrior/cw mcu v10.6/cross_tools/arm-none-eabi-gcc-4_7_3/bin/../lib/gcc/arm-none-eabi/4.7.3/armv6-m\libgcc.a(divdf3.o)
 .ARM.attributes
                0x00000760       0x2c d:/codewarrior/cw mcu v10.6/cross_tools/arm-none-eabi-gcc-4_7_3/bin/../lib/gcc/arm-none-eabi/4.7.3/armv6-m\libgcc.a(muldf3.o)
 .ARM.attributes
                0x0000078c       0x2c d:/codewarrior/cw mcu v10.6/cross_tools/arm-none-eabi-gcc-4_7_3/bin/../lib/gcc/arm-none-eabi/4.7.3/armv6-m\libgcc.a(floatsidf.o)
 .ARM.attributes
                0x000007b8       0x2c d:/codewarrior/cw mcu v10.6/cross_tools/arm-none-eabi-gcc-4_7_3/bin/../lib/gcc/arm-none-eabi/4.7.3/armv6-m\libgcc.a(truncdfsf2.o)
 .ARM.attributes
                0x000007e4       0x1e d:/codewarrior/cw mcu v10.6/cross_tools/arm-none-eabi-gcc-4_7_3/bin/../lib/gcc/arm-none-eabi/4.7.3/armv6-m\libgcc.a(_clzsi2.o)
 .ARM.attributes
                0x00000802       0x31 D:/CodeWarrior/CW MCU v10.6/MCU/ARM_GCC_Support/ewl/lib/armv6-m\librt.a(gcc_ctor_dtor.o)
 .ARM.attributes
                0x00000833       0x31 D:/CodeWarrior/CW MCU v10.6/MCU/ARM_GCC_Support/ewl/lib/armv6-m\librt.a(ROMCopy.o)
 .ARM.attributes
                0x00000864       0x31 D:/CodeWarrior/CW MCU v10.6/MCU/ARM_GCC_Support/ewl/lib/armv6-m\librt.a(__arm_eabi_init.o)
OUTPUT(accelerometer_demo.elf elf32-littlearm)

.debug_info     0x00000000     0x78a3
 .debug_info    0x00000000      0x7c6 ./Generated_Code/out_I2C.o
 .debug_info    0x000007c6      0x117 ./Generated_Code/WAIT1.o
 .debug_info    0x000008dd      0x10b ./Generated_Code/Vectors.o
 .debug_info    0x000009e8      0x5d6 ./Generated_Code/TU1.o
 .debug_info    0x00000fbe      0x255 ./Generated_Code/PE_LDD.o
 .debug_info    0x00001213      0x5d9 ./Generated_Code/IO1.o
 .debug_info    0x000017ec      0x92e ./Generated_Code/I2C2.o
 .debug_info    0x0000211a      0x266 ./Generated_Code/CsIO1.o
 .debug_info    0x00002380      0x8fa ./Generated_Code/Cpu.o
 .debug_info    0x00002c7a      0x38b ./Generated_Code/BitIoLdd2.o
 .debug_info    0x00003005      0x38b ./Generated_Code/BitIoLdd1.o
 .debug_info    0x00003390      0x969 ./Generated_Code/AdcLdd1.o
 .debug_info    0x00003cf9      0x27b ./Generated_Code/AD1.o
 .debug_info    0x00003f74      0x12a ./Project_Settings/Startup_Code/__arm_start.o
 .debug_info    0x0000409e       0x54 ./Project_Settings/Startup_Code/__arm_end.o
 .debug_info    0x000040f2      0x2b6 ./Sources/mma8453.o
 .debug_info    0x000043a8       0xf3 ./Sources/adc_data.o
 .debug_info    0x0000449b      0x316 ./Sources/ProcessorExpert.o
 .debug_info    0x000047b1      0x1fe ./Sources/LTC2945.o
 .debug_info    0x000049af      0x45f ./Sources/Events.o
 .debug_info    0x00004e0e      0x4f7 ./Sources/AS5040.o
 .debug_info    0x00005305      0x399 D:/CodeWarrior/CW MCU v10.6/MCU/ARM_GCC_Support/ewl/lib/armv6-m\libc.a(printf.o)
 .debug_info    0x0000569e       0xe8 D:/CodeWarrior/CW MCU v10.6/MCU/ARM_GCC_Support/ewl/lib/armv6-m\libc.a(exit.o)
 .debug_info    0x00005786       0xec D:/CodeWarrior/CW MCU v10.6/MCU/ARM_GCC_Support/ewl/lib/armv6-m\libc.a(memset.o)
 .debug_info    0x00005872      0x50d D:/CodeWarrior/CW MCU v10.6/MCU/ARM_GCC_Support/ewl/lib/armv6-m\libc.a(printformat_.o)
 .debug_info    0x00005d7f      0x4be D:/CodeWarrior/CW MCU v10.6/MCU/ARM_GCC_Support/ewl/lib/armv6-m\libc.a(ansi_files.o)
 .debug_info    0x0000623d      0x60d D:/CodeWarrior/CW MCU v10.6/MCU/ARM_GCC_Support/ewl/lib/armv6-m\libc.a(fwrite.o)
 .debug_info    0x0000684a      0x137 D:/CodeWarrior/CW MCU v10.6/MCU/ARM_GCC_Support/ewl/lib/armv6-m\libc.a(__filll_mem.o)
 .debug_info    0x00006981      0x116 D:/CodeWarrior/CW MCU v10.6/MCU/ARM_GCC_Support/ewl/lib/armv6-m\libc.a(__memrchr.o)
 .debug_info    0x00006a97      0x121 D:/CodeWarrior/CW MCU v10.6/MCU/ARM_GCC_Support/ewl/lib/armv6-m\libc.a(memchr.o)
 .debug_info    0x00006bb8      0x10f D:/CodeWarrior/CW MCU v10.6/MCU/ARM_GCC_Support/ewl/lib/armv6-m\libc.a(memcpy.o)
 .debug_info    0x00006cc7      0x10b D:/CodeWarrior/CW MCU v10.6/MCU/ARM_GCC_Support/ewl/lib/armv6-m\libc.a(strchr.o)
 .debug_info    0x00006dd2       0xea D:/CodeWarrior/CW MCU v10.6/MCU/ARM_GCC_Support/ewl/lib/armv6-m\libc.a(strlen.o)
 .debug_info    0x00006ebc      0x45d D:/CodeWarrior/CW MCU v10.6/MCU/ARM_GCC_Support/ewl/lib/armv6-m\libc.a(__buffer_io.o)
 .debug_info    0x00007319      0x136 D:/CodeWarrior/CW MCU v10.6/MCU/ARM_GCC_Support/ewl/lib/armv6-m\librt.a(gcc_ctor_dtor.o)
 .debug_info    0x0000744f      0x19b D:/CodeWarrior/CW MCU v10.6/MCU/ARM_GCC_Support/ewl/lib/armv6-m\librt.a(ROMCopy.o)
 .debug_info    0x000075ea      0x2b9 D:/CodeWarrior/CW MCU v10.6/MCU/ARM_GCC_Support/ewl/lib/armv6-m\librt.a(__arm_eabi_init.o)

.debug_abbrev   0x00000000     0x23a2
 .debug_abbrev  0x00000000      0x162 ./Generated_Code/out_I2C.o
 .debug_abbrev  0x00000162       0xaa ./Generated_Code/WAIT1.o
 .debug_abbrev  0x0000020c       0xa3 ./Generated_Code/Vectors.o
 .debug_abbrev  0x000002af      0x141 ./Generated_Code/TU1.o
 .debug_abbrev  0x000003f0      0x102 ./Generated_Code/PE_LDD.o
 .debug_abbrev  0x000004f2      0x167 ./Generated_Code/IO1.o
 .debug_abbrev  0x00000659      0x179 ./Generated_Code/I2C2.o
 .debug_abbrev  0x000007d2       0xd6 ./Generated_Code/CsIO1.o
 .debug_abbrev  0x000008a8      0x121 ./Generated_Code/Cpu.o
 .debug_abbrev  0x000009c9      0x11c ./Generated_Code/BitIoLdd2.o
 .debug_abbrev  0x00000ae5      0x11c ./Generated_Code/BitIoLdd1.o
 .debug_abbrev  0x00000c01      0x1a6 ./Generated_Code/AdcLdd1.o
 .debug_abbrev  0x00000da7      0x14f ./Generated_Code/AD1.o
 .debug_abbrev  0x00000ef6       0x92 ./Project_Settings/Startup_Code/__arm_start.o
 .debug_abbrev  0x00000f88       0x4c ./Project_Settings/Startup_Code/__arm_end.o
 .debug_abbrev  0x00000fd4       0xfe ./Sources/mma8453.o
 .debug_abbrev  0x000010d2       0x72 ./Sources/adc_data.o
 .debug_abbrev  0x00001144       0xeb ./Sources/ProcessorExpert.o
 .debug_abbrev  0x0000122f       0xc9 ./Sources/LTC2945.o
 .debug_abbrev  0x000012f8      0x13b ./Sources/Events.o
 .debug_abbrev  0x00001433      0x142 ./Sources/AS5040.o
 .debug_abbrev  0x00001575      0x107 D:/CodeWarrior/CW MCU v10.6/MCU/ARM_GCC_Support/ewl/lib/armv6-m\libc.a(printf.o)
 .debug_abbrev  0x0000167c       0x7a D:/CodeWarrior/CW MCU v10.6/MCU/ARM_GCC_Support/ewl/lib/armv6-m\libc.a(exit.o)
 .debug_abbrev  0x000016f6       0x62 D:/CodeWarrior/CW MCU v10.6/MCU/ARM_GCC_Support/ewl/lib/armv6-m\libc.a(memset.o)
 .debug_abbrev  0x00001758      0x200 D:/CodeWarrior/CW MCU v10.6/MCU/ARM_GCC_Support/ewl/lib/armv6-m\libc.a(printformat_.o)
 .debug_abbrev  0x00001958      0x107 D:/CodeWarrior/CW MCU v10.6/MCU/ARM_GCC_Support/ewl/lib/armv6-m\libc.a(ansi_files.o)
 .debug_abbrev  0x00001a5f      0x16a D:/CodeWarrior/CW MCU v10.6/MCU/ARM_GCC_Support/ewl/lib/armv6-m\libc.a(fwrite.o)
 .debug_abbrev  0x00001bc9       0x78 D:/CodeWarrior/CW MCU v10.6/MCU/ARM_GCC_Support/ewl/lib/armv6-m\libc.a(__filll_mem.o)
 .debug_abbrev  0x00001c41       0x95 D:/CodeWarrior/CW MCU v10.6/MCU/ARM_GCC_Support/ewl/lib/armv6-m\libc.a(__memrchr.o)
 .debug_abbrev  0x00001cd6       0x95 D:/CodeWarrior/CW MCU v10.6/MCU/ARM_GCC_Support/ewl/lib/armv6-m\libc.a(memchr.o)
 .debug_abbrev  0x00001d6b       0x95 D:/CodeWarrior/CW MCU v10.6/MCU/ARM_GCC_Support/ewl/lib/armv6-m\libc.a(memcpy.o)
 .debug_abbrev  0x00001e00       0x7a D:/CodeWarrior/CW MCU v10.6/MCU/ARM_GCC_Support/ewl/lib/armv6-m\libc.a(strchr.o)
 .debug_abbrev  0x00001e7a       0x7a D:/CodeWarrior/CW MCU v10.6/MCU/ARM_GCC_Support/ewl/lib/armv6-m\libc.a(strlen.o)
 .debug_abbrev  0x00001ef4      0x142 D:/CodeWarrior/CW MCU v10.6/MCU/ARM_GCC_Support/ewl/lib/armv6-m\libc.a(__buffer_io.o)
 .debug_abbrev  0x00002036       0x99 D:/CodeWarrior/CW MCU v10.6/MCU/ARM_GCC_Support/ewl/lib/armv6-m\librt.a(gcc_ctor_dtor.o)
 .debug_abbrev  0x000020cf      0x120 D:/CodeWarrior/CW MCU v10.6/MCU/ARM_GCC_Support/ewl/lib/armv6-m\librt.a(ROMCopy.o)
 .debug_abbrev  0x000021ef      0x1b3 D:/CodeWarrior/CW MCU v10.6/MCU/ARM_GCC_Support/ewl/lib/armv6-m\librt.a(__arm_eabi_init.o)

.debug_loc      0x00000000     0x2e30
 .debug_loc     0x00000000       0xe0 ./Generated_Code/out_I2C.o
 .debug_loc     0x000000e0       0xd4 ./Generated_Code/WAIT1.o
 .debug_loc     0x000001b4       0xa8 ./Generated_Code/TU1.o
 .debug_loc     0x0000025c       0x9c ./Generated_Code/PE_LDD.o
 .debug_loc     0x000002f8       0xe0 ./Generated_Code/IO1.o
 .debug_loc     0x000003d8      0x188 ./Generated_Code/I2C2.o
 .debug_loc     0x00000560       0xa8 ./Generated_Code/CsIO1.o
 .debug_loc     0x00000608       0xdc ./Generated_Code/Cpu.o
 .debug_loc     0x000006e4      0x118 ./Generated_Code/BitIoLdd2.o
 .debug_loc     0x000007fc      0x118 ./Generated_Code/BitIoLdd1.o
 .debug_loc     0x00000914      0x1f8 ./Generated_Code/AdcLdd1.o
 .debug_loc     0x00000b0c      0x164 ./Generated_Code/AD1.o
 .debug_loc     0x00000c70       0x2c ./Project_Settings/Startup_Code/__arm_start.o
 .debug_loc     0x00000c9c       0x38 ./Project_Settings/Startup_Code/__arm_end.o
 .debug_loc     0x00000cd4       0xbc ./Sources/mma8453.o
 .debug_loc     0x00000d90       0xa8 ./Sources/adc_data.o
 .debug_loc     0x00000e38       0x38 ./Sources/ProcessorExpert.o
 .debug_loc     0x00000e70       0x58 ./Sources/LTC2945.o
 .debug_loc     0x00000ec8      0x2b4 ./Sources/Events.o
 .debug_loc     0x0000117c       0x9c ./Sources/AS5040.o
 .debug_loc     0x00001218       0x2c D:/CodeWarrior/CW MCU v10.6/MCU/ARM_GCC_Support/ewl/lib/armv6-m\libc.a(printf.o)
 .debug_loc     0x00001244       0x3e D:/CodeWarrior/CW MCU v10.6/MCU/ARM_GCC_Support/ewl/lib/armv6-m\libc.a(exit.o)
 .debug_loc     0x00001282       0x6f D:/CodeWarrior/CW MCU v10.6/MCU/ARM_GCC_Support/ewl/lib/armv6-m\libc.a(memset.o)
 .debug_loc     0x000012f1     0x104b D:/CodeWarrior/CW MCU v10.6/MCU/ARM_GCC_Support/ewl/lib/armv6-m\libc.a(printformat_.o)
 .debug_loc     0x0000233c       0x8c D:/CodeWarrior/CW MCU v10.6/MCU/ARM_GCC_Support/ewl/lib/armv6-m\libc.a(ansi_files.o)
 .debug_loc     0x000023c8      0x2c2 D:/CodeWarrior/CW MCU v10.6/MCU/ARM_GCC_Support/ewl/lib/armv6-m\libc.a(fwrite.o)
 .debug_loc     0x0000268a      0x14a D:/CodeWarrior/CW MCU v10.6/MCU/ARM_GCC_Support/ewl/lib/armv6-m\libc.a(__filll_mem.o)
 .debug_loc     0x000027d4       0x77 D:/CodeWarrior/CW MCU v10.6/MCU/ARM_GCC_Support/ewl/lib/armv6-m\libc.a(__memrchr.o)
 .debug_loc     0x0000284b       0x77 D:/CodeWarrior/CW MCU v10.6/MCU/ARM_GCC_Support/ewl/lib/armv6-m\libc.a(memchr.o)
 .debug_loc     0x000028c2       0x59 D:/CodeWarrior/CW MCU v10.6/MCU/ARM_GCC_Support/ewl/lib/armv6-m\libc.a(memcpy.o)
 .debug_loc     0x0000291b       0xaf D:/CodeWarrior/CW MCU v10.6/MCU/ARM_GCC_Support/ewl/lib/armv6-m\libc.a(strchr.o)
 .debug_loc     0x000029ca       0x33 D:/CodeWarrior/CW MCU v10.6/MCU/ARM_GCC_Support/ewl/lib/armv6-m\libc.a(strlen.o)
 .debug_loc     0x000029fd      0x126 D:/CodeWarrior/CW MCU v10.6/MCU/ARM_GCC_Support/ewl/lib/armv6-m\libc.a(__buffer_io.o)
 .debug_loc     0x00002b23       0x9d D:/CodeWarrior/CW MCU v10.6/MCU/ARM_GCC_Support/ewl/lib/armv6-m\librt.a(gcc_ctor_dtor.o)
 .debug_loc     0x00002bc0       0xd9 D:/CodeWarrior/CW MCU v10.6/MCU/ARM_GCC_Support/ewl/lib/armv6-m\librt.a(ROMCopy.o)
 .debug_loc     0x00002c99      0x197 D:/CodeWarrior/CW MCU v10.6/MCU/ARM_GCC_Support/ewl/lib/armv6-m\librt.a(__arm_eabi_init.o)

.debug_aranges  0x00000000      0x740
 .debug_aranges
                0x00000000       0x38 ./Generated_Code/out_I2C.o
 .debug_aranges
                0x00000038       0x38 ./Generated_Code/WAIT1.o
 .debug_aranges
                0x00000070       0x18 ./Generated_Code/Vectors.o
 .debug_aranges
                0x00000088       0x30 ./Generated_Code/TU1.o
 .debug_aranges
                0x000000b8       0x30 ./Generated_Code/PE_LDD.o
 .debug_aranges
                0x000000e8       0x38 ./Generated_Code/IO1.o
 .debug_aranges
                0x00000120       0x50 ./Generated_Code/I2C2.o
 .debug_aranges
                0x00000170       0x30 ./Generated_Code/CsIO1.o
 .debug_aranges
                0x000001a0       0x40 ./Generated_Code/Cpu.o
 .debug_aranges
                0x000001e0       0x40 ./Generated_Code/BitIoLdd2.o
 .debug_aranges
                0x00000220       0x40 ./Generated_Code/BitIoLdd1.o
 .debug_aranges
                0x00000260       0x60 ./Generated_Code/AdcLdd1.o
 .debug_aranges
                0x000002c0       0x50 ./Generated_Code/AD1.o
 .debug_aranges
                0x00000310       0x30 ./Project_Settings/Startup_Code/__arm_start.o
 .debug_aranges
                0x00000340       0x20 ./Project_Settings/Startup_Code/__arm_end.o
 .debug_aranges
                0x00000360       0x38 ./Sources/mma8453.o
 .debug_aranges
                0x00000398       0x30 ./Sources/adc_data.o
 .debug_aranges
                0x000003c8       0x20 ./Sources/ProcessorExpert.o
 .debug_aranges
                0x000003e8       0x28 ./Sources/LTC2945.o
 .debug_aranges
                0x00000410       0x80 ./Sources/Events.o
 .debug_aranges
                0x00000490       0x30 ./Sources/AS5040.o
 .debug_aranges
                0x000004c0       0x20 D:/CodeWarrior/CW MCU v10.6/MCU/ARM_GCC_Support/ewl/lib/armv6-m\libc.a(printf.o)
 .debug_aranges
                0x000004e0       0x20 D:/CodeWarrior/CW MCU v10.6/MCU/ARM_GCC_Support/ewl/lib/armv6-m\libc.a(exit.o)
 .debug_aranges
                0x00000500       0x20 D:/CodeWarrior/CW MCU v10.6/MCU/ARM_GCC_Support/ewl/lib/armv6-m\libc.a(memset.o)
 .debug_aranges
                0x00000520       0x28 D:/CodeWarrior/CW MCU v10.6/MCU/ARM_GCC_Support/ewl/lib/armv6-m\libc.a(printformat_.o)
 .debug_aranges
                0x00000548       0x28 D:/CodeWarrior/CW MCU v10.6/MCU/ARM_GCC_Support/ewl/lib/armv6-m\libc.a(ansi_files.o)
 .debug_aranges
                0x00000570       0x30 D:/CodeWarrior/CW MCU v10.6/MCU/ARM_GCC_Support/ewl/lib/armv6-m\libc.a(fwrite.o)
 .debug_aranges
                0x000005a0       0x20 D:/CodeWarrior/CW MCU v10.6/MCU/ARM_GCC_Support/ewl/lib/armv6-m\libc.a(__filll_mem.o)
 .debug_aranges
                0x000005c0       0x20 D:/CodeWarrior/CW MCU v10.6/MCU/ARM_GCC_Support/ewl/lib/armv6-m\libc.a(__memrchr.o)
 .debug_aranges
                0x000005e0       0x20 D:/CodeWarrior/CW MCU v10.6/MCU/ARM_GCC_Support/ewl/lib/armv6-m\libc.a(memchr.o)
 .debug_aranges
                0x00000600       0x20 D:/CodeWarrior/CW MCU v10.6/MCU/ARM_GCC_Support/ewl/lib/armv6-m\libc.a(memcpy.o)
 .debug_aranges
                0x00000620       0x20 D:/CodeWarrior/CW MCU v10.6/MCU/ARM_GCC_Support/ewl/lib/armv6-m\libc.a(strchr.o)
 .debug_aranges
                0x00000640       0x20 D:/CodeWarrior/CW MCU v10.6/MCU/ARM_GCC_Support/ewl/lib/armv6-m\libc.a(strlen.o)
 .debug_aranges
                0x00000660       0x30 D:/CodeWarrior/CW MCU v10.6/MCU/ARM_GCC_Support/ewl/lib/armv6-m\libc.a(__buffer_io.o)
 .debug_aranges
                0x00000690       0x28 D:/CodeWarrior/CW MCU v10.6/MCU/ARM_GCC_Support/ewl/lib/armv6-m\librt.a(gcc_ctor_dtor.o)
 .debug_aranges
                0x000006b8       0x30 D:/CodeWarrior/CW MCU v10.6/MCU/ARM_GCC_Support/ewl/lib/armv6-m\librt.a(ROMCopy.o)
 .debug_aranges
                0x000006e8       0x58 D:/CodeWarrior/CW MCU v10.6/MCU/ARM_GCC_Support/ewl/lib/armv6-m\librt.a(__arm_eabi_init.o)

.debug_macinfo  0x00000000   0x3a9e54
 .debug_macinfo
                0x00000000    0x3d692 ./Generated_Code/out_I2C.o
 .debug_macinfo
                0x0003d692    0x2e0c0 ./Generated_Code/WAIT1.o
 .debug_macinfo
                0x0006b752    0x36dcf ./Generated_Code/Vectors.o
 .debug_macinfo
                0x000a2521    0x36de3 ./Generated_Code/TU1.o
 .debug_macinfo
                0x000d9304    0x36d33 ./Generated_Code/PE_LDD.o
 .debug_macinfo
                0x00110037    0x31cb4 ./Generated_Code/IO1.o
 .debug_macinfo
                0x00141ceb    0x3d70e ./Generated_Code/I2C2.o
 .debug_macinfo
                0x0017f3f9    0x2a8e2 ./Generated_Code/CsIO1.o
 .debug_macinfo
                0x001a9cdb    0x36dd4 ./Generated_Code/Cpu.o
 .debug_macinfo
                0x001e0aaf    0x2ed2e ./Generated_Code/BitIoLdd2.o
 .debug_macinfo
                0x0020f7dd    0x2ed2e ./Generated_Code/BitIoLdd1.o
 .debug_macinfo
                0x0023e50b    0x333e6 ./Generated_Code/AdcLdd1.o
 .debug_macinfo
                0x002718f1    0x36de7 ./Generated_Code/AD1.o
 .debug_macinfo
                0x002a86d8     0x3e5e ./Project_Settings/Startup_Code/__arm_start.o
 .debug_macinfo
                0x002ac536     0x3447 ./Project_Settings/Startup_Code/__arm_end.o
 .debug_macinfo
                0x002af97d    0x2df92 ./Sources/mma8453.o
 .debug_macinfo
                0x002dd90f     0x23be ./Sources/adc_data.o
 .debug_macinfo
                0x002dfccd    0x3714c ./Sources/ProcessorExpert.o
 .debug_macinfo
                0x00316e19    0x2df6d ./Sources/LTC2945.o
 .debug_macinfo
                0x00344d86    0x36d90 ./Sources/Events.o
 .debug_macinfo
                0x0037bb16    0x2e33e ./Sources/AS5040.o

.debug_line     0x00000000     0x5817
 .debug_line    0x00000000      0x53b ./Generated_Code/out_I2C.o
 .debug_line    0x0000053b      0x23f ./Generated_Code/WAIT1.o
 .debug_line    0x0000077a      0x51e ./Generated_Code/Vectors.o
 .debug_line    0x00000c98      0x4a3 ./Generated_Code/TU1.o
 .debug_line    0x0000113b      0x400 ./Generated_Code/PE_LDD.o
 .debug_line    0x0000153b      0x2be ./Generated_Code/IO1.o
 .debug_line    0x000017f9      0x5ae ./Generated_Code/I2C2.o
 .debug_line    0x00001da7      0x326 ./Generated_Code/CsIO1.o
 .debug_line    0x000020cd      0x5aa ./Generated_Code/Cpu.o
 .debug_line    0x00002677      0x2b4 ./Generated_Code/BitIoLdd2.o
 .debug_line    0x0000292b      0x2b4 ./Generated_Code/BitIoLdd1.o
 .debug_line    0x00002bdf      0x34d ./Generated_Code/AdcLdd1.o
 .debug_line    0x00002f2c      0x4f7 ./Generated_Code/AD1.o
 .debug_line    0x00003423      0x280 ./Project_Settings/Startup_Code/__arm_start.o
 .debug_line    0x000036a3      0x24b ./Project_Settings/Startup_Code/__arm_end.o
 .debug_line    0x000038ee      0x2a7 ./Sources/mma8453.o
 .debug_line    0x00003b95       0x6e ./Sources/adc_data.o
 .debug_line    0x00003c03      0x46b ./Sources/ProcessorExpert.o
 .debug_line    0x0000406e      0x282 ./Sources/LTC2945.o
 .debug_line    0x000042f0      0x505 ./Sources/Events.o
 .debug_line    0x000047f5      0x28f ./Sources/AS5040.o
 .debug_line    0x00004a84       0xb0 D:/CodeWarrior/CW MCU v10.6/MCU/ARM_GCC_Support/ewl/lib/armv6-m\libc.a(printf.o)
 .debug_line    0x00004b34       0x8d D:/CodeWarrior/CW MCU v10.6/MCU/ARM_GCC_Support/ewl/lib/armv6-m\libc.a(exit.o)
 .debug_line    0x00004bc1       0x90 D:/CodeWarrior/CW MCU v10.6/MCU/ARM_GCC_Support/ewl/lib/armv6-m\libc.a(memset.o)
 .debug_line    0x00004c51      0x2c3 D:/CodeWarrior/CW MCU v10.6/MCU/ARM_GCC_Support/ewl/lib/armv6-m\libc.a(printformat_.o)
 .debug_line    0x00004f14       0xc0 D:/CodeWarrior/CW MCU v10.6/MCU/ARM_GCC_Support/ewl/lib/armv6-m\libc.a(ansi_files.o)
 .debug_line    0x00004fd4      0x158 D:/CodeWarrior/CW MCU v10.6/MCU/ARM_GCC_Support/ewl/lib/armv6-m\libc.a(fwrite.o)
 .debug_line    0x0000512c       0xf6 D:/CodeWarrior/CW MCU v10.6/MCU/ARM_GCC_Support/ewl/lib/armv6-m\libc.a(__filll_mem.o)
 .debug_line    0x00005222       0x99 D:/CodeWarrior/CW MCU v10.6/MCU/ARM_GCC_Support/ewl/lib/armv6-m\libc.a(__memrchr.o)
 .debug_line    0x000052bb       0x9f D:/CodeWarrior/CW MCU v10.6/MCU/ARM_GCC_Support/ewl/lib/armv6-m\libc.a(memchr.o)
 .debug_line    0x0000535a       0x8b D:/CodeWarrior/CW MCU v10.6/MCU/ARM_GCC_Support/ewl/lib/armv6-m\libc.a(memcpy.o)
 .debug_line    0x000053e5       0x7d D:/CodeWarrior/CW MCU v10.6/MCU/ARM_GCC_Support/ewl/lib/armv6-m\libc.a(strchr.o)
 .debug_line    0x00005462       0x85 D:/CodeWarrior/CW MCU v10.6/MCU/ARM_GCC_Support/ewl/lib/armv6-m\libc.a(strlen.o)
 .debug_line    0x000054e7       0xf0 D:/CodeWarrior/CW MCU v10.6/MCU/ARM_GCC_Support/ewl/lib/armv6-m\libc.a(__buffer_io.o)
 .debug_line    0x000055d7       0x6c D:/CodeWarrior/CW MCU v10.6/MCU/ARM_GCC_Support/ewl/lib/armv6-m\librt.a(gcc_ctor_dtor.o)
 .debug_line    0x00005643       0xbd D:/CodeWarrior/CW MCU v10.6/MCU/ARM_GCC_Support/ewl/lib/armv6-m\librt.a(ROMCopy.o)
 .debug_line    0x00005700      0x117 D:/CodeWarrior/CW MCU v10.6/MCU/ARM_GCC_Support/ewl/lib/armv6-m\librt.a(__arm_eabi_init.o)

.debug_str      0x00000000     0x1fa1
 .debug_str     0x00000000      0x437 ./Generated_Code/out_I2C.o
                                0x49c (size before relaxing)
 .debug_str     0x00000437       0x70 ./Generated_Code/WAIT1.o
                                0x182 (size before relaxing)
 .debug_str     0x000004a7       0x55 ./Generated_Code/Vectors.o
                                0x17d (size before relaxing)
 .debug_str     0x000004fc       0xce ./Generated_Code/TU1.o
                                0x391 (size before relaxing)
 .debug_str     0x000005ca      0x170 ./Generated_Code/PE_LDD.o
                                0x2e0 (size before relaxing)
 .debug_str     0x0000073a       0xda ./Generated_Code/IO1.o
                                0x3a3 (size before relaxing)
 .debug_str     0x00000814      0x17a ./Generated_Code/I2C2.o
                                0x575 (size before relaxing)
 .debug_str     0x0000098e       0x9b ./Generated_Code/CsIO1.o
                                0x1e7 (size before relaxing)
 .debug_str     0x00000a29      0x186 ./Generated_Code/Cpu.o
                                0x45b (size before relaxing)
 .debug_str     0x00000baf       0xe4 ./Generated_Code/BitIoLdd2.o
                                0x2dc (size before relaxing)
 .debug_str     0x00000c93       0xa0 ./Generated_Code/BitIoLdd1.o
                                0x2dc (size before relaxing)
 .debug_str     0x00000d33      0x23b ./Generated_Code/AdcLdd1.o
                                0x596 (size before relaxing)
 .debug_str     0x00000f6e       0xbf ./Generated_Code/AD1.o
                                0x257 (size before relaxing)
 .debug_str     0x0000102d       0x85 ./Project_Settings/Startup_Code/__arm_start.o
                                0x19e (size before relaxing)
 .debug_str     0x000010b2       0x41 ./Project_Settings/Startup_Code/__arm_end.o
                                 0xd5 (size before relaxing)
 .debug_str     0x000010f3       0xc7 ./Sources/mma8453.o
                                0x285 (size before relaxing)
 .debug_str     0x000011ba       0x64 ./Sources/adc_data.o
                                 0xff (size before relaxing)
 .debug_str     0x0000121e       0xb8 ./Sources/ProcessorExpert.o
                                0x258 (size before relaxing)
 .debug_str     0x000012d6       0x73 ./Sources/LTC2945.o
                                0x227 (size before relaxing)
 .debug_str     0x00001349      0x139 ./Sources/Events.o
                                0x2f3 (size before relaxing)
 .debug_str     0x00001482       0x44 ./Sources/AS5040.o
                                0x317 (size before relaxing)
 .debug_str     0x000014c6      0x182 D:/CodeWarrior/CW MCU v10.6/MCU/ARM_GCC_Support/ewl/lib/armv6-m\libc.a(printf.o)
                                0x2e9 (size before relaxing)
 .debug_str     0x00001648       0x2e D:/CodeWarrior/CW MCU v10.6/MCU/ARM_GCC_Support/ewl/lib/armv6-m\libc.a(exit.o)
                                0x157 (size before relaxing)
 .debug_str     0x00001676       0x1c D:/CodeWarrior/CW MCU v10.6/MCU/ARM_GCC_Support/ewl/lib/armv6-m\libc.a(memset.o)
                                0x140 (size before relaxing)
 .debug_str     0x00001692      0x236 D:/CodeWarrior/CW MCU v10.6/MCU/ARM_GCC_Support/ewl/lib/armv6-m\libc.a(printformat_.o)
                                0x3b3 (size before relaxing)
 .debug_str     0x000018c8      0x189 D:/CodeWarrior/CW MCU v10.6/MCU/ARM_GCC_Support/ewl/lib/armv6-m\libc.a(ansi_files.o)
                                0x442 (size before relaxing)
 .debug_str     0x00001a51      0x164 D:/CodeWarrior/CW MCU v10.6/MCU/ARM_GCC_Support/ewl/lib/armv6-m\libc.a(fwrite.o)
                                0x53b (size before relaxing)
 .debug_str     0x00001bb5       0x25 D:/CodeWarrior/CW MCU v10.6/MCU/ARM_GCC_Support/ewl/lib/armv6-m\libc.a(__filll_mem.o)
                                0x152 (size before relaxing)
 .debug_str     0x00001bda       0x22 D:/CodeWarrior/CW MCU v10.6/MCU/ARM_GCC_Support/ewl/lib/armv6-m\libc.a(__memrchr.o)
                                0x145 (size before relaxing)
 .debug_str     0x00001bfc       0x1c D:/CodeWarrior/CW MCU v10.6/MCU/ARM_GCC_Support/ewl/lib/armv6-m\libc.a(memchr.o)
                                0x148 (size before relaxing)
 .debug_str     0x00001c18       0x1c D:/CodeWarrior/CW MCU v10.6/MCU/ARM_GCC_Support/ewl/lib/armv6-m\libc.a(memcpy.o)
                                0x138 (size before relaxing)
 .debug_str     0x00001c34       0x1c D:/CodeWarrior/CW MCU v10.6/MCU/ARM_GCC_Support/ewl/lib/armv6-m\libc.a(strchr.o)
                                0x137 (size before relaxing)
 .debug_str     0x00001c50       0x1c D:/CodeWarrior/CW MCU v10.6/MCU/ARM_GCC_Support/ewl/lib/armv6-m\libc.a(strlen.o)
                                0x140 (size before relaxing)
 .debug_str     0x00001c6c       0x8b D:/CodeWarrior/CW MCU v10.6/MCU/ARM_GCC_Support/ewl/lib/armv6-m\libc.a(__buffer_io.o)
                                0x373 (size before relaxing)
 .debug_str     0x00001cf7      0x126 D:/CodeWarrior/CW MCU v10.6/MCU/ARM_GCC_Support/ewl/lib/armv6-m\librt.a(gcc_ctor_dtor.o)
                                0x181 (size before relaxing)
 .debug_str     0x00001e1d       0x96 D:/CodeWarrior/CW MCU v10.6/MCU/ARM_GCC_Support/ewl/lib/armv6-m\librt.a(ROMCopy.o)
                                0x13c (size before relaxing)
 .debug_str     0x00001eb3       0xee D:/CodeWarrior/CW MCU v10.6/MCU/ARM_GCC_Support/ewl/lib/armv6-m\librt.a(__arm_eabi_init.o)
                                0x1b5 (size before relaxing)

.comment        0x00000000       0x79
 .comment       0x00000000       0x79 ./Generated_Code/out_I2C.o
                                 0x7a (size before relaxing)
 .comment       0x00000000       0x7a ./Generated_Code/WAIT1.o
 .comment       0x00000000       0x7a ./Generated_Code/Vectors.o
 .comment       0x00000000       0x7a ./Generated_Code/TU1.o
 .comment       0x00000000       0x7a ./Generated_Code/PE_LDD.o
 .comment       0x00000000       0x7a ./Generated_Code/IO1.o
 .comment       0x00000000       0x7a ./Generated_Code/I2C2.o
 .comment       0x00000000       0x7a ./Generated_Code/CsIO1.o
 .comment       0x00000000       0x7a ./Generated_Code/Cpu.o
 .comment       0x00000000       0x7a ./Generated_Code/BitIoLdd2.o
 .comment       0x00000000       0x7a ./Generated_Code/BitIoLdd1.o
 .comment       0x00000000       0x7a ./Generated_Code/AdcLdd1.o
 .comment       0x00000000       0x7a ./Generated_Code/AD1.o
 .comment       0x00000000       0x7a ./Project_Settings/Startup_Code/__arm_start.o
 .comment       0x00000000       0x7a ./Project_Settings/Startup_Code/__arm_end.o
 .comment       0x00000000       0x7a ./Sources/mma8453.o
 .comment       0x00000000       0x7a ./Sources/adc_data.o
 .comment       0x00000000       0x7a ./Sources/ProcessorExpert.o
 .comment       0x00000000       0x7a ./Sources/LTC2945.o
 .comment       0x00000000       0x7a ./Sources/Events.o
 .comment       0x00000000       0x7a ./Sources/AS5040.o
 .comment       0x00000000       0x7a D:/CodeWarrior/CW MCU v10.6/MCU/ARM_GCC_Support/ewl/lib/armv6-m\libc.a(printf.o)
 .comment       0x00000000       0x7a D:/CodeWarrior/CW MCU v10.6/MCU/ARM_GCC_Support/ewl/lib/armv6-m\libc.a(exit.o)
 .comment       0x00000000       0x7a D:/CodeWarrior/CW MCU v10.6/MCU/ARM_GCC_Support/ewl/lib/armv6-m\libc.a(memset.o)
 .comment       0x00000000       0x7a D:/CodeWarrior/CW MCU v10.6/MCU/ARM_GCC_Support/ewl/lib/armv6-m\libc.a(printformat_.o)
 .comment       0x00000000       0x7a D:/CodeWarrior/CW MCU v10.6/MCU/ARM_GCC_Support/ewl/lib/armv6-m\libc.a(ansi_files.o)
 .comment       0x00000000       0x7a D:/CodeWarrior/CW MCU v10.6/MCU/ARM_GCC_Support/ewl/lib/armv6-m\libc.a(fwrite.o)
 .comment       0x00000000       0x7a D:/CodeWarrior/CW MCU v10.6/MCU/ARM_GCC_Support/ewl/lib/armv6-m\libc.a(__filll_mem.o)
 .comment       0x00000000       0x7a D:/CodeWarrior/CW MCU v10.6/MCU/ARM_GCC_Support/ewl/lib/armv6-m\libc.a(__memrchr.o)
 .comment       0x00000000       0x7a D:/CodeWarrior/CW MCU v10.6/MCU/ARM_GCC_Support/ewl/lib/armv6-m\libc.a(memchr.o)
 .comment       0x00000000       0x7a D:/CodeWarrior/CW MCU v10.6/MCU/ARM_GCC_Support/ewl/lib/armv6-m\libc.a(memcpy.o)
 .comment       0x00000000       0x7a D:/CodeWarrior/CW MCU v10.6/MCU/ARM_GCC_Support/ewl/lib/armv6-m\libc.a(strchr.o)
 .comment       0x00000000       0x7a D:/CodeWarrior/CW MCU v10.6/MCU/ARM_GCC_Support/ewl/lib/armv6-m\libc.a(strlen.o)
 .comment       0x00000000       0x7a D:/CodeWarrior/CW MCU v10.6/MCU/ARM_GCC_Support/ewl/lib/armv6-m\libc.a(__buffer_io.o)
 .comment       0x00000000       0x7a D:/CodeWarrior/CW MCU v10.6/MCU/ARM_GCC_Support/ewl/lib/armv6-m\librt.a(gcc_ctor_dtor.o)
 .comment       0x00000000       0x7a D:/CodeWarrior/CW MCU v10.6/MCU/ARM_GCC_Support/ewl/lib/armv6-m\librt.a(ROMCopy.o)
 .comment       0x00000000       0x7a D:/CodeWarrior/CW MCU v10.6/MCU/ARM_GCC_Support/ewl/lib/armv6-m\librt.a(__arm_eabi_init.o)

.debug_frame    0x00000000     0x11b0
 .debug_frame   0x00000000       0x94 ./Generated_Code/out_I2C.o
 .debug_frame   0x00000094       0x8c ./Generated_Code/WAIT1.o
 .debug_frame   0x00000120       0x70 ./Generated_Code/TU1.o
 .debug_frame   0x00000190       0x70 ./Generated_Code/PE_LDD.o
 .debug_frame   0x00000200       0x98 ./Generated_Code/IO1.o
 .debug_frame   0x00000298       0xf4 ./Generated_Code/I2C2.o
 .debug_frame   0x0000038c       0x70 ./Generated_Code/CsIO1.o
 .debug_frame   0x000003fc       0x9c ./Generated_Code/Cpu.o
 .debug_frame   0x00000498       0xb0 ./Generated_Code/BitIoLdd2.o
 .debug_frame   0x00000548       0xb0 ./Generated_Code/BitIoLdd1.o
 .debug_frame   0x000005f8      0x130 ./Generated_Code/AdcLdd1.o
 .debug_frame   0x00000728       0xe4 ./Generated_Code/AD1.o
 .debug_frame   0x0000080c       0x4c ./Project_Settings/Startup_Code/__arm_start.o
 .debug_frame   0x00000858       0x30 ./Project_Settings/Startup_Code/__arm_end.o
 .debug_frame   0x00000888       0x84 ./Sources/mma8453.o
 .debug_frame   0x0000090c       0x78 ./Sources/adc_data.o
 .debug_frame   0x00000984       0x30 ./Sources/ProcessorExpert.o
 .debug_frame   0x000009b4       0x48 ./Sources/LTC2945.o
 .debug_frame   0x000009fc      0x1a4 ./Sources/Events.o
 .debug_frame   0x00000ba0       0x70 ./Sources/AS5040.o
 .debug_frame   0x00000c10       0x34 D:/CodeWarrior/CW MCU v10.6/MCU/ARM_GCC_Support/ewl/lib/armv6-m\libc.a(printf.o)
 .debug_frame   0x00000c44       0x2c D:/CodeWarrior/CW MCU v10.6/MCU/ARM_GCC_Support/ewl/lib/armv6-m\libc.a(exit.o)
 .debug_frame   0x00000c70       0x28 D:/CodeWarrior/CW MCU v10.6/MCU/ARM_GCC_Support/ewl/lib/armv6-m\libc.a(memset.o)
 .debug_frame   0x00000c98       0x54 D:/CodeWarrior/CW MCU v10.6/MCU/ARM_GCC_Support/ewl/lib/armv6-m\libc.a(printformat_.o)
 .debug_frame   0x00000cec       0x48 D:/CodeWarrior/CW MCU v10.6/MCU/ARM_GCC_Support/ewl/lib/armv6-m\libc.a(ansi_files.o)
 .debug_frame   0x00000d34       0x64 D:/CodeWarrior/CW MCU v10.6/MCU/ARM_GCC_Support/ewl/lib/armv6-m\libc.a(fwrite.o)
 .debug_frame   0x00000d98       0x2c D:/CodeWarrior/CW MCU v10.6/MCU/ARM_GCC_Support/ewl/lib/armv6-m\libc.a(__filll_mem.o)
 .debug_frame   0x00000dc4       0x28 D:/CodeWarrior/CW MCU v10.6/MCU/ARM_GCC_Support/ewl/lib/armv6-m\libc.a(__memrchr.o)
 .debug_frame   0x00000dec       0x28 D:/CodeWarrior/CW MCU v10.6/MCU/ARM_GCC_Support/ewl/lib/armv6-m\libc.a(memchr.o)
 .debug_frame   0x00000e14       0x28 D:/CodeWarrior/CW MCU v10.6/MCU/ARM_GCC_Support/ewl/lib/armv6-m\libc.a(memcpy.o)
 .debug_frame   0x00000e3c       0x28 D:/CodeWarrior/CW MCU v10.6/MCU/ARM_GCC_Support/ewl/lib/armv6-m\libc.a(strchr.o)
 .debug_frame   0x00000e64       0x28 D:/CodeWarrior/CW MCU v10.6/MCU/ARM_GCC_Support/ewl/lib/armv6-m\libc.a(strlen.o)
 .debug_frame   0x00000e8c       0x58 D:/CodeWarrior/CW MCU v10.6/MCU/ARM_GCC_Support/ewl/lib/armv6-m\libc.a(__buffer_io.o)
 .debug_frame   0x00000ee4       0x20 d:/codewarrior/cw mcu v10.6/cross_tools/arm-none-eabi-gcc-4_7_3/bin/../lib/gcc/arm-none-eabi/4.7.3/armv6-m\libgcc.a(_udivsi3.o)
 .debug_frame   0x00000f04       0x20 d:/codewarrior/cw mcu v10.6/cross_tools/arm-none-eabi-gcc-4_7_3/bin/../lib/gcc/arm-none-eabi/4.7.3/armv6-m\libgcc.a(_divsi3.o)
 .debug_frame   0x00000f24       0x3c d:/codewarrior/cw mcu v10.6/cross_tools/arm-none-eabi-gcc-4_7_3/bin/../lib/gcc/arm-none-eabi/4.7.3/armv6-m\libgcc.a(mulsf3.o)
 .debug_frame   0x00000f60       0x28 d:/codewarrior/cw mcu v10.6/cross_tools/arm-none-eabi-gcc-4_7_3/bin/../lib/gcc/arm-none-eabi/4.7.3/armv6-m\libgcc.a(fixsfsi.o)
 .debug_frame   0x00000f88       0x3c d:/codewarrior/cw mcu v10.6/cross_tools/arm-none-eabi-gcc-4_7_3/bin/../lib/gcc/arm-none-eabi/4.7.3/armv6-m\libgcc.a(divdf3.o)
 .debug_frame   0x00000fc4       0x3c d:/codewarrior/cw mcu v10.6/cross_tools/arm-none-eabi-gcc-4_7_3/bin/../lib/gcc/arm-none-eabi/4.7.3/armv6-m\libgcc.a(muldf3.o)
 .debug_frame   0x00001000       0x30 d:/codewarrior/cw mcu v10.6/cross_tools/arm-none-eabi-gcc-4_7_3/bin/../lib/gcc/arm-none-eabi/4.7.3/armv6-m\libgcc.a(floatsidf.o)
 .debug_frame   0x00001030       0x30 d:/codewarrior/cw mcu v10.6/cross_tools/arm-none-eabi-gcc-4_7_3/bin/../lib/gcc/arm-none-eabi/4.7.3/armv6-m\libgcc.a(truncdfsf2.o)
 .debug_frame   0x00001060       0x40 D:/CodeWarrior/CW MCU v10.6/MCU/ARM_GCC_Support/ewl/lib/armv6-m\librt.a(gcc_ctor_dtor.o)
 .debug_frame   0x000010a0       0x54 D:/CodeWarrior/CW MCU v10.6/MCU/ARM_GCC_Support/ewl/lib/armv6-m\librt.a(ROMCopy.o)
 .debug_frame   0x000010f4       0xbc D:/CodeWarrior/CW MCU v10.6/MCU/ARM_GCC_Support/ewl/lib/armv6-m\librt.a(__arm_eabi_init.o)
