Archive member included because of file (symbol)

D:/CodeWarrior/CW MCU v10.6/MCU/ARM_GCC_Support/ewl/lib/armv6-m\libc.a(printf.o)
                              ./Sources/ProcessorExpert.o (printf)
D:/CodeWarrior/CW MCU v10.6/MCU/ARM_GCC_Support/ewl/lib/armv6-m\libc.a(putchar.o)
                              ./Sources/ProcessorExpert.o (putchar)
D:/CodeWarrior/CW MCU v10.6/MCU/ARM_GCC_Support/ewl/lib/armv6-m\libc.a(exit.o)
                              ./Project_Settings/Startup_Code/__arm_start.o (exit)
D:/CodeWarrior/CW MCU v10.6/MCU/ARM_GCC_Support/ewl/lib/armv6-m\libc.a(memset.o)
                              ./Project_Settings/Startup_Code/__arm_start.o (memset)
D:/CodeWarrior/CW MCU v10.6/MCU/ARM_GCC_Support/ewl/lib/armv6-m\libc.a(printformat_.o)
                              (__pformatter_)
D:/CodeWarrior/CW MCU v10.6/MCU/ARM_GCC_Support/ewl/lib/armv6-m\libc.a(__putchar.o)
                              D:/CodeWarrior/CW MCU v10.6/MCU/ARM_GCC_Support/ewl/lib/armv6-m\libc.a(putchar.o) (__put_char)
D:/CodeWarrior/CW MCU v10.6/MCU/ARM_GCC_Support/ewl/lib/armv6-m\libc.a(ansi_files.o)
                              D:/CodeWarrior/CW MCU v10.6/MCU/ARM_GCC_Support/ewl/lib/armv6-m\libc.a(printf.o) (__files)
D:/CodeWarrior/CW MCU v10.6/MCU/ARM_GCC_Support/ewl/lib/armv6-m\libc.a(fflush.o)
                              D:/CodeWarrior/CW MCU v10.6/MCU/ARM_GCC_Support/ewl/lib/armv6-m\libc.a(ansi_files.o) (fflush)
D:/CodeWarrior/CW MCU v10.6/MCU/ARM_GCC_Support/ewl/lib/armv6-m\libc.a(fwrite.o)
                              D:/CodeWarrior/CW MCU v10.6/MCU/ARM_GCC_Support/ewl/lib/armv6-m\libc.a(printf.o) (__FileWrite)
D:/CodeWarrior/CW MCU v10.6/MCU/ARM_GCC_Support/ewl/lib/armv6-m\libc.a(__filll_mem.o)
                              D:/CodeWarrior/CW MCU v10.6/MCU/ARM_GCC_Support/ewl/lib/armv6-m\libc.a(memset.o) (__fill_mem)
D:/CodeWarrior/CW MCU v10.6/MCU/ARM_GCC_Support/ewl/lib/armv6-m\libc.a(__memrchr.o)
                              D:/CodeWarrior/CW MCU v10.6/MCU/ARM_GCC_Support/ewl/lib/armv6-m\libc.a(fwrite.o) (__memrchr)
D:/CodeWarrior/CW MCU v10.6/MCU/ARM_GCC_Support/ewl/lib/armv6-m\libc.a(memchr.o)
                              D:/CodeWarrior/CW MCU v10.6/MCU/ARM_GCC_Support/ewl/lib/armv6-m\libc.a(printformat_.o) (memchr)
D:/CodeWarrior/CW MCU v10.6/MCU/ARM_GCC_Support/ewl/lib/armv6-m\libc.a(memcpy.o)
                              D:/CodeWarrior/CW MCU v10.6/MCU/ARM_GCC_Support/ewl/lib/armv6-m\libc.a(fwrite.o) (memcpy)
D:/CodeWarrior/CW MCU v10.6/MCU/ARM_GCC_Support/ewl/lib/armv6-m\libc.a(strchr.o)
                              D:/CodeWarrior/CW MCU v10.6/MCU/ARM_GCC_Support/ewl/lib/armv6-m\libc.a(printformat_.o) (strchr)
D:/CodeWarrior/CW MCU v10.6/MCU/ARM_GCC_Support/ewl/lib/armv6-m\libc.a(strlen.o)
                              D:/CodeWarrior/CW MCU v10.6/MCU/ARM_GCC_Support/ewl/lib/armv6-m\libc.a(printformat_.o) (strlen)
D:/CodeWarrior/CW MCU v10.6/MCU/ARM_GCC_Support/ewl/lib/armv6-m\libc.a(__buffer_io.o)
                              D:/CodeWarrior/CW MCU v10.6/MCU/ARM_GCC_Support/ewl/lib/armv6-m\libc.a(__putchar.o) (__prep_buffer)
d:/codewarrior/cw mcu v10.6/cross_tools/arm-none-eabi-gcc-4_7_3/bin/../lib/gcc/arm-none-eabi/4.7.3/armv6-m\libgcc.a(_udivsi3.o)
                              D:/CodeWarrior/CW MCU v10.6/MCU/ARM_GCC_Support/ewl/lib/armv6-m\libc.a(printformat_.o) (__aeabi_uidiv)
d:/codewarrior/cw mcu v10.6/cross_tools/arm-none-eabi-gcc-4_7_3/bin/../lib/gcc/arm-none-eabi/4.7.3/armv6-m\libgcc.a(_divsi3.o)
                              ./Sources/mma8453.o (__aeabi_idiv)
d:/codewarrior/cw mcu v10.6/cross_tools/arm-none-eabi-gcc-4_7_3/bin/../lib/gcc/arm-none-eabi/4.7.3/armv6-m\libgcc.a(_dvmd_tls.o)
                              d:/codewarrior/cw mcu v10.6/cross_tools/arm-none-eabi-gcc-4_7_3/bin/../lib/gcc/arm-none-eabi/4.7.3/armv6-m\libgcc.a(_udivsi3.o) (__aeabi_idiv0)
d:/codewarrior/cw mcu v10.6/cross_tools/arm-none-eabi-gcc-4_7_3/bin/../lib/gcc/arm-none-eabi/4.7.3/armv6-m\libgcc.a(floatsisf.o)
                              ./Sources/adc_data.o (__aeabi_i2f)
d:/codewarrior/cw mcu v10.6/cross_tools/arm-none-eabi-gcc-4_7_3/bin/../lib/gcc/arm-none-eabi/4.7.3/armv6-m\libgcc.a(divdf3.o)
                              ./Sources/adc_data.o (__aeabi_ddiv)
d:/codewarrior/cw mcu v10.6/cross_tools/arm-none-eabi-gcc-4_7_3/bin/../lib/gcc/arm-none-eabi/4.7.3/armv6-m\libgcc.a(muldf3.o)
                              ./Sources/adc_data.o (__aeabi_dmul)
d:/codewarrior/cw mcu v10.6/cross_tools/arm-none-eabi-gcc-4_7_3/bin/../lib/gcc/arm-none-eabi/4.7.3/armv6-m\libgcc.a(floatsidf.o)
                              ./Sources/adc_data.o (__aeabi_i2d)
d:/codewarrior/cw mcu v10.6/cross_tools/arm-none-eabi-gcc-4_7_3/bin/../lib/gcc/arm-none-eabi/4.7.3/armv6-m\libgcc.a(truncdfsf2.o)
                              ./Sources/adc_data.o (__aeabi_d2f)
d:/codewarrior/cw mcu v10.6/cross_tools/arm-none-eabi-gcc-4_7_3/bin/../lib/gcc/arm-none-eabi/4.7.3/armv6-m\libgcc.a(_clzsi2.o)
[...]
Memory Configuration

Name             Origin             Length             Attributes
m_interrupts     0x00000000         0x000000c0         xr
m_text           0x00000410         0x0001fbf0         xr
m_data_1FFFF000  0x1ffff000         0x00001000         rw
m_data           0x20000000         0x00003000         rw
m_cfmprotrom     0x00000400         0x00000010         xr
*default*        0x00000000         0xffffffff

Linker script and memory map

LOAD ./Generated_Code/out_I2C.o
LOAD ./Generated_Code/WAIT1.o
LOAD ./Generated_Code/Vectors.o
LOAD ./Generated_Code/TU1.o
LOAD ./Generated_Code/PE_LDD.o
LOAD ./Generated_Code/LEDred.o
LOAD ./Generated_Code/LEDpin2.o
LOAD ./Generated_Code/LEDpin1.o
LOAD ./Generated_Code/LEDgreen.o
LOAD ./Generated_Code/IO1.o
LOAD ./Generated_Code/I2C2.o
LOAD ./Generated_Code/CsIO1.o
LOAD ./Generated_Code/Cpu.o
LOAD ./Generated_Code/BitIoLdd2.o
LOAD ./Generated_Code/BitIoLdd1.o
LOAD ./Generated_Code/AdcLdd1.o
LOAD ./Generated_Code/AD1.o
LOAD ./Project_Settings/Startup_Code/__arm_start.o
LOAD ./Project_Settings/Startup_Code/__arm_end.o
LOAD ./Sources/mma8453.o
LOAD ./Sources/adc_data.o
LOAD ./Sources/ProcessorExpert.o
LOAD ./Sources/LTC2945.o
LOAD ./Sources/Events.o
LOAD ./Sources/AS5040.o
                0x00002458                __pformatter = __pformatter_
START GROUP
LOAD D:/CodeWarrior/CW MCU v10.6/MCU/ARM_GCC_Support/ewl/lib/armv6-m\libc.a
LOAD D:/CodeWarrior/CW MCU v10.6/MCU/ARM_GCC_Support/ewl/lib/armv6-m\libm.a
LOAD d:/codewarrior/cw mcu v10.6/cross_tools/arm-none-eabi-gcc-4_7_3/bin/../lib/gcc/arm-none-eabi/4.7.3/armv6-m\libgcc.a
LOAD D:/CodeWarrior/CW MCU v10.6/MCU/ARM_GCC_Support/ewl/lib/armv6-m\libuart.a
LOAD D:/CodeWarrior/CW MCU v10.6/MCU/ARM_GCC_Support/ewl/lib/armv6-m\librt.a
END GROUP
                0x20003000                _estack = 0x20003000
                0x20003000                __SP_INIT = _estack
                0x00000000                __heap_size = 0x0
                0x00000400                __stack_size = 0x400

.interrupts     0x00000000       0xc0
                0x00000000                __vector_table = .
                0x00000000                . = ALIGN (0x4)
 *(.vectortable)
 .vectortable   0x00000000       0xc0 ./Generated_Code/Vectors.o
                0x00000000                __vect_table
                0x000000c0                . = ALIGN (0x4)

.cfmprotect     0x00000400        0x0
                0x00000400                . = ALIGN (0x4)
 *(.cfmconfig)
                0x00000400                . = ALIGN (0x4)

.text           0x00000410     0x290c
                0x00000410                . = ALIGN (0x4)
 *(.text)
 .text          0x00000410       0x9c d:/codewarrior/cw mcu v10.6/cross_tools/arm-none-eabi-gcc-4_7_3/bin/../lib/gcc/arm-none-eabi/4.7.3/armv6-m\libgcc.a(_udivsi3.o)
                0x00000410                __aeabi_uidiv
                0x00000410                __udivsi3
                0x00000498                __aeabi_uidivmod
 .text          0x000004ac       0xc0 d:/codewarrior/cw mcu v10.6/cross_tools/arm-none-eabi-gcc-4_7_3/bin/../lib/gcc/arm-none-eabi/4.7.3/armv6-m\libgcc.a(_divsi3.o)
                0x000004ac                __divsi3
                0x000004ac                __aeabi_idiv
                0x00000558                __aeabi_idivmod
 .text          0x0000056c        0x4 d:/codewarrior/cw mcu v10.6/cross_tools/arm-none-eabi-gcc-4_7_3/bin/../lib/gcc/arm-none-eabi/4.7.3/armv6-m\libgcc.a(_dvmd_tls.o)
                0x0000056c                __aeabi_idiv0
                0x0000056c                __aeabi_ldiv0
 *(.text*)
 .text.out_I2C_Interrupt
                0x00000570      0x208 ./Generated_Code/out_I2C.o
                0x00000570                out_I2C_Interrupt
 .text.out_I2C_Init
                0x00000778      0x114 ./Generated_Code/out_I2C.o
                0x00000778                out_I2C_Init
 .text.WAIT1_Wait100Cycles
                0x0000088c       0x30 ./Generated_Code/WAIT1.o
                0x0000088c                WAIT1_Wait100Cycles
 .text.WAIT1_WaitCycles
                0x000008bc       0x2c ./Generated_Code/WAIT1.o
                0x000008bc                WAIT1_WaitCycles
 .text.TU1_Init
                0x000008e8       0xcc ./Generated_Code/TU1.o
                0x000008e8                TU1_Init
 .text.TU1_Interrupt
                0x000009b4       0x5c ./Generated_Code/TU1.o
                0x000009b4                TU1_Interrupt
 .text.IO1_Init
                0x00000a10      0x160 ./Generated_Code/IO1.o
                0x00000a10                IO1_Init
 .text.I2C2_Interrupt
                0x00000b70      0x2b8 ./Generated_Code/I2C2.o
                0x00000b70                I2C2_Interrupt
 .text.I2C2_Init
                0x00000e28      0x11c ./Generated_Code/I2C2.o
                0x00000e28                I2C2_Init
 .text.I2C2_MasterSendBlock
                0x00000f44      0x19c ./Generated_Code/I2C2.o
                0x00000f44                I2C2_MasterSendBlock
 .text.I2C2_MasterReceiveBlock
                0x000010e0      0x19c ./Generated_Code/I2C2.o
                0x000010e0                I2C2_MasterReceiveBlock
 .text.__read_console
                0x0000127c       0x8c ./Generated_Code/CsIO1.o
                0x0000127c                __read_console
 .text.__write_console
                0x00001308       0x7c ./Generated_Code/CsIO1.o
                0x00001308                __write_console
 .text.__close_console
                0x00001384       0x14 ./Generated_Code/CsIO1.o
                0x00001384                __close_console
 .text.Cpu_INT_NMIInterrupt
                0x00001398        0xc ./Generated_Code/Cpu.o
                0x00001398                Cpu_INT_NMIInterrupt
 .text.Cpu_Interrupt
                0x000013a4        0xc ./Generated_Code/Cpu.o
                0x000013a4                Cpu_Interrupt
 .text.__init_hardware
                0x000013b0      0x174 ./Generated_Code/Cpu.o
                0x000013b0                __init_hardware
 .text.PE_low_level_init
                0x00001524       0xf8 ./Generated_Code/Cpu.o
                0x00001524                PE_low_level_init
 .text.BitIoLdd2_Init
                0x0000161c       0x68 ./Generated_Code/BitIoLdd2.o
                0x0000161c                BitIoLdd2_Init
 .text.BitIoLdd2_ClrVal
                0x00001684       0x1c ./Generated_Code/BitIoLdd2.o
                0x00001684                BitIoLdd2_ClrVal
 .text.BitIoLdd2_SetVal
                0x000016a0       0x1c ./Generated_Code/BitIoLdd2.o
                0x000016a0                BitIoLdd2_SetVal
 .text.BitIoLdd1_Init
                0x000016bc       0x68 ./Generated_Code/BitIoLdd1.o
                0x000016bc                BitIoLdd1_Init
 .text.BitIoLdd1_ClrVal
                0x00001724       0x1c ./Generated_Code/BitIoLdd1.o
                0x00001724                BitIoLdd1_ClrVal
 .text.BitIoLdd1_SetVal
                0x00001740       0x1c ./Generated_Code/BitIoLdd1.o
                0x00001740                BitIoLdd1_SetVal
 .text.AdcLdd1_Init
                0x0000175c       0xd4 ./Generated_Code/AdcLdd1.o
                0x0000175c                AdcLdd1_Init
 .text.AdcLdd1_StartSingleMeasurement
                0x00001830       0x44 ./Generated_Code/AdcLdd1.o
                0x00001830                AdcLdd1_StartSingleMeasurement
 .text.AdcLdd1_CreateSampleGroup
                0x00001874       0x6c ./Generated_Code/AdcLdd1.o
                0x00001874                AdcLdd1_CreateSampleGroup
 .text.AdcLdd1_GetMeasuredValues
                0x000018e0       0x60 ./Generated_Code/AdcLdd1.o
                0x000018e0                AdcLdd1_GetMeasuredValues
 .text.AdcLdd1_GetCalibrationResultStatus
                0x00001940       0xb8 ./Generated_Code/AdcLdd1.o
                0x00001940                AdcLdd1_GetCalibrationResultStatus
 .text.AdcLdd1_MeasurementCompleteInterrupt
                0x000019f8       0x30 ./Generated_Code/AdcLdd1.o
                0x000019f8                AdcLdd1_MeasurementCompleteInterrupt
 .text.ClrSumV  0x00001a28       0x18 ./Generated_Code/AD1.o
 .text.AD1_HWEnDi
                0x00001a40       0x58 ./Generated_Code/AD1.o
                0x00001a40                AD1_HWEnDi
 .text.AD1_Measure
                0x00001a98       0x48 ./Generated_Code/AD1.o
                0x00001a98                AD1_Measure
 .text.AdcLdd1_OnMeasurementComplete
                0x00001ae0       0xb4 ./Generated_Code/AD1.o
                0x00001ae0                AdcLdd1_OnMeasurementComplete
 .text.AD1_Init
                0x00001b94       0x2c ./Generated_Code/AD1.o
                0x00001b94                AD1_Init
 .text.zero_fill_bss
                0x00001bc0       0x24 ./Project_Settings/Startup_Code/__arm_start.o
 .text.__thumb_startup
                0x00001be4       0x30 ./Project_Settings/Startup_Code/__arm_start.o
                0x00001be4                __thumb_startup
 .text._ExitProcess
                0x00001c14        0xc ./Project_Settings/Startup_Code/__arm_end.o
                0x00001c14                _ExitProcess
 .text.Timer_Interrupt_CB
                0x00001c20       0x38 ./Sources/mma8453.o
                0x00001c20                Timer_Interrupt_CB
 .text.MMA845X_Init
                0x00001c58       0xac ./Sources/mma8453.o
                0x00001c58                MMA845X_Init
 .text.MMA845X_Poll
                0x00001d04      0x144 ./Sources/mma8453.o
                0x00001d04                MMA845X_Poll
 .text.MMA845X_filtering
                0x00001e48       0x50 ./Sources/mma8453.o
                0x00001e48                MMA845X_filtering
 .text.main     0x00001e98       0xe4 ./Sources/ProcessorExpert.o
                0x00001e98                main
 .text.TU1_OnCounterRestart
                0x00001f7c       0x14 ./Sources/Events.o
                0x00001f7c                TU1_OnCounterRestart
 .text.I2C2_OnMasterBlockSent
                0x00001f90       0x18 ./Sources/Events.o
                0x00001f90                I2C2_OnMasterBlockSent
 .text.I2C2_OnMasterBlockReceived
                0x00001fa8       0x18 ./Sources/Events.o
                0x00001fa8                I2C2_OnMasterBlockReceived
 .text.I2C2_OnError
                0x00001fc0       0x10 ./Sources/Events.o
                0x00001fc0                I2C2_OnError
 .text.Cpu_OnNMIINT
                0x00001fd0        0x8 ./Sources/Events.o
                0x00001fd0                Cpu_OnNMIINT
 .text.out_I2C_OnMasterBlockSent
                0x00001fd8       0x18 ./Sources/Events.o
                0x00001fd8                out_I2C_OnMasterBlockSent
 .text.out_I2C_OnMasterBlockReceived
                0x00001ff0       0x18 ./Sources/Events.o
                0x00001ff0                out_I2C_OnMasterBlockReceived
 .text.AD1_OnEnd
                0x00002008       0x14 ./Sources/Events.o
                0x00002008                AD1_OnEnd
 .text.AD1_OnCalibrationEnd
                0x0000201c        0x8 ./Sources/Events.o
                0x0000201c                AD1_OnCalibrationEnd
 .text.AS5040_Init
                0x00002024       0x64 ./Sources/AS5040.o
                0x00002024                AS5040_Init
 .text.AS5040_Data_read
                0x00002088       0x8c ./Sources/AS5040.o
                0x00002088                AS5040_Data_read
 .text.AS5040_data_parser
                0x00002114       0xc4 ./Sources/AS5040.o
                0x00002114                AS5040_data_parser
 .text.AS5040_filtering
                0x000021d8       0x50 ./Sources/AS5040.o
                0x000021d8                AS5040_filtering
 .text.printf   0x00002228       0x28 D:/CodeWarrior/CW MCU v10.6/MCU/ARM_GCC_Support/ewl/lib/armv6-m\libc.a(printf.o)
                0x00002228                printf
 .text.putchar  0x00002250       0x28 D:/CodeWarrior/CW MCU v10.6/MCU/ARM_GCC_Support/ewl/lib/armv6-m\libc.a(putchar.o)
                0x00002250                putchar
 .text.exit     0x00002278       0x38 D:/CodeWarrior/CW MCU v10.6/MCU/ARM_GCC_Support/ewl/lib/armv6-m\libc.a(exit.o)
                0x00002278                exit
 .text.memset   0x000022b0        0xc D:/CodeWarrior/CW MCU v10.6/MCU/ARM_GCC_Support/ewl/lib/armv6-m\libc.a(memset.o)
                0x000022b0                memset
 .text.long2str.isra.0
                0x000022bc      0x19c D:/CodeWarrior/CW MCU v10.6/MCU/ARM_GCC_Support/ewl/lib/armv6-m\libc.a(printformat_.o)
 .text.__pformatter_
                0x00002458      0x428 D:/CodeWarrior/CW MCU v10.6/MCU/ARM_GCC_Support/ewl/lib/armv6-m\libc.a(printformat_.o)
                0x00002458                __pformatter_
 .text.__put_char
                0x00002880       0x90 D:/CodeWarrior/CW MCU v10.6/MCU/ARM_GCC_Support/ewl/lib/armv6-m\libc.a(__putchar.o)
                0x00002880                __put_char
 .text.__fwrite
                0x00002910      0x160 D:/CodeWarrior/CW MCU v10.6/MCU/ARM_GCC_Support/ewl/lib/armv6-m\libc.a(fwrite.o)
                0x00002910                __fwrite
 .text.__FileWrite
                0x00002a70       0x1c D:/CodeWarrior/CW MCU v10.6/MCU/ARM_GCC_Support/ewl/lib/armv6-m\libc.a(fwrite.o)
                0x00002a70                __FileWrite
 .text.__fill_mem
                0x00002a8c       0x7e D:/CodeWarrior/CW MCU v10.6/MCU/ARM_GCC_Support/ewl/lib/armv6-m\libc.a(__filll_mem.o)
                0x00002a8c                __fill_mem
 .text.__memrchr
                0x00002b0a       0x1e D:/CodeWarrior/CW MCU v10.6/MCU/ARM_GCC_Support/ewl/lib/armv6-m\libc.a(__memrchr.o)
                0x00002b0a                __memrchr
 .text.memchr   0x00002b28       0x1a D:/CodeWarrior/CW MCU v10.6/MCU/ARM_GCC_Support/ewl/lib/armv6-m\libc.a(memchr.o)
                0x00002b28                memchr
 .text.memcpy   0x00002b42       0x12 D:/CodeWarrior/CW MCU v10.6/MCU/ARM_GCC_Support/ewl/lib/armv6-m\libc.a(memcpy.o)
                0x00002b42                memcpy
 .text.strchr   0x00002b54       0x1e D:/CodeWarrior/CW MCU v10.6/MCU/ARM_GCC_Support/ewl/lib/armv6-m\libc.a(strchr.o)
                0x00002b54                strchr
 .text.strlen   0x00002b72       0x10 D:/CodeWarrior/CW MCU v10.6/MCU/ARM_GCC_Support/ewl/lib/armv6-m\libc.a(strlen.o)
                0x00002b72                strlen
 .text.__prep_buffer
                0x00002b82       0x14 D:/CodeWarrior/CW MCU v10.6/MCU/ARM_GCC_Support/ewl/lib/armv6-m\libc.a(__buffer_io.o)
                0x00002b82                __prep_buffer
 .text.__flush_buffer
                0x00002b96       0x38 D:/CodeWarrior/CW MCU v10.6/MCU/ARM_GCC_Support/ewl/lib/armv6-m\libc.a(__buffer_io.o)
                0x00002b96                __flush_buffer
 *fill*         0x00002bce        0x2 00
 .text.__init_cpp
                0x00002bd0       0x48 D:/CodeWarrior/CW MCU v10.6/MCU/ARM_GCC_Support/ewl/lib/armv6-m\librt.a(gcc_ctor_dtor.o)
                0x00002bd0                __init_cpp
 .text.__fini_cpp
                0x00002c18       0x34 D:/CodeWarrior/CW MCU v10.6/MCU/ARM_GCC_Support/ewl/lib/armv6-m\librt.a(gcc_ctor_dtor.o)
                0x00002c18                __fini_cpp
 .text.__copy_rom_section
                0x00002c4c       0x48 D:/CodeWarrior/CW MCU v10.6/MCU/ARM_GCC_Support/ewl/lib/armv6-m\librt.a(ROMCopy.o)
                0x00002c4c                __copy_rom_section
 .text.__copy_rom_sections_to_ram
                0x00002c94       0x34 D:/CodeWarrior/CW MCU v10.6/MCU/ARM_GCC_Support/ewl/lib/armv6-m\librt.a(ROMCopy.o)
                0x00002c94                __copy_rom_sections_to_ram
 .text.__destroy_global_chain
                0x00002cc8       0x1c D:/CodeWarrior/CW MCU v10.6/MCU/ARM_GCC_Support/ewl/lib/armv6-m\librt.a(__arm_eabi_init.o)
                0x00002cc8                __destroy_global_chain
 .text.__init_registers
                0x00002ce4       0x1c D:/CodeWarrior/CW MCU v10.6/MCU/ARM_GCC_Support/ewl/lib/armv6-m\librt.a(__arm_eabi_init.o)
                0x00002ce4                __init_registers
 .text.__init_user
                0x00002d00        0x4 D:/CodeWarrior/CW MCU v10.6/MCU/ARM_GCC_Support/ewl/lib/armv6-m\librt.a(__arm_eabi_init.o)
                0x00002d00                __init_user
 *(.rodata)
 .rodata        0x00002d04        0x8 ./Sources/ProcessorExpert.o
 *(.rodata*)
 .rodata.ChannelToPin
                0x00002d0c        0x4 ./Generated_Code/AdcLdd1.o
 .rodata.str1.1
                0x00002d10        0x1 D:/CodeWarrior/CW MCU v10.6/MCU/ARM_GCC_Support/ewl/lib/armv6-m\libc.a(printformat_.o)
 .rodata.CSWTCH.20
                0x00002d11        0x5 D:/CodeWarrior/CW MCU v10.6/MCU/ARM_GCC_Support/ewl/lib/armv6-m\libc.a(printformat_.o)
 .rodata.CSWTCH.21
                0x00002d16        0x5 D:/CodeWarrior/CW MCU v10.6/MCU/ARM_GCC_Support/ewl/lib/armv6-m\libc.a(printformat_.o)
 *(.glue_7)
 .glue_7        0x00000000        0x0 linker stubs
 *(.glue_7t)
 .glue_7t       0x00000000        0x0 linker stubs
 *(.eh_frame)
 *(.init)
 *(.fini)
                0x00002d1c                . = ALIGN (0x4)
 *fill*         0x00002d1b        0x1 00
                0x00002d1c                _etext = .

.vfp11_veneer   0x00002d1c        0x0
 .vfp11_veneer  0x00000000        0x0 linker stubs

.v4_bx          0x00002d1c        0x0
 .v4_bx         0x00000000        0x0 linker stubs

.iplt           0x00002d1c        0x0
 .iplt          0x00000000        0x0 ./Generated_Code/out_I2C.o

.rel.dyn        0x00002d1c        0x0
 .rel.iplt      0x00000000        0x0 ./Generated_Code/out_I2C.o

.ARM.extab
 *(.ARM.extab* .gnu.linkonce.armextab.*)

.ARM            0x00002d1c        0x0
                0x00002d1c                __exidx_start = .
 *(.ARM.exidx*)
                0x00002d1c                __exidx_end = .

.ctors          0x00002d1c        0x0
                0x00002d1c                __CTOR_LIST__ = .
 *crtbegin.o(.ctors)
 *(EXCLUDE_FILE(*crtend.o) .ctors)
 *(SORT(.ctors.*))
 *(.ctors)
                0x00002d1c                __CTOR_END__ = .

.dtors          0x00002d1c        0x0
                0x00002d1c                __DTOR_LIST__ = .
 *crtbegin.o(.dtors)
 *(EXCLUDE_FILE(*crtend.o) .dtors)
 *(SORT(.dtors.*))
 *(.dtors)
                0x00002d1c                __DTOR_END__ = .

.preinit_array  0x00002d1c        0x0
                0x00002d1c                PROVIDE (__preinit_array_start, .)
 *(.preinit_array*)
                0x00002d1c                PROVIDE (__preinit_array_end, .)

.init_array     0x00002d1c        0x0
                0x00002d1c                PROVIDE (__init_array_start, .)
 *(SORT(.init_array.*))
 *(.init_array*)
                0x00002d1c                PROVIDE (__init_array_end, .)

.fini_array     0x00002d1c        0x0
                0x00002d1c                PROVIDE (__fini_array_start, .)
 *(SORT(.fini_array.*))
 *(.fini_array*)
                0x00002d1c                PROVIDE (__fini_array_end, .)
                0x00002d1c                ___ROM_AT = .

.mtb            0x20000000        0x0
                0x20000000                . = ALIGN (0x8)
                0x20000000                _mtb_start = .
 *(.mtb_buf)
                0x20000000                . = ALIGN (0x8)
                0x20000000                _mtb_end = .

.data           0x20000000       0xd4 load address 0x00002d1c
                0x20000000                . = ALIGN (0x4)
                0x20000000                _sdata = .
 *(.data)
 *(.data*)
 .data.OutData  0x20000000        0x4 ./Sources/mma8453.o
                0x20000000                OutData
 .data.measuring_last
                0x20000004        0x1 ./Sources/mma8453.o
 *fill*         0x20000005        0x3 00
 .data.__files  0x20000008       0xcc D:/CodeWarrior/CW MCU v10.6/MCU/ARM_GCC_Support/ewl/lib/armv6-m\libc.a(ansi_files.o)
                0x20000008                __files
                0x200000d4                . = ALIGN (0x4)
                0x200000d4                _edata = .
                0x000000d4                ___data_size = (_edata - _sdata)
                0x00002df0                ___m_data_1FFFF000_ROMStart = (___ROM_AT + SIZEOF (.data))

.igot.plt       0x200000d4        0x0 load address 0x00002df0
 .igot.plt      0x00000000        0x0 ./Generated_Code/out_I2C.o

.m_data_1FFFF000
                0x1ffff000        0x0 load address 0x00002df0
                0x1ffff000                . = ALIGN (0x4)
                0x1ffff000                ___m_data_1FFFF000_RAMStart = .
 *(.m_data_1FFFF000)
                0x1ffff000                ___m_data_1FFFF000_RAMEnd = .
                0x1ffff000                . = ALIGN (0x4)
                0x00000000                ___m_data_1FFFF000_ROMSize = (___m_data_1FFFF000_RAMEnd - ___m_data_1FFFF000_RAMStart)
                0x1ffff000                . = ALIGN (0x4)

.bss            0x200000d4      0x1e4 load address 0x00002df0
                0x200000d4                __START_BSS = .
                0x200000d4                PROVIDE (__bss_start__, __START_BSS)
 *(.bss)
 *(.bss*)
 .bss.DeviceDataPrv__DEFAULT_RTOS_ALLOC
                0x200000d4       0x14 ./Generated_Code/out_I2C.o
 .bss.INT_I2C1__DEFAULT_RTOS_ISRPARAM
                0x200000e8        0x4 ./Generated_Code/out_I2C.o
 .bss.DeviceDataPrv__DEFAULT_RTOS_ALLOC
                0x200000ec        0x8 ./Generated_Code/TU1.o
 .bss.INT_TPM0__DEFAULT_RTOS_ISRPARAM
                0x200000f4        0x4 ./Generated_Code/TU1.o
 .bss.PE_LDD_DeviceDataList
                0x200000f8       0x1c ./Generated_Code/PE_LDD.o
                0x200000f8                PE_LDD_DeviceDataList
 .bss.DeviceDataPrv__DEFAULT_RTOS_ALLOC
                0x20000114       0x18 ./Generated_Code/IO1.o
 .bss.DeviceDataPrv__DEFAULT_RTOS_ALLOC
                0x2000012c       0x18 ./Generated_Code/I2C2.o
 .bss.INT_I2C0__DEFAULT_RTOS_ISRPARAM
                0x20000144        0x4 ./Generated_Code/I2C2.o
 .bss.SR_lock   0x20000148        0x1 ./Generated_Code/Cpu.o
                0x20000148                SR_lock
 *fill*         0x20000149        0x3 00
 .bss.DeviceDataPrv__DEFAULT_RTOS_ALLOC
                0x2000014c        0x4 ./Generated_Code/BitIoLdd2.o
 .bss.DeviceDataPrv__DEFAULT_RTOS_ALLOC
                0x20000150        0x4 ./Generated_Code/BitIoLdd1.o
 .bss.DeviceDataPrv__DEFAULT_RTOS_ALLOC
                0x20000154        0x8 ./Generated_Code/AdcLdd1.o
 .bss.INT_ADC0__DEFAULT_RTOS_ISRPARAM
                0x2000015c        0x4 ./Generated_Code/AdcLdd1.o
 .bss.SumChan   0x20000160        0x1 ./Generated_Code/AD1.o
 .bss.ModeFlg   0x20000161        0x1 ./Generated_Code/AD1.o
 *fill*         0x20000162        0x2 00
 .bss.SampleGroup
                0x20000164        0x4 ./Generated_Code/AD1.o
 .bss.OutFlg    0x20000168        0x1 ./Generated_Code/AD1.o
 *fill*         0x20000169        0x3 00
 .bss.argv      0x2000016c        0x4 ./Project_Settings/Startup_Code/__arm_start.o
 .bss.DataReceivedFlg
                0x20000170        0x1 ./Sources/mma8453.o
                0x20000170                DataReceivedFlg
 .bss.DataTransmittedFlg
                0x20000171        0x1 ./Sources/mma8453.o
                0x20000171                DataTransmittedFlg
 .bss.measuring
                0x20000172        0x1 ./Sources/mma8453.o
 *fill*         0x20000173        0x1 00
 .bss.avarage.5619
                0x20000174        0x4 ./Sources/mma8453.o
 .bss.LTCDataReceivedFlg
                0x20000178        0x1 ./Sources/LTC2945.o
                0x20000178                LTCDataReceivedFlg
 .bss.LTCDataTransmittedFlg
                0x20000179        0x1 ./Sources/LTC2945.o
                0x20000179                LTCDataTransmittedFlg
 *fill*         0x2000017a        0x2 00
 .bss.avarage.5579
                0x2000017c        0x4 ./Sources/AS5040.o
 .bss.__stdio_exit
                0x20000180        0x4 D:/CodeWarrior/CW MCU v10.6/MCU/ARM_GCC_Support/ewl/lib/armv6-m\libc.a(exit.o)
                0x20000180                __stdio_exit
 .bss.__console_exit
                0x20000184        0x4 D:/CodeWarrior/CW MCU v10.6/MCU/ARM_GCC_Support/ewl/lib/armv6-m\libc.a(exit.o)
                0x20000184                __console_exit
 .bss.__S_romp  0x20000188        0xc D:/CodeWarrior/CW MCU v10.6/MCU/ARM_GCC_Support/ewl/lib/armv6-m\librt.a(ROMCopy.o)
 .bss.__global_destructor_chain
                0x20000194        0x4 D:/CodeWarrior/CW MCU v10.6/MCU/ARM_GCC_Support/ewl/lib/armv6-m\librt.a(__arm_eabi_init.o)
                0x20000194                __global_destructor_chain
 *(COMMON)
 COMMON         0x20000198        0x1 ./Generated_Code/Cpu.o
                0x20000198                SR_reg
 *fill*         0x20000199        0x3 00
 COMMON         0x2000019c        0x8 ./Generated_Code/AD1.o
                0x2000019c                AD1_OutV
                0x200001a0                AdcLdd1_DeviceDataPtr
 COMMON         0x200001a4       0x1e ./Sources/mma8453.o
                0x200001a4                mma845x
                0x200001ac                mma845_tmp
                0x200001b0                InData
                0x200001b8                MyI2CPtr
                0x200001bc                MyTimerPtr
                0x200001c0                Error
 *fill*         0x200001c2        0x2 00
 COMMON         0x200001c4       0x28 ./Sources/ProcessorExpert.o
                0x200001c4                ADC_koniec
                0x200001c8                LtcInData
                0x200001d0                Voltage
                0x200001d4                Myout_I2CPtr
                0x200001d8                curr
                0x200001dc                powe
                0x200001e0                Current
                0x200001e4                Power
                0x200001e8                volt
 COMMON         0x200001ec        0xa ./Sources/AS5040.o
                0x200001ec                as5040data
 COMMON         0x200001f6       0xc0 D:/CodeWarrior/CW MCU v10.6/MCU/ARM_GCC_Support/ewl/lib/armv6-m\libc.a(ansi_files.o)
                0x200001f6                stdout_buff
                0x20000236                stdin_buff
                0x20000276                stderr_buff
                0x200002b8                . = ALIGN (0x4)
 *fill*         0x200002b6        0x2 00
                0x200002b8                __END_BSS = .
                0x200002b8                PROVIDE (__bss_end__, __END_BSS)
                0x00002df0                _romp_at = ((___ROM_AT + SIZEOF (.data)) + SIZEOF (.m_data_1FFFF000))

.romp           0x200002b8       0x24 load address 0x00002df0
                0x00002df0                __S_romp = _romp_at
                0x200002b8        0x4 LONG 0x2d1c ___ROM_AT
                0x200002bc        0x4 LONG 0x20000000 _sdata
                0x200002c0        0x4 LONG 0xd4 ___data_size
                0x200002c4        0x4 LONG 0x2df0 ___m_data_1FFFF000_ROMStart
                0x200002c8        0x4 LONG 0x1ffff000 ___m_data_1FFFF000_RAMStart
                0x200002cc        0x4 LONG 0x0 ___m_data_1FFFF000_ROMSize
                0x200002d0        0x4 LONG 0x0
                0x200002d4        0x4 LONG 0x0
                0x200002d8        0x4 LONG 0x0

._user_heap_stack
                0x200002dc      0x400 load address 0x00002e14
                0x200002dc                . = ALIGN (0x4)
                0x200002dc                PROVIDE (end, .)
                0x200002dc                PROVIDE (_end, .)
                0x200002dc                __heap_addr = .
                0x200002dc                . = (. + __heap_size)
                0x200006dc                . = (. + __stack_size)
 *fill*         0x200002dc      0x400 00
                0x200006dc                . = ALIGN (0x4)

.ARM.attributes
                0x00000000       0x31
 *(.ARM.attributes)
 .ARM.attributes
                0x00000000       0x31 ./Generated_Code/out_I2C.o
 .ARM.attributes
                0x00000031       0x31 ./Generated_Code/WAIT1.o
 .ARM.attributes
                0x00000062       0x31 ./Generated_Code/Vectors.o
 .ARM.attributes
                0x00000093       0x31 ./Generated_Code/TU1.o
 .ARM.attributes
                0x000000c4       0x31 ./Generated_Code/PE_LDD.o
 .ARM.attributes
                0x000000f5       0x31 ./Generated_Code/IO1.o
 .ARM.attributes
                0x00000126       0x31 ./Generated_Code/I2C2.o
 .ARM.attributes
                0x00000157       0x31 ./Generated_Code/CsIO1.o
 .ARM.attributes
                0x00000188       0x31 ./Generated_Code/Cpu.o
 .ARM.attributes
                0x000001b9       0x31 ./Generated_Code/BitIoLdd2.o
 .ARM.attributes
                0x000001ea       0x31 ./Generated_Code/BitIoLdd1.o
 .ARM.attributes
                0x0000021b       0x31 ./Generated_Code/AdcLdd1.o
 .ARM.attributes
                0x0000024c       0x31 ./Generated_Code/AD1.o
 .ARM.attributes
                0x0000027d       0x31 ./Project_Settings/Startup_Code/__arm_start.o
 .ARM.attributes
                0x000002ae       0x31 ./Project_Settings/Startup_Code/__arm_end.o
 .ARM.attributes
                0x000002df       0x31 ./Sources/mma8453.o
 .ARM.attributes
                0x00000310       0x31 ./Sources/ProcessorExpert.o
 .ARM.attributes
                0x00000341       0x31 ./Sources/LTC2945.o
 .ARM.attributes
                0x00000372       0x31 ./Sources/Events.o
 .ARM.attributes
                0x000003a3       0x31 ./Sources/AS5040.o
 .ARM.attributes
                0x000003d4       0x31 D:/CodeWarrior/CW MCU v10.6/MCU/ARM_GCC_Support/ewl/lib/armv6-m\libc.a(printf.o)
 .ARM.attributes
                0x00000405       0x31 D:/CodeWarrior/CW MCU v10.6/MCU/ARM_GCC_Support/ewl/lib/armv6-m\libc.a(putchar.o)
 .ARM.attributes
                0x00000436       0x31 D:/CodeWarrior/CW MCU v10.6/MCU/ARM_GCC_Support/ewl/lib/armv6-m\libc.a(exit.o)
 .ARM.attributes
                0x00000467       0x31 D:/CodeWarrior/CW MCU v10.6/MCU/ARM_GCC_Support/ewl/lib/armv6-m\libc.a(memset.o)
 .ARM.attributes
                0x00000498       0x31 D:/CodeWarrior/CW MCU v10.6/MCU/ARM_GCC_Support/ewl/lib/armv6-m\libc.a(printformat_.o)
 .ARM.attributes
                0x000004c9       0x31 D:/CodeWarrior/CW MCU v10.6/MCU/ARM_GCC_Support/ewl/lib/armv6-m\libc.a(__putchar.o)
 .ARM.attributes
                0x000004fa       0x31 D:/CodeWarrior/CW MCU v10.6/MCU/ARM_GCC_Support/ewl/lib/armv6-m\libc.a(ansi_files.o)
 .ARM.attributes
                0x0000052b       0x31 D:/CodeWarrior/CW MCU v10.6/MCU/ARM_GCC_Support/ewl/lib/armv6-m\libc.a(fwrite.o)
 .ARM.attributes
                0x0000055c       0x31 D:/CodeWarrior/CW MCU v10.6/MCU/ARM_GCC_Support/ewl/lib/armv6-m\libc.a(__filll_mem.o)
 .ARM.attributes
                0x0000058d       0x31 D:/CodeWarrior/CW MCU v10.6/MCU/ARM_GCC_Support/ewl/lib/armv6-m\libc.a(__memrchr.o)
 .ARM.attributes
                0x000005be       0x31 D:/CodeWarrior/CW MCU v10.6/MCU/ARM_GCC_Support/ewl/lib/armv6-m\libc.a(memchr.o)
 .ARM.attributes
                0x000005ef       0x31 D:/CodeWarrior/CW MCU v10.6/MCU/ARM_GCC_Support/ewl/lib/armv6-m\libc.a(memcpy.o)
 .ARM.attributes
                0x00000620       0x31 D:/CodeWarrior/CW MCU v10.6/MCU/ARM_GCC_Support/ewl/lib/armv6-m\libc.a(strchr.o)
 .ARM.attributes
                0x00000651       0x31 D:/CodeWarrior/CW MCU v10.6/MCU/ARM_GCC_Support/ewl/lib/armv6-m\libc.a(strlen.o)
 .ARM.attributes
                0x00000682       0x31 D:/CodeWarrior/CW MCU v10.6/MCU/ARM_GCC_Support/ewl/lib/armv6-m\libc.a(__buffer_io.o)
 .ARM.attributes
                0x000006b3       0x1e d:/codewarrior/cw mcu v10.6/cross_tools/arm-none-eabi-gcc-4_7_3/bin/../lib/gcc/arm-none-eabi/4.7.3/armv6-m\libgcc.a(_udivsi3.o)
 .ARM.attributes
                0x000006d1       0x1e d:/codewarrior/cw mcu v10.6/cross_tools/arm-none-eabi-gcc-4_7_3/bin/../lib/gcc/arm-none-eabi/4.7.3/armv6-m\libgcc.a(_divsi3.o)
 .ARM.attributes
                0x000006ef       0x1e d:/codewarrior/cw mcu v10.6/cross_tools/arm-none-eabi-gcc-4_7_3/bin/../lib/gcc/arm-none-eabi/4.7.3/armv6-m\libgcc.a(_dvmd_tls.o)
 .ARM.attributes
                0x0000070d       0x31 D:/CodeWarrior/CW MCU v10.6/MCU/ARM_GCC_Support/ewl/lib/armv6-m\librt.a(gcc_ctor_dtor.o)
 .ARM.attributes
                0x0000073e       0x31 D:/CodeWarrior/CW MCU v10.6/MCU/ARM_GCC_Support/ewl/lib/armv6-m\librt.a(ROMCopy.o)
 .ARM.attributes
                0x0000076f       0x31 D:/CodeWarrior/CW MCU v10.6/MCU/ARM_GCC_Support/ewl/lib/armv6-m\librt.a(__arm_eabi_init.o)
OUTPUT(accelerometer_demo.elf elf32-littlearm)

.debug_info     0x00000000     0x7f38
 .debug_info    0x00000000      0x7c6 ./Generated_Code/out_I2C.o
 .debug_info    0x000007c6      0x117 ./Generated_Code/WAIT1.o
 .debug_info    0x000008dd      0x10b ./Generated_Code/Vectors.o
 .debug_info    0x000009e8      0x5d6 ./Generated_Code/TU1.o
 .debug_info    0x00000fbe      0x255 ./Generated_Code/PE_LDD.o
 .debug_info    0x00001213      0x5d9 ./Generated_Code/IO1.o
 .debug_info    0x000017ec      0x92e ./Generated_Code/I2C2.o
 .debug_info    0x0000211a      0x266 ./Generated_Code/CsIO1.o
 .debug_info    0x00002380      0x8fa ./Generated_Code/Cpu.o
 .debug_info    0x00002c7a      0x38b ./Generated_Code/BitIoLdd2.o
 .debug_info    0x00003005      0x38b ./Generated_Code/BitIoLdd1.o
 .debug_info    0x00003390      0x969 ./Generated_Code/AdcLdd1.o
 .debug_info    0x00003cf9      0x27b ./Generated_Code/AD1.o
 .debug_info    0x00003f74      0x12a ./Project_Settings/Startup_Code/__arm_start.o
 .debug_info    0x0000409e       0x54 ./Project_Settings/Startup_Code/__arm_end.o
 .debug_info    0x000040f2      0x2b6 ./Sources/mma8453.o
 .debug_info    0x000043a8      0x305 ./Sources/ProcessorExpert.o
 .debug_info    0x000046ad      0x1fe ./Sources/LTC2945.o
 .debug_info    0x000048ab      0x45f ./Sources/Events.o
 .debug_info    0x00004d0a      0x53f ./Sources/AS5040.o
 .debug_info    0x00005249      0x399 D:/CodeWarrior/CW MCU v10.6/MCU/ARM_GCC_Support/ewl/lib/armv6-m\libc.a(printf.o)
 .debug_info    0x000055e2      0x357 D:/CodeWarrior/CW MCU v10.6/MCU/ARM_GCC_Support/ewl/lib/armv6-m\libc.a(putchar.o)
 .debug_info    0x00005939       0xe8 D:/CodeWarrior/CW MCU v10.6/MCU/ARM_GCC_Support/ewl/lib/armv6-m\libc.a(exit.o)
 .debug_info    0x00005a21       0xec D:/CodeWarrior/CW MCU v10.6/MCU/ARM_GCC_Support/ewl/lib/armv6-m\libc.a(memset.o)
 .debug_info    0x00005b0d      0x50d D:/CodeWarrior/CW MCU v10.6/MCU/ARM_GCC_Support/ewl/lib/armv6-m\libc.a(printformat_.o)
 .debug_info    0x0000601a      0x3fa D:/CodeWarrior/CW MCU v10.6/MCU/ARM_GCC_Support/ewl/lib/armv6-m\libc.a(__putchar.o)
 .debug_info    0x00006414      0x4be D:/CodeWarrior/CW MCU v10.6/MCU/ARM_GCC_Support/ewl/lib/armv6-m\libc.a(ansi_files.o)
 .debug_info    0x000068d2      0x60d D:/CodeWarrior/CW MCU v10.6/MCU/ARM_GCC_Support/ewl/lib/armv6-m\libc.a(fwrite.o)
 .debug_info    0x00006edf      0x137 D:/CodeWarrior/CW MCU v10.6/MCU/ARM_GCC_Support/ewl/lib/armv6-m\libc.a(__filll_mem.o)
 .debug_info    0x00007016      0x116 D:/CodeWarrior/CW MCU v10.6/MCU/ARM_GCC_Support/ewl/lib/armv6-m\libc.a(__memrchr.o)
 .debug_info    0x0000712c      0x121 D:/CodeWarrior/CW MCU v10.6/MCU/ARM_GCC_Support/ewl/lib/armv6-m\libc.a(memchr.o)
 .debug_info    0x0000724d      0x10f D:/CodeWarrior/CW MCU v10.6/MCU/ARM_GCC_Support/ewl/lib/armv6-m\libc.a(memcpy.o)
 .debug_info    0x0000735c      0x10b D:/CodeWarrior/CW MCU v10.6/MCU/ARM_GCC_Support/ewl/lib/armv6-m\libc.a(strchr.o)
 .debug_info    0x00007467       0xea D:/CodeWarrior/CW MCU v10.6/MCU/ARM_GCC_Support/ewl/lib/armv6-m\libc.a(strlen.o)
 .debug_info    0x00007551      0x45d D:/CodeWarrior/CW MCU v10.6/MCU/ARM_GCC_Support/ewl/lib/armv6-m\libc.a(__buffer_io.o)
 .debug_info    0x000079ae      0x136 D:/CodeWarrior/CW MCU v10.6/MCU/ARM_GCC_Support/ewl/lib/armv6-m\librt.a(gcc_ctor_dtor.o)
 .debug_info    0x00007ae4      0x19b D:/CodeWarrior/CW MCU v10.6/MCU/ARM_GCC_Support/ewl/lib/armv6-m\librt.a(ROMCopy.o)
 .debug_info    0x00007c7f      0x2b9 D:/CodeWarrior/CW MCU v10.6/MCU/ARM_GCC_Support/ewl/lib/armv6-m\librt.a(__arm_eabi_init.o)

.debug_abbrev   0x00000000     0x2526
 .debug_abbrev  0x00000000      0x162 ./Generated_Code/out_I2C.o
 .debug_abbrev  0x00000162       0xaa ./Generated_Code/WAIT1.o
 .debug_abbrev  0x0000020c       0xa3 ./Generated_Code/Vectors.o
 .debug_abbrev  0x000002af      0x141 ./Generated_Code/TU1.o
 .debug_abbrev  0x000003f0      0x102 ./Generated_Code/PE_LDD.o
 .debug_abbrev  0x000004f2      0x167 ./Generated_Code/IO1.o
 .debug_abbrev  0x00000659      0x179 ./Generated_Code/I2C2.o
 .debug_abbrev  0x000007d2       0xd6 ./Generated_Code/CsIO1.o
 .debug_abbrev  0x000008a8      0x121 ./Generated_Code/Cpu.o
 .debug_abbrev  0x000009c9      0x11c ./Generated_Code/BitIoLdd2.o
 .debug_abbrev  0x00000ae5      0x11c ./Generated_Code/BitIoLdd1.o
 .debug_abbrev  0x00000c01      0x1a6 ./Generated_Code/AdcLdd1.o
 .debug_abbrev  0x00000da7      0x14f ./Generated_Code/AD1.o
 .debug_abbrev  0x00000ef6       0x92 ./Project_Settings/Startup_Code/__arm_start.o
 .debug_abbrev  0x00000f88       0x4c ./Project_Settings/Startup_Code/__arm_end.o
 .debug_abbrev  0x00000fd4       0xfe ./Sources/mma8453.o
 .debug_abbrev  0x000010d2       0xda ./Sources/ProcessorExpert.o
 .debug_abbrev  0x000011ac       0xc9 ./Sources/LTC2945.o
 .debug_abbrev  0x00001275      0x13b ./Sources/Events.o
 .debug_abbrev  0x000013b0      0x16a ./Sources/AS5040.o
 .debug_abbrev  0x0000151a      0x107 D:/CodeWarrior/CW MCU v10.6/MCU/ARM_GCC_Support/ewl/lib/armv6-m\libc.a(printf.o)
 .debug_abbrev  0x00001621       0xe7 D:/CodeWarrior/CW MCU v10.6/MCU/ARM_GCC_Support/ewl/lib/armv6-m\libc.a(putchar.o)
 .debug_abbrev  0x00001708       0x7a D:/CodeWarrior/CW MCU v10.6/MCU/ARM_GCC_Support/ewl/lib/armv6-m\libc.a(exit.o)
 .debug_abbrev  0x00001782       0x62 D:/CodeWarrior/CW MCU v10.6/MCU/ARM_GCC_Support/ewl/lib/armv6-m\libc.a(memset.o)
 .debug_abbrev  0x000017e4      0x200 D:/CodeWarrior/CW MCU v10.6/MCU/ARM_GCC_Support/ewl/lib/armv6-m\libc.a(printformat_.o)
 .debug_abbrev  0x000019e4       0xf8 D:/CodeWarrior/CW MCU v10.6/MCU/ARM_GCC_Support/ewl/lib/armv6-m\libc.a(__putchar.o)
 .debug_abbrev  0x00001adc      0x107 D:/CodeWarrior/CW MCU v10.6/MCU/ARM_GCC_Support/ewl/lib/armv6-m\libc.a(ansi_files.o)
 .debug_abbrev  0x00001be3      0x16a D:/CodeWarrior/CW MCU v10.6/MCU/ARM_GCC_Support/ewl/lib/armv6-m\libc.a(fwrite.o)
 .debug_abbrev  0x00001d4d       0x78 D:/CodeWarrior/CW MCU v10.6/MCU/ARM_GCC_Support/ewl/lib/armv6-m\libc.a(__filll_mem.o)
 .debug_abbrev  0x00001dc5       0x95 D:/CodeWarrior/CW MCU v10.6/MCU/ARM_GCC_Support/ewl/lib/armv6-m\libc.a(__memrchr.o)
 .debug_abbrev  0x00001e5a       0x95 D:/CodeWarrior/CW MCU v10.6/MCU/ARM_GCC_Support/ewl/lib/armv6-m\libc.a(memchr.o)
 .debug_abbrev  0x00001eef       0x95 D:/CodeWarrior/CW MCU v10.6/MCU/ARM_GCC_Support/ewl/lib/armv6-m\libc.a(memcpy.o)
 .debug_abbrev  0x00001f84       0x7a D:/CodeWarrior/CW MCU v10.6/MCU/ARM_GCC_Support/ewl/lib/armv6-m\libc.a(strchr.o)
 .debug_abbrev  0x00001ffe       0x7a D:/CodeWarrior/CW MCU v10.6/MCU/ARM_GCC_Support/ewl/lib/armv6-m\libc.a(strlen.o)
 .debug_abbrev  0x00002078      0x142 D:/CodeWarrior/CW MCU v10.6/MCU/ARM_GCC_Support/ewl/lib/armv6-m\libc.a(__buffer_io.o)
 .debug_abbrev  0x000021ba       0x99 D:/CodeWarrior/CW MCU v10.6/MCU/ARM_GCC_Support/ewl/lib/armv6-m\librt.a(gcc_ctor_dtor.o)
 .debug_abbrev  0x00002253      0x120 D:/CodeWarrior/CW MCU v10.6/MCU/ARM_GCC_Support/ewl/lib/armv6-m\librt.a(ROMCopy.o)
 .debug_abbrev  0x00002373      0x1b3 D:/CodeWarrior/CW MCU v10.6/MCU/ARM_GCC_Support/ewl/lib/armv6-m\librt.a(__arm_eabi_init.o)

.debug_loc      0x00000000     0x2e79
 .debug_loc     0x00000000       0xe0 ./Generated_Code/out_I2C.o
 .debug_loc     0x000000e0       0xd4 ./Generated_Code/WAIT1.o
 .debug_loc     0x000001b4       0xa8 ./Generated_Code/TU1.o
 .debug_loc     0x0000025c       0x9c ./Generated_Code/PE_LDD.o
 .debug_loc     0x000002f8       0xe0 ./Generated_Code/IO1.o
 .debug_loc     0x000003d8      0x188 ./Generated_Code/I2C2.o
 .debug_loc     0x00000560       0xa8 ./Generated_Code/CsIO1.o
 .debug_loc     0x00000608       0xdc ./Generated_Code/Cpu.o
 .debug_loc     0x000006e4      0x118 ./Generated_Code/BitIoLdd2.o
 .debug_loc     0x000007fc      0x118 ./Generated_Code/BitIoLdd1.o
 .debug_loc     0x00000914      0x1f8 ./Generated_Code/AdcLdd1.o
 .debug_loc     0x00000b0c      0x164 ./Generated_Code/AD1.o
 .debug_loc     0x00000c70       0x2c ./Project_Settings/Startup_Code/__arm_start.o
 .debug_loc     0x00000c9c       0x38 ./Project_Settings/Startup_Code/__arm_end.o
 .debug_loc     0x00000cd4       0xbc ./Sources/mma8453.o
 .debug_loc     0x00000d90       0x2c ./Sources/ProcessorExpert.o
 .debug_loc     0x00000dbc       0x58 ./Sources/LTC2945.o
 .debug_loc     0x00000e14      0x2b4 ./Sources/Events.o
 .debug_loc     0x000010c8       0xd4 ./Sources/AS5040.o
 .debug_loc     0x0000119c       0x2c D:/CodeWarrior/CW MCU v10.6/MCU/ARM_GCC_Support/ewl/lib/armv6-m\libc.a(printf.o)
 .debug_loc     0x000011c8       0x3e D:/CodeWarrior/CW MCU v10.6/MCU/ARM_GCC_Support/ewl/lib/armv6-m\libc.a(putchar.o)
 .debug_loc     0x00001206       0x3e D:/CodeWarrior/CW MCU v10.6/MCU/ARM_GCC_Support/ewl/lib/armv6-m\libc.a(exit.o)
 .debug_loc     0x00001244       0x6f D:/CodeWarrior/CW MCU v10.6/MCU/ARM_GCC_Support/ewl/lib/armv6-m\libc.a(memset.o)
 .debug_loc     0x000012b3     0x104b D:/CodeWarrior/CW MCU v10.6/MCU/ARM_GCC_Support/ewl/lib/armv6-m\libc.a(printformat_.o)
 .debug_loc     0x000022fe       0x87 D:/CodeWarrior/CW MCU v10.6/MCU/ARM_GCC_Support/ewl/lib/armv6-m\libc.a(__putchar.o)
 .debug_loc     0x00002385       0x8c D:/CodeWarrior/CW MCU v10.6/MCU/ARM_GCC_Support/ewl/lib/armv6-m\libc.a(ansi_files.o)
 .debug_loc     0x00002411      0x2c2 D:/CodeWarrior/CW MCU v10.6/MCU/ARM_GCC_Support/ewl/lib/armv6-m\libc.a(fwrite.o)
 .debug_loc     0x000026d3      0x14a D:/CodeWarrior/CW MCU v10.6/MCU/ARM_GCC_Support/ewl/lib/armv6-m\libc.a(__filll_mem.o)
 .debug_loc     0x0000281d       0x77 D:/CodeWarrior/CW MCU v10.6/MCU/ARM_GCC_Support/ewl/lib/armv6-m\libc.a(__memrchr.o)
 .debug_loc     0x00002894       0x77 D:/CodeWarrior/CW MCU v10.6/MCU/ARM_GCC_Support/ewl/lib/armv6-m\libc.a(memchr.o)
 .debug_loc     0x0000290b       0x59 D:/CodeWarrior/CW MCU v10.6/MCU/ARM_GCC_Support/ewl/lib/armv6-m\libc.a(memcpy.o)
 .debug_loc     0x00002964       0xaf D:/CodeWarrior/CW MCU v10.6/MCU/ARM_GCC_Support/ewl/lib/armv6-m\libc.a(strchr.o)
 .debug_loc     0x00002a13       0x33 D:/CodeWarrior/CW MCU v10.6/MCU/ARM_GCC_Support/ewl/lib/armv6-m\libc.a(strlen.o)
 .debug_loc     0x00002a46      0x126 D:/CodeWarrior/CW MCU v10.6/MCU/ARM_GCC_Support/ewl/lib/armv6-m\libc.a(__buffer_io.o)
 .debug_loc     0x00002b6c       0x9d D:/CodeWarrior/CW MCU v10.6/MCU/ARM_GCC_Support/ewl/lib/armv6-m\librt.a(gcc_ctor_dtor.o)
 .debug_loc     0x00002c09       0xd9 D:/CodeWarrior/CW MCU v10.6/MCU/ARM_GCC_Support/ewl/lib/armv6-m\librt.a(ROMCopy.o)
 .debug_loc     0x00002ce2      0x197 D:/CodeWarrior/CW MCU v10.6/MCU/ARM_GCC_Support/ewl/lib/armv6-m\librt.a(__arm_eabi_init.o)

.debug_aranges  0x00000000      0x758
 .debug_aranges
                0x00000000       0x38 ./Generated_Code/out_I2C.o
 .debug_aranges
                0x00000038       0x38 ./Generated_Code/WAIT1.o
 .debug_aranges
                0x00000070       0x18 ./Generated_Code/Vectors.o
 .debug_aranges
                0x00000088       0x30 ./Generated_Code/TU1.o
 .debug_aranges
                0x000000b8       0x30 ./Generated_Code/PE_LDD.o
 .debug_aranges
                0x000000e8       0x38 ./Generated_Code/IO1.o
 .debug_aranges
                0x00000120       0x50 ./Generated_Code/I2C2.o
 .debug_aranges
                0x00000170       0x30 ./Generated_Code/CsIO1.o
 .debug_aranges
                0x000001a0       0x40 ./Generated_Code/Cpu.o
 .debug_aranges
                0x000001e0       0x40 ./Generated_Code/BitIoLdd2.o
 .debug_aranges
                0x00000220       0x40 ./Generated_Code/BitIoLdd1.o
 .debug_aranges
                0x00000260       0x60 ./Generated_Code/AdcLdd1.o
 .debug_aranges
                0x000002c0       0x50 ./Generated_Code/AD1.o
 .debug_aranges
                0x00000310       0x30 ./Project_Settings/Startup_Code/__arm_start.o
 .debug_aranges
                0x00000340       0x20 ./Project_Settings/Startup_Code/__arm_end.o
 .debug_aranges
                0x00000360       0x38 ./Sources/mma8453.o
 .debug_aranges
                0x00000398       0x20 ./Sources/ProcessorExpert.o
 .debug_aranges
                0x000003b8       0x28 ./Sources/LTC2945.o
 .debug_aranges
                0x000003e0       0x80 ./Sources/Events.o
 .debug_aranges
                0x00000460       0x38 ./Sources/AS5040.o
 .debug_aranges
                0x00000498       0x20 D:/CodeWarrior/CW MCU v10.6/MCU/ARM_GCC_Support/ewl/lib/armv6-m\libc.a(printf.o)
 .debug_aranges
                0x000004b8       0x20 D:/CodeWarrior/CW MCU v10.6/MCU/ARM_GCC_Support/ewl/lib/armv6-m\libc.a(putchar.o)
 .debug_aranges
                0x000004d8       0x20 D:/CodeWarrior/CW MCU v10.6/MCU/ARM_GCC_Support/ewl/lib/armv6-m\libc.a(exit.o)
 .debug_aranges
                0x000004f8       0x20 D:/CodeWarrior/CW MCU v10.6/MCU/ARM_GCC_Support/ewl/lib/armv6-m\libc.a(memset.o)
 .debug_aranges
                0x00000518       0x28 D:/CodeWarrior/CW MCU v10.6/MCU/ARM_GCC_Support/ewl/lib/armv6-m\libc.a(printformat_.o)
 .debug_aranges
                0x00000540       0x20 D:/CodeWarrior/CW MCU v10.6/MCU/ARM_GCC_Support/ewl/lib/armv6-m\libc.a(__putchar.o)
 .debug_aranges
                0x00000560       0x28 D:/CodeWarrior/CW MCU v10.6/MCU/ARM_GCC_Support/ewl/lib/armv6-m\libc.a(ansi_files.o)
 .debug_aranges
                0x00000588       0x30 D:/CodeWarrior/CW MCU v10.6/MCU/ARM_GCC_Support/ewl/lib/armv6-m\libc.a(fwrite.o)
 .debug_aranges
                0x000005b8       0x20 D:/CodeWarrior/CW MCU v10.6/MCU/ARM_GCC_Support/ewl/lib/armv6-m\libc.a(__filll_mem.o)
 .debug_aranges
                0x000005d8       0x20 D:/CodeWarrior/CW MCU v10.6/MCU/ARM_GCC_Support/ewl/lib/armv6-m\libc.a(__memrchr.o)
 .debug_aranges
                0x000005f8       0x20 D:/CodeWarrior/CW MCU v10.6/MCU/ARM_GCC_Support/ewl/lib/armv6-m\libc.a(memchr.o)
 .debug_aranges
                0x00000618       0x20 D:/CodeWarrior/CW MCU v10.6/MCU/ARM_GCC_Support/ewl/lib/armv6-m\libc.a(memcpy.o)
 .debug_aranges
                0x00000638       0x20 D:/CodeWarrior/CW MCU v10.6/MCU/ARM_GCC_Support/ewl/lib/armv6-m\libc.a(strchr.o)
 .debug_aranges
                0x00000658       0x20 D:/CodeWarrior/CW MCU v10.6/MCU/ARM_GCC_Support/ewl/lib/armv6-m\libc.a(strlen.o)
 .debug_aranges
                0x00000678       0x30 D:/CodeWarrior/CW MCU v10.6/MCU/ARM_GCC_Support/ewl/lib/armv6-m\libc.a(__buffer_io.o)
 .debug_aranges
                0x000006a8       0x28 D:/CodeWarrior/CW MCU v10.6/MCU/ARM_GCC_Support/ewl/lib/armv6-m\librt.a(gcc_ctor_dtor.o)
 .debug_aranges
                0x000006d0       0x30 D:/CodeWarrior/CW MCU v10.6/MCU/ARM_GCC_Support/ewl/lib/armv6-m\librt.a(ROMCopy.o)
 .debug_aranges
                0x00000700       0x58 D:/CodeWarrior/CW MCU v10.6/MCU/ARM_GCC_Support/ewl/lib/armv6-m\librt.a(__arm_eabi_init.o)

.debug_macinfo  0x00000000   0x3a7a96
 .debug_macinfo
                0x00000000    0x3d692 ./Generated_Code/out_I2C.o
 .debug_macinfo
                0x0003d692    0x2e0c0 ./Generated_Code/WAIT1.o
 .debug_macinfo
                0x0006b752    0x36dcf ./Generated_Code/Vectors.o
 .debug_macinfo
                0x000a2521    0x36de3 ./Generated_Code/TU1.o
 .debug_macinfo
                0x000d9304    0x36d33 ./Generated_Code/PE_LDD.o
 .debug_macinfo
                0x00110037    0x31cb4 ./Generated_Code/IO1.o
 .debug_macinfo
                0x00141ceb    0x3d70e ./Generated_Code/I2C2.o
 .debug_macinfo
                0x0017f3f9    0x2a8e2 ./Generated_Code/CsIO1.o
 .debug_macinfo
                0x001a9cdb    0x36dd4 ./Generated_Code/Cpu.o
 .debug_macinfo
                0x001e0aaf    0x2ed2e ./Generated_Code/BitIoLdd2.o
 .debug_macinfo
                0x0020f7dd    0x2ed2e ./Generated_Code/BitIoLdd1.o
 .debug_macinfo
                0x0023e50b    0x333e6 ./Generated_Code/AdcLdd1.o
 .debug_macinfo
                0x002718f1    0x36de7 ./Generated_Code/AD1.o
 .debug_macinfo
                0x002a86d8     0x3e5e ./Project_Settings/Startup_Code/__arm_start.o
 .debug_macinfo
                0x002ac536     0x3447 ./Project_Settings/Startup_Code/__arm_end.o
 .debug_macinfo
                0x002af97d    0x2df92 ./Sources/mma8453.o
 .debug_macinfo
                0x002dd90f    0x3714c ./Sources/ProcessorExpert.o
 .debug_macinfo
                0x00314a5b    0x2df6d ./Sources/LTC2945.o
 .debug_macinfo
                0x003429c8    0x36d90 ./Sources/Events.o
 .debug_macinfo
                0x00379758    0x2e33e ./Sources/AS5040.o

.debug_line     0x00000000     0x5917
 .debug_line    0x00000000      0x53b ./Generated_Code/out_I2C.o
 .debug_line    0x0000053b      0x23f ./Generated_Code/WAIT1.o
 .debug_line    0x0000077a      0x51e ./Generated_Code/Vectors.o
 .debug_line    0x00000c98      0x4a3 ./Generated_Code/TU1.o
 .debug_line    0x0000113b      0x400 ./Generated_Code/PE_LDD.o
 .debug_line    0x0000153b      0x2be ./Generated_Code/IO1.o
 .debug_line    0x000017f9      0x5ae ./Generated_Code/I2C2.o
 .debug_line    0x00001da7      0x326 ./Generated_Code/CsIO1.o
 .debug_line    0x000020cd      0x5aa ./Generated_Code/Cpu.o
 .debug_line    0x00002677      0x2b4 ./Generated_Code/BitIoLdd2.o
 .debug_line    0x0000292b      0x2b4 ./Generated_Code/BitIoLdd1.o
 .debug_line    0x00002bdf      0x34d ./Generated_Code/AdcLdd1.o
 .debug_line    0x00002f2c      0x4f7 ./Generated_Code/AD1.o
 .debug_line    0x00003423      0x280 ./Project_Settings/Startup_Code/__arm_start.o
 .debug_line    0x000036a3      0x24b ./Project_Settings/Startup_Code/__arm_end.o
 .debug_line    0x000038ee      0x2a7 ./Sources/mma8453.o
 .debug_line    0x00003b95      0x46b ./Sources/ProcessorExpert.o
 .debug_line    0x00004000      0x282 ./Sources/LTC2945.o
 .debug_line    0x00004282      0x505 ./Sources/Events.o
 .debug_line    0x00004787      0x2a4 ./Sources/AS5040.o
 .debug_line    0x00004a2b       0xb0 D:/CodeWarrior/CW MCU v10.6/MCU/ARM_GCC_Support/ewl/lib/armv6-m\libc.a(printf.o)
 .debug_line    0x00004adb       0x97 D:/CodeWarrior/CW MCU v10.6/MCU/ARM_GCC_Support/ewl/lib/armv6-m\libc.a(putchar.o)
 .debug_line    0x00004b72       0x8d D:/CodeWarrior/CW MCU v10.6/MCU/ARM_GCC_Support/ewl/lib/armv6-m\libc.a(exit.o)
 .debug_line    0x00004bff       0x90 D:/CodeWarrior/CW MCU v10.6/MCU/ARM_GCC_Support/ewl/lib/armv6-m\libc.a(memset.o)
 .debug_line    0x00004c8f      0x2c3 D:/CodeWarrior/CW MCU v10.6/MCU/ARM_GCC_Support/ewl/lib/armv6-m\libc.a(printformat_.o)
 .debug_line    0x00004f52       0xc2 D:/CodeWarrior/CW MCU v10.6/MCU/ARM_GCC_Support/ewl/lib/armv6-m\libc.a(__putchar.o)
 .debug_line    0x00005014       0xc0 D:/CodeWarrior/CW MCU v10.6/MCU/ARM_GCC_Support/ewl/lib/armv6-m\libc.a(ansi_files.o)
 .debug_line    0x000050d4      0x158 D:/CodeWarrior/CW MCU v10.6/MCU/ARM_GCC_Support/ewl/lib/armv6-m\libc.a(fwrite.o)
 .debug_line    0x0000522c       0xf6 D:/CodeWarrior/CW MCU v10.6/MCU/ARM_GCC_Support/ewl/lib/armv6-m\libc.a(__filll_mem.o)
 .debug_line    0x00005322       0x99 D:/CodeWarrior/CW MCU v10.6/MCU/ARM_GCC_Support/ewl/lib/armv6-m\libc.a(__memrchr.o)
 .debug_line    0x000053bb       0x9f D:/CodeWarrior/CW MCU v10.6/MCU/ARM_GCC_Support/ewl/lib/armv6-m\libc.a(memchr.o)
 .debug_line    0x0000545a       0x8b D:/CodeWarrior/CW MCU v10.6/MCU/ARM_GCC_Support/ewl/lib/armv6-m\libc.a(memcpy.o)
 .debug_line    0x000054e5       0x7d D:/CodeWarrior/CW MCU v10.6/MCU/ARM_GCC_Support/ewl/lib/armv6-m\libc.a(strchr.o)
 .debug_line    0x00005562       0x85 D:/CodeWarrior/CW MCU v10.6/MCU/ARM_GCC_Support/ewl/lib/armv6-m\libc.a(strlen.o)
 .debug_line    0x000055e7       0xf0 D:/CodeWarrior/CW MCU v10.6/MCU/ARM_GCC_Support/ewl/lib/armv6-m\libc.a(__buffer_io.o)
 .debug_line    0x000056d7       0x6c D:/CodeWarrior/CW MCU v10.6/MCU/ARM_GCC_Support/ewl/lib/armv6-m\librt.a(gcc_ctor_dtor.o)
 .debug_line    0x00005743       0xbd D:/CodeWarrior/CW MCU v10.6/MCU/ARM_GCC_Support/ewl/lib/armv6-m\librt.a(ROMCopy.o)
 .debug_line    0x00005800      0x117 D:/CodeWarrior/CW MCU v10.6/MCU/ARM_GCC_Support/ewl/lib/armv6-m\librt.a(__arm_eabi_init.o)

.debug_str      0x00000000     0x1f99
 .debug_str     0x00000000      0x437 ./Generated_Code/out_I2C.o
                                0x49c (size before relaxing)
 .debug_str     0x00000437       0x70 ./Generated_Code/WAIT1.o
                                0x182 (size before relaxing)
 .debug_str     0x000004a7       0x55 ./Generated_Code/Vectors.o
                                0x17d (size before relaxing)
 .debug_str     0x000004fc       0xce ./Generated_Code/TU1.o
                                0x391 (size before relaxing)
 .debug_str     0x000005ca      0x170 ./Generated_Code/PE_LDD.o
                                0x2e0 (size before relaxing)
 .debug_str     0x0000073a       0xda ./Generated_Code/IO1.o
                                0x3a3 (size before relaxing)
 .debug_str     0x00000814      0x17a ./Generated_Code/I2C2.o
                                0x575 (size before relaxing)
 .debug_str     0x0000098e       0x9b ./Generated_Code/CsIO1.o
                                0x1e7 (size before relaxing)
 .debug_str     0x00000a29      0x186 ./Generated_Code/Cpu.o
                                0x45b (size before relaxing)
 .debug_str     0x00000baf       0xe4 ./Generated_Code/BitIoLdd2.o
                                0x2dc (size before relaxing)
 .debug_str     0x00000c93       0xa0 ./Generated_Code/BitIoLdd1.o
                                0x2dc (size before relaxing)
 .debug_str     0x00000d33      0x23b ./Generated_Code/AdcLdd1.o
                                0x596 (size before relaxing)
 .debug_str     0x00000f6e       0xbf ./Generated_Code/AD1.o
                                0x257 (size before relaxing)
 .debug_str     0x0000102d       0x85 ./Project_Settings/Startup_Code/__arm_start.o
                                0x19e (size before relaxing)
 .debug_str     0x000010b2       0x41 ./Project_Settings/Startup_Code/__arm_end.o
                                 0xd5 (size before relaxing)
 .debug_str     0x000010f3       0xc7 ./Sources/mma8453.o
                                0x285 (size before relaxing)
 .debug_str     0x000011ba       0xb8 ./Sources/ProcessorExpert.o
                                0x258 (size before relaxing)
 .debug_str     0x00001272       0x89 ./Sources/LTC2945.o
                                0x227 (size before relaxing)
 .debug_str     0x000012fb      0x139 ./Sources/Events.o
                                0x2f3 (size before relaxing)
 .debug_str     0x00001434       0x55 ./Sources/AS5040.o
                                0x338 (size before relaxing)
 .debug_str     0x00001489      0x182 D:/CodeWarrior/CW MCU v10.6/MCU/ARM_GCC_Support/ewl/lib/armv6-m\libc.a(printf.o)
                                0x2e9 (size before relaxing)
 .debug_str     0x0000160b       0x1b D:/CodeWarrior/CW MCU v10.6/MCU/ARM_GCC_Support/ewl/lib/armv6-m\libc.a(putchar.o)
                                0x2c6 (size before relaxing)
 .debug_str     0x00001626       0x2e D:/CodeWarrior/CW MCU v10.6/MCU/ARM_GCC_Support/ewl/lib/armv6-m\libc.a(exit.o)
                                0x157 (size before relaxing)
 .debug_str     0x00001654       0x1c D:/CodeWarrior/CW MCU v10.6/MCU/ARM_GCC_Support/ewl/lib/armv6-m\libc.a(memset.o)
                                0x140 (size before relaxing)
 .debug_str     0x00001670      0x236 D:/CodeWarrior/CW MCU v10.6/MCU/ARM_GCC_Support/ewl/lib/armv6-m\libc.a(printformat_.o)
                                0x3b3 (size before relaxing)
 .debug_str     0x000018a6       0xe4 D:/CodeWarrior/CW MCU v10.6/MCU/ARM_GCC_Support/ewl/lib/armv6-m\libc.a(__putchar.o)
                                0x39e (size before relaxing)
 .debug_str     0x0000198a       0xc6 D:/CodeWarrior/CW MCU v10.6/MCU/ARM_GCC_Support/ewl/lib/armv6-m\libc.a(ansi_files.o)
                                0x442 (size before relaxing)
 .debug_str     0x00001a50      0x15d D:/CodeWarrior/CW MCU v10.6/MCU/ARM_GCC_Support/ewl/lib/armv6-m\libc.a(fwrite.o)
                                0x53b (size before relaxing)
 .debug_str     0x00001bad       0x25 D:/CodeWarrior/CW MCU v10.6/MCU/ARM_GCC_Support/ewl/lib/armv6-m\libc.a(__filll_mem.o)
                                0x152 (size before relaxing)
 .debug_str     0x00001bd2       0x22 D:/CodeWarrior/CW MCU v10.6/MCU/ARM_GCC_Support/ewl/lib/armv6-m\libc.a(__memrchr.o)
                                0x145 (size before relaxing)
 .debug_str     0x00001bf4       0x1c D:/CodeWarrior/CW MCU v10.6/MCU/ARM_GCC_Support/ewl/lib/armv6-m\libc.a(memchr.o)
                                0x148 (size before relaxing)
 .debug_str     0x00001c10       0x1c D:/CodeWarrior/CW MCU v10.6/MCU/ARM_GCC_Support/ewl/lib/armv6-m\libc.a(memcpy.o)
                                0x138 (size before relaxing)
 .debug_str     0x00001c2c       0x1c D:/CodeWarrior/CW MCU v10.6/MCU/ARM_GCC_Support/ewl/lib/armv6-m\libc.a(strchr.o)
                                0x137 (size before relaxing)
 .debug_str     0x00001c48       0x1c D:/CodeWarrior/CW MCU v10.6/MCU/ARM_GCC_Support/ewl/lib/armv6-m\libc.a(strlen.o)
                                0x140 (size before relaxing)
 .debug_str     0x00001c64       0x8b D:/CodeWarrior/CW MCU v10.6/MCU/ARM_GCC_Support/ewl/lib/armv6-m\libc.a(__buffer_io.o)
                                0x373 (size before relaxing)
 .debug_str     0x00001cef      0x126 D:/CodeWarrior/CW MCU v10.6/MCU/ARM_GCC_Support/ewl/lib/armv6-m\librt.a(gcc_ctor_dtor.o)
                                0x181 (size before relaxing)
 .debug_str     0x00001e15       0x96 D:/CodeWarrior/CW MCU v10.6/MCU/ARM_GCC_Support/ewl/lib/armv6-m\librt.a(ROMCopy.o)
                                0x13c (size before relaxing)
 .debug_str     0x00001eab       0xee D:/CodeWarrior/CW MCU v10.6/MCU/ARM_GCC_Support/ewl/lib/armv6-m\librt.a(__arm_eabi_init.o)
                                0x1b5 (size before relaxing)

.comment        0x00000000       0x79
 .comment       0x00000000       0x79 ./Generated_Code/out_I2C.o
                                 0x7a (size before relaxing)
 .comment       0x00000000       0x7a ./Generated_Code/WAIT1.o
 .comment       0x00000000       0x7a ./Generated_Code/Vectors.o
 .comment       0x00000000       0x7a ./Generated_Code/TU1.o
 .comment       0x00000000       0x7a ./Generated_Code/PE_LDD.o
 .comment       0x00000000       0x7a ./Generated_Code/IO1.o
 .comment       0x00000000       0x7a ./Generated_Code/I2C2.o
 .comment       0x00000000       0x7a ./Generated_Code/CsIO1.o
 .comment       0x00000000       0x7a ./Generated_Code/Cpu.o
 .comment       0x00000000       0x7a ./Generated_Code/BitIoLdd2.o
 .comment       0x00000000       0x7a ./Generated_Code/BitIoLdd1.o
 .comment       0x00000000       0x7a ./Generated_Code/AdcLdd1.o
 .comment       0x00000000       0x7a ./Generated_Code/AD1.o
 .comment       0x00000000       0x7a ./Project_Settings/Startup_Code/__arm_start.o
 .comment       0x00000000       0x7a ./Project_Settings/Startup_Code/__arm_end.o
 .comment       0x00000000       0x7a ./Sources/mma8453.o
 .comment       0x00000000       0x7a ./Sources/ProcessorExpert.o
 .comment       0x00000000       0x7a ./Sources/LTC2945.o
 .comment       0x00000000       0x7a ./Sources/Events.o
 .comment       0x00000000       0x7a ./Sources/AS5040.o
 .comment       0x00000000       0x7a D:/CodeWarrior/CW MCU v10.6/MCU/ARM_GCC_Support/ewl/lib/armv6-m\libc.a(printf.o)
 .comment       0x00000000       0x7a D:/CodeWarrior/CW MCU v10.6/MCU/ARM_GCC_Support/ewl/lib/armv6-m\libc.a(putchar.o)
 .comment       0x00000000       0x7a D:/CodeWarrior/CW MCU v10.6/MCU/ARM_GCC_Support/ewl/lib/armv6-m\libc.a(exit.o)
 .comment       0x00000000       0x7a D:/CodeWarrior/CW MCU v10.6/MCU/ARM_GCC_Support/ewl/lib/armv6-m\libc.a(memset.o)
 .comment       0x00000000       0x7a D:/CodeWarrior/CW MCU v10.6/MCU/ARM_GCC_Support/ewl/lib/armv6-m\libc.a(printformat_.o)
 .comment       0x00000000       0x7a D:/CodeWarrior/CW MCU v10.6/MCU/ARM_GCC_Support/ewl/lib/armv6-m\libc.a(__putchar.o)
 .comment       0x00000000       0x7a D:/CodeWarrior/CW MCU v10.6/MCU/ARM_GCC_Support/ewl/lib/armv6-m\libc.a(ansi_files.o)
 .comment       0x00000000       0x7a D:/CodeWarrior/CW MCU v10.6/MCU/ARM_GCC_Support/ewl/lib/armv6-m\libc.a(fwrite.o)
 .comment       0x00000000       0x7a D:/CodeWarrior/CW MCU v10.6/MCU/ARM_GCC_Support/ewl/lib/armv6-m\libc.a(__filll_mem.o)
 .comment       0x00000000       0x7a D:/CodeWarrior/CW MCU v10.6/MCU/ARM_GCC_Support/ewl/lib/armv6-m\libc.a(__memrchr.o)
 .comment       0x00000000       0x7a D:/CodeWarrior/CW MCU v10.6/MCU/ARM_GCC_Support/ewl/lib/armv6-m\libc.a(memchr.o)
 .comment       0x00000000       0x7a D:/CodeWarrior/CW MCU v10.6/MCU/ARM_GCC_Support/ewl/lib/armv6-m\libc.a(memcpy.o)
 .comment       0x00000000       0x7a D:/CodeWarrior/CW MCU v10.6/MCU/ARM_GCC_Support/ewl/lib/armv6-m\libc.a(strchr.o)
 .comment       0x00000000       0x7a D:/CodeWarrior/CW MCU v10.6/MCU/ARM_GCC_Support/ewl/lib/armv6-m\libc.a(strlen.o)
 .comment       0x00000000       0x7a D:/CodeWarrior/CW MCU v10.6/MCU/ARM_GCC_Support/ewl/lib/armv6-m\libc.a(__buffer_io.o)
 .comment       0x00000000       0x7a D:/CodeWarrior/CW MCU v10.6/MCU/ARM_GCC_Support/ewl/lib/armv6-m\librt.a(gcc_ctor_dtor.o)
 .comment       0x00000000       0x7a D:/CodeWarrior/CW MCU v10.6/MCU/ARM_GCC_Support/ewl/lib/armv6-m\librt.a(ROMCopy.o)
 .comment       0x00000000       0x7a D:/CodeWarrior/CW MCU v10.6/MCU/ARM_GCC_Support/ewl/lib/armv6-m\librt.a(__arm_eabi_init.o)

.debug_frame    0x00000000     0x106c
 .debug_frame   0x00000000       0x94 ./Generated_Code/out_I2C.o
 .debug_frame   0x00000094       0x8c ./Generated_Code/WAIT1.o
 .debug_frame   0x00000120       0x70 ./Generated_Code/TU1.o
 .debug_frame   0x00000190       0x70 ./Generated_Code/PE_LDD.o
 .debug_frame   0x00000200       0x98 ./Generated_Code/IO1.o
 .debug_frame   0x00000298       0xf4 ./Generated_Code/I2C2.o
 .debug_frame   0x0000038c       0x70 ./Generated_Code/CsIO1.o
 .debug_frame   0x000003fc       0x9c ./Generated_Code/Cpu.o
 .debug_frame   0x00000498       0xb0 ./Generated_Code/BitIoLdd2.o
 .debug_frame   0x00000548       0xb0 ./Generated_Code/BitIoLdd1.o
 .debug_frame   0x000005f8      0x130 ./Generated_Code/AdcLdd1.o
 .debug_frame   0x00000728       0xe4 ./Generated_Code/AD1.o
 .debug_frame   0x0000080c       0x4c ./Project_Settings/Startup_Code/__arm_start.o
 .debug_frame   0x00000858       0x30 ./Project_Settings/Startup_Code/__arm_end.o
 .debug_frame   0x00000888       0x84 ./Sources/mma8453.o
 .debug_frame   0x0000090c       0x2c ./Sources/ProcessorExpert.o
 .debug_frame   0x00000938       0x48 ./Sources/LTC2945.o
 .debug_frame   0x00000980      0x1a4 ./Sources/Events.o
 .debug_frame   0x00000b24       0x90 ./Sources/AS5040.o
 .debug_frame   0x00000bb4       0x34 D:/CodeWarrior/CW MCU v10.6/MCU/ARM_GCC_Support/ewl/lib/armv6-m\libc.a(printf.o)
 .debug_frame   0x00000be8       0x28 D:/CodeWarrior/CW MCU v10.6/MCU/ARM_GCC_Support/ewl/lib/armv6-m\libc.a(putchar.o)
 .debug_frame   0x00000c10       0x2c D:/CodeWarrior/CW MCU v10.6/MCU/ARM_GCC_Support/ewl/lib/armv6-m\libc.a(exit.o)
 .debug_frame   0x00000c3c       0x28 D:/CodeWarrior/CW MCU v10.6/MCU/ARM_GCC_Support/ewl/lib/armv6-m\libc.a(memset.o)
 .debug_frame   0x00000c64       0x54 D:/CodeWarrior/CW MCU v10.6/MCU/ARM_GCC_Support/ewl/lib/armv6-m\libc.a(printformat_.o)
 .debug_frame   0x00000cb8       0x2c D:/CodeWarrior/CW MCU v10.6/MCU/ARM_GCC_Support/ewl/lib/armv6-m\libc.a(__putchar.o)
 .debug_frame   0x00000ce4       0x48 D:/CodeWarrior/CW MCU v10.6/MCU/ARM_GCC_Support/ewl/lib/armv6-m\libc.a(ansi_files.o)
 .debug_frame   0x00000d2c       0x64 D:/CodeWarrior/CW MCU v10.6/MCU/ARM_GCC_Support/ewl/lib/armv6-m\libc.a(fwrite.o)
 .debug_frame   0x00000d90       0x2c D:/CodeWarrior/CW MCU v10.6/MCU/ARM_GCC_Support/ewl/lib/armv6-m\libc.a(__filll_mem.o)
 .debug_frame   0x00000dbc       0x28 D:/CodeWarrior/CW MCU v10.6/MCU/ARM_GCC_Support/ewl/lib/armv6-m\libc.a(__memrchr.o)
 .debug_frame   0x00000de4       0x28 D:/CodeWarrior/CW MCU v10.6/MCU/ARM_GCC_Support/ewl/lib/armv6-m\libc.a(memchr.o)
 .debug_frame   0x00000e0c       0x28 D:/CodeWarrior/CW MCU v10.6/MCU/ARM_GCC_Support/ewl/lib/armv6-m\libc.a(memcpy.o)
 .debug_frame   0x00000e34       0x28 D:/CodeWarrior/CW MCU v10.6/MCU/ARM_GCC_Support/ewl/lib/armv6-m\libc.a(strchr.o)
 .debug_frame   0x00000e5c       0x28 D:/CodeWarrior/CW MCU v10.6/MCU/ARM_GCC_Support/ewl/lib/armv6-m\libc.a(strlen.o)
 .debug_frame   0x00000e84       0x58 D:/CodeWarrior/CW MCU v10.6/MCU/ARM_GCC_Support/ewl/lib/armv6-m\libc.a(__buffer_io.o)
 .debug_frame   0x00000edc       0x20 d:/codewarrior/cw mcu v10.6/cross_tools/arm-none-eabi-gcc-4_7_3/bin/../lib/gcc/arm-none-eabi/4.7.3/armv6-m\libgcc.a(_udivsi3.o)
 .debug_frame   0x00000efc       0x20 d:/codewarrior/cw mcu v10.6/cross_tools/arm-none-eabi-gcc-4_7_3/bin/../lib/gcc/arm-none-eabi/4.7.3/armv6-m\libgcc.a(_divsi3.o)
 .debug_frame   0x00000f1c       0x40 D:/CodeWarrior/CW MCU v10.6/MCU/ARM_GCC_Support/ewl/lib/armv6-m\librt.a(gcc_ctor_dtor.o)
 .debug_frame   0x00000f5c       0x54 D:/CodeWarrior/CW MCU v10.6/MCU/ARM_GCC_Support/ewl/lib/armv6-m\librt.a(ROMCopy.o)
 .debug_frame   0x00000fb0       0xbc D:/CodeWarrior/CW MCU v10.6/MCU/ARM_GCC_Support/ewl/lib/armv6-m\librt.a(__arm_eabi_init.o)
